<html>
<body>
<pre>
<h1>µVision Build Log</h1>
<h2>Tool Versions:</h2>
IDE-Version: µVision V5.38.0.0
Copyright (C) 2022 ARM Ltd and ARM Germany GmbH. All rights reserved.
License Information: Jake Greenbaum, Student, LIC=----
 
Tool Versions:
Toolchain:       MDK-Lite  Version: 5.38.0.0
Toolchain Path:  C:\Keil_v5\ARM\ARMCLANG\Bin
C Compiler:      ArmClang.exe V6.19
Assembler:       Armasm.exe V6.19
Linker/Locator:  ArmLink.exe V6.19
Library Manager: ArmAr.exe V6.19
Hex Converter:   FromElf.exe V6.19
CPU DLL:         SARMCM3.DLL V5.38.0.0
Dialog DLL:      DCM.DLL V1.17.5.0
Target DLL:      STLink\ST-LINKIII-KEIL_SWO.dll V3.1.0.0
Dialog DLL:      TCM.DLL V1.56.4.0
 
<h2>Project:</h2>
C:\Users\jakeg\OneDrive\Documents\153b\final_project\project.uvprojx
Project File Date:  03/17/2023

<h2>Output:</h2>
*** Using Compiler 'V6.19', folder: 'C:\Keil_v5\ARM\ARMCLANG\Bin'
Rebuild target 'Target 1'
assembling startup_stm32l476xx.s...
src/servoFunctionality.c(1): warning: In file included from...
src/servoFunctionality.h(4): warning: In file included from...
src/stm32l476xx.h(12): warning: invalid UTF-8 in comment [-Winvalid-utf8]
  *           - Macros to access peripheral<92>s registers hardware
                                           ^
src/servoFunctionality.c(1): warning: In file included from...
src/servoFunctionality.h(6): warning: a function declaration without a prototype is deprecated in all versions of C [-Wstrict-prototypes]
void SERVO_Pin_Init();
                   ^
                    void
src/servoFunctionality.h(8): warning: a function declaration without a prototype is deprecated in all versions of C [-Wstrict-prototypes]
void TIM5_CH1_Init();
                  ^
                   void
src/servoFunctionality.h(10): warning: a function declaration without a prototype is deprecated in all versions of C [-Wstrict-prototypes]
void Servo_Move_Left_90_Degree();
                              ^
                               void
src/servoFunctionality.h(12): warning: a function declaration without a prototype is deprecated in all versions of C [-Wstrict-prototypes]
void Servo_Move_Center();
                      ^
                       void
src/servoFunctionality.h(14): warning: a function declaration without a prototype is deprecated in all versions of C [-Wstrict-prototypes]
void Servo_Move_Right_90_Degree();
                               ^
                                void
src/servoFunctionality.h(16): warning: no newline at end of file [-Wnewline-eof]
#endif
      ^
src/servoFunctionality.c(3): warning: a function declaration without a prototype is deprecated in all versions of C [-Wstrict-prototypes]
void SERVO_Pin_Init(){
                   ^
                    void
src/servoFunctionality.c(3): warning: no previous prototype for function 'SERVO_Pin_Init' [-Wmissing-prototypes]
void SERVO_Pin_Init(){
     ^
src/servoFunctionality.h(6): note: this declaration is not a prototype; add 'void' to make it a prototype for a zero-parameter function
void SERVO_Pin_Init();
     ^
                    void
src/servoFunctionality.c(15): warning: a function declaration without a prototype is deprecated in all versions of C [-Wstrict-prototypes]
void TIM5_CH1_Init(){
                  ^
                   void
src/servoFunctionality.c(15): warning: no previous prototype for function 'TIM5_CH1_Init' [-Wmissing-prototypes]
void TIM5_CH1_Init(){
     ^
src/servoFunctionality.h(8): note: this declaration is not a prototype; add 'void' to make it a prototype for a zero-parameter function
void TIM5_CH1_Init();
     ^
                   void
src/servoFunctionality.c(34): warning: a function declaration without a prototype is deprecated in all versions of C [-Wstrict-prototypes]
void Servo_Move_Left_90_Degree(){
                              ^
                               void
src/servoFunctionality.c(34): warning: no previous prototype for function 'Servo_Move_Left_90_Degree' [-Wmissing-prototypes]
void Servo_Move_Left_90_Degree(){
     ^
src/servoFunctionality.h(10): note: this declaration is not a prototype; add 'void' to make it a prototype for a zero-parameter function
void Servo_Move_Left_90_Degree();
     ^
                               void
src/servoFunctionality.c(39): warning: a function declaration without a prototype is deprecated in all versions of C [-Wstrict-prototypes]
void Servo_Move_Center(){
                      ^
                       void
src/servoFunctionality.c(39): warning: no previous prototype for function 'Servo_Move_Center' [-Wmissing-prototypes]
void Servo_Move_Center(){
     ^
src/servoFunctionality.h(12): note: this declaration is not a prototype; add 'void' to make it a prototype for a zero-parameter function
void Servo_Move_Center();
     ^
                       void
src/servoFunctionality.c(44): warning: a function declaration without a prototype is deprecated in all versions of C [-Wstrict-prototypes]
void Servo_Move_Right_90_Degree(){
                               ^
                                void
src/servoFunctionality.c(47): warning: no newline at end of file [-Wnewline-eof]
}
 ^
src/servoFunctionality.c(44): warning: no previous prototype for function 'Servo_Move_Right_90_Degree' [-Wmissing-prototypes]
void Servo_Move_Right_90_Degree(){
     ^
src/servoFunctionality.h(14): note: this declaration is not a prototype; add 'void' to make it a prototype for a zero-parameter function
void Servo_Move_Right_90_Degree();
     ^
                                void
18 warnings generated.
compiling servoFunctionality.c...
src/SysClock.c(1): warning: In file included from...
src/SysClock.h(4): warning: In file included from...
src/stm32l476xx.h(12): warning: invalid UTF-8 in comment [-Winvalid-utf8]
  *           - Macros to access peripheral<92>s registers hardware
                                           ^
1 warning generated.
compiling SysClock.c...
src/main.c(9): warning: In file included from...
src/stm32l476xx.h(12): warning: invalid UTF-8 in comment [-Winvalid-utf8]
  *           - Macros to access peripheral<92>s registers hardware
                                           ^
src/main.c(13): warning: In file included from...
src/servoFunctionality.h(6): warning: a function declaration without a prototype is deprecated in all versions of C [-Wstrict-prototypes]
void SERVO_Pin_Init();
                   ^
                    void
src/servoFunctionality.h(8): warning: a function declaration without a prototype is deprecated in all versions of C [-Wstrict-prototypes]
void TIM5_CH1_Init();
                  ^
                   void
src/servoFunctionality.h(10): warning: a function declaration without a prototype is deprecated in all versions of C [-Wstrict-prototypes]
void Servo_Move_Left_90_Degree();
                              ^
                               void
src/servoFunctionality.h(12): warning: a function declaration without a prototype is deprecated in all versions of C [-Wstrict-prototypes]
void Servo_Move_Center();
                      ^
                       void
src/servoFunctionality.h(14): warning: a function declaration without a prototype is deprecated in all versions of C [-Wstrict-prototypes]
void Servo_Move_Right_90_Degree();
                               ^
                                void
src/servoFunctionality.h(16): warning: no newline at end of file [-Wnewline-eof]
#endif
      ^
src/main.c(14): warning: In file included from...
src/rtcFunctionality.h(13): warning: a function declaration without a prototype is deprecated in all versions of C [-Wstrict-prototypes]
void DisableAlarmA_EnableAlarmB();
                               ^
                                void
src/rtcFunctionality.h(15): warning: a function declaration without a prototype is deprecated in all versions of C [-Wstrict-prototypes]
void DisableAlarmB_EnableAlarmA();
                               ^
                                void
src/rtcFunctionality.h(17): warning: no newline at end of file [-Wnewline-eof]
#endif
      ^
10 warnings generated.
compiling main.c...
src/RTC.c(1): warning: In file included from...
src/RTC.h(4): warning: In file included from...
src/stm32l476xx.h(12): warning: invalid UTF-8 in comment [-Winvalid-utf8]
  *           - Macros to access peripheral<92>s registers hardware
                                           ^
src/RTC.c(31): warning: no previous prototype for function 'RTC_BAK_SetRegister' [-Wmissing-prototypes]
void RTC_BAK_SetRegister(uint32_t BackupRegister, uint32_t Data) {
     ^
src/RTC.c(31): note: declare 'static' if the function is not intended to be used outside of this translation unit
void RTC_BAK_SetRegister(uint32_t BackupRegister, uint32_t Data) {
^
static 
src/RTC.c(98): warning: mixing declarations and code is incompatible with standards before C99 [-Wdeclaration-after-statement]
        uint32_t dayTens = Day / 10;
                 ^
src/RTC.c(114): warning: mixing declarations and code is incompatible with standards before C99 [-Wdeclaration-after-statement]
        uint32_t hourTens = Hour / 10;
                 ^
4 warnings generated.
compiling RTC.c...
src/EXTI.c(1): warning: In file included from...
src/EXTI.h(4): warning: In file included from...
src/stm32l476xx.h(12): warning: invalid UTF-8 in comment [-Winvalid-utf8]
  *           - Macros to access peripheral<92>s registers hardware
                                           ^
src/EXTI.c(30): warning: no previous prototype for function 'EXTI1_IRQHandler' [-Wmissing-prototypes]
void EXTI1_IRQHandler(void) {
     ^
src/EXTI.c(30): note: declare 'static' if the function is not intended to be used outside of this translation unit
void EXTI1_IRQHandler(void) {
^
static 
2 warnings generated.
compiling EXTI.c...
src/rtcFunctionality.c(1): warning: In file included from...
src/rtcFunctionality.h(4): warning: In file included from...
src/stm32l476xx.h(12): warning: invalid UTF-8 in comment [-Winvalid-utf8]
  *           - Macros to access peripheral<92>s registers hardware
                                           ^
src/rtcFunctionality.c(1): warning: In file included from...
src/rtcFunctionality.h(13): warning: a function declaration without a prototype is deprecated in all versions of C [-Wstrict-prototypes]
void DisableAlarmA_EnableAlarmB();
                               ^
                                void
src/rtcFunctionality.h(15): warning: a function declaration without a prototype is deprecated in all versions of C [-Wstrict-prototypes]
void DisableAlarmB_EnableAlarmA();
                               ^
                                void
src/rtcFunctionality.h(17): warning: no newline at end of file [-Wnewline-eof]
#endif
      ^
src/rtcFunctionality.c(39): warning: a function declaration without a prototype is deprecated in all versions of C [-Wstrict-prototypes]
void DisableAlarmA_EnableAlarmB() {
                               ^
                                void
src/rtcFunctionality.c(39): warning: no previous prototype for function 'DisableAlarmA_EnableAlarmB' [-Wmissing-prototypes]
void DisableAlarmA_EnableAlarmB() {
     ^
src/rtcFunctionality.h(13): note: this declaration is not a prototype; add 'void' to make it a prototype for a zero-parameter function
void DisableAlarmA_EnableAlarmB();
     ^
                                void
src/rtcFunctionality.c(51): warning: a function declaration without a prototype is deprecated in all versions of C [-Wstrict-prototypes]
void DisableAlarmB_EnableAlarmA() {
                               ^
                                void
src/rtcFunctionality.c(61): warning: no newline at end of file [-Wnewline-eof]
}
 ^
src/rtcFunctionality.c(51): warning: no previous prototype for function 'DisableAlarmB_EnableAlarmA' [-Wmissing-prototypes]
void DisableAlarmB_EnableAlarmA() {
     ^
src/rtcFunctionality.h(15): note: this declaration is not a prototype; add 'void' to make it a prototype for a zero-parameter function
void DisableAlarmB_EnableAlarmA();
     ^
                                void
9 warnings generated.
compiling rtcFunctionality.c...
src/UART.c(1): warning: In file included from...
src/UART.h(4): warning: In file included from...
src/stm32l476xx.h(12): warning: invalid UTF-8 in comment [-Winvalid-utf8]
  *           - Macros to access peripheral<92>s registers hardware
                                           ^
src/UART.c(100): warning: comparison of integers of different signs: 'int' and 'uint32_t' (aka 'unsigned int') [-Wsign-compare]
        for (i = 0; i < nBytes; i++) {
                    ~ ^ ~~~~~~
src/UART.c(130): warning: no newline at end of file [-Wnewline-eof]
}
 ^
3 warnings generated.
compiling UART.c...
src/UART_printf.c(1): warning: In file included from...
src/UART.h(4): warning: In file included from...
src/stm32l476xx.h(12): warning: invalid UTF-8 in comment [-Winvalid-utf8]
  *           - Macros to access peripheral<92>s registers hardware
                                           ^
src/UART_printf.c(14): warning: unused parameter 'f' [-Wunused-parameter]
int fputc(int ch, FILE *f) { 
                        ^
src/UART_printf.c(23): warning: unused parameter 'f' [-Wunused-parameter]
int fgetc(FILE *f) {  
                ^
3 warnings generated.
compiling UART_printf.c...
linking...
Program Size: Code=10176 RO-data=992 RW-data=0 ZI-data=1720  
FromELF: creating hex file...
".\Objects\project.axf" - 0 Error(s), 50 Warning(s).

<h2>Software Packages used:</h2>

Package Vendor: ARM
                http://www.keil.com/pack/ARM.CMSIS.5.9.0.pack
                ARM.CMSIS.5.9.0
                CMSIS (Common Microcontroller Software Interface Standard)
   * Component: CORE Version: 5.6.0

Package Vendor: Keil
                http://www.keil.com/pack/Keil.STM32L4xx_DFP.2.6.1.pack
                Keil.STM32L4xx_DFP.2.6.1
                STMicroelectronics STM32L4 Series Device Support, Drivers and Examples

<h2>Collection of Component include folders:</h2>
  ./RTE/_Target_1
  C:/Users/jakeg/AppData/Local/Arm/Packs/ARM/CMSIS/5.9.0/CMSIS/Core/Include
  C:/Users/jakeg/AppData/Local/Arm/Packs/Keil/STM32L4xx_DFP/2.6.1/Drivers/CMSIS/Device/ST/STM32L4xx/Include

<h2>Collection of Component Files used:</h2>

   * Component: ARM::CMSIS:CORE:5.6.0
Build Time Elapsed:  00:00:01
</pre>
</body>
</html>
