Component: Arm Compiler for Embedded 6.19 Tool: armlink [5e73cb00]

==============================================================================

Section Cross References

    exti.o(.text.EXTI_Init) refers to exti.o(.text.__NVIC_EnableIRQ) for __NVIC_EnableIRQ
    exti.o(.text.EXTI_Init) refers to exti.o(.text.__NVIC_SetPriority) for __NVIC_SetPriority
    exti.o(.ARM.exidx.text.EXTI_Init) refers to exti.o(.text.EXTI_Init) for [Anonymous Symbol]
    exti.o(.ARM.exidx.text.__NVIC_EnableIRQ) refers to exti.o(.text.__NVIC_EnableIRQ) for [Anonymous Symbol]
    exti.o(.ARM.exidx.text.__NVIC_SetPriority) refers to exti.o(.text.__NVIC_SetPriority) for [Anonymous Symbol]
    exti.o(.text.EXTI1_IRQHandler) refers to exti.o(.text.__NVIC_ClearPendingIRQ) for __NVIC_ClearPendingIRQ
    exti.o(.text.EXTI1_IRQHandler) refers to exti.o(.bss.isAuthorized) for isAuthorized
    exti.o(.ARM.exidx.text.EXTI1_IRQHandler) refers to exti.o(.text.EXTI1_IRQHandler) for [Anonymous Symbol]
    exti.o(.ARM.exidx.text.__NVIC_ClearPendingIRQ) refers to exti.o(.text.__NVIC_ClearPendingIRQ) for [Anonymous Symbol]
    main.o(.text.main) refers to sysclock.o(.text.System_Clock_Init) for System_Clock_Init
    main.o(.text.main) refers to rtc.o(.text.RTC_Init) for RTC_Init
    main.o(.text.main) refers to rtcfunctionality.o(.text.RTC_Alarm_Enable) for RTC_Alarm_Enable
    main.o(.text.main) refers to rtcfunctionality.o(.text.RTC_Set_Alarm) for RTC_Set_Alarm
    main.o(.text.main) refers to uart.o(.text.Init_USARTx) for Init_USARTx
    main.o(.text.main) refers to servofunctionality.o(.text.SERVO_Pin_Init) for SERVO_Pin_Init
    main.o(.text.main) refers to servofunctionality.o(.text.TIM5_CH1_Init) for TIM5_CH1_Init
    main.o(.text.main) refers to exti.o(.text.EXTI_Init) for EXTI_Init
    main.o(.text.main) refers to main.o(.rodata.str1.1) for .L.str
    main.o(.text.main) refers to printf.o(.text) for printf
    main.o(.text.main) refers to exti.o(.bss.isAuthorized) for isAuthorized
    main.o(.ARM.exidx.text.main) refers to main.o(.text.main) for [Anonymous Symbol]
    rtc.o(.ARM.exidx.text.RTC_BAK_SetRegister) refers to rtc.o(.text.RTC_BAK_SetRegister) for [Anonymous Symbol]
    rtc.o(.text.RTC_Init) refers to rtc.o(.text.RTC_Clock_Init) for RTC_Clock_Init
    rtc.o(.text.RTC_Init) refers to rtc.o(.text.RTC_Disable_Write_Protection) for RTC_Disable_Write_Protection
    rtc.o(.text.RTC_Init) refers to rtc.o(.text.RTC_Set_Calendar_Date) for RTC_Set_Calendar_Date
    rtc.o(.text.RTC_Init) refers to rtc.o(.text.RTC_Set_Time) for RTC_Set_Time
    rtc.o(.text.RTC_Init) refers to rtc.o(.text.RTC_Enable_Write_Protection) for RTC_Enable_Write_Protection
    rtc.o(.text.RTC_Init) refers to rtc.o(.text.RTC_BAK_SetRegister) for RTC_BAK_SetRegister
    rtc.o(.ARM.exidx.text.RTC_Init) refers to rtc.o(.text.RTC_Init) for [Anonymous Symbol]
    rtc.o(.ARM.exidx.text.RTC_Clock_Init) refers to rtc.o(.text.RTC_Clock_Init) for [Anonymous Symbol]
    rtc.o(.ARM.exidx.text.RTC_Disable_Write_Protection) refers to rtc.o(.text.RTC_Disable_Write_Protection) for [Anonymous Symbol]
    rtc.o(.ARM.exidx.text.RTC_Set_Calendar_Date) refers to rtc.o(.text.RTC_Set_Calendar_Date) for [Anonymous Symbol]
    rtc.o(.ARM.exidx.text.RTC_Set_Time) refers to rtc.o(.text.RTC_Set_Time) for [Anonymous Symbol]
    rtc.o(.ARM.exidx.text.RTC_Enable_Write_Protection) refers to rtc.o(.text.RTC_Enable_Write_Protection) for [Anonymous Symbol]
    rtc.o(.ARM.exidx.text.RTC_TIME_GetHour) refers to rtc.o(.text.RTC_TIME_GetHour) for [Anonymous Symbol]
    rtc.o(.ARM.exidx.text.RTC_TIME_GetMinute) refers to rtc.o(.text.RTC_TIME_GetMinute) for [Anonymous Symbol]
    rtc.o(.ARM.exidx.text.RTC_TIME_GetSecond) refers to rtc.o(.text.RTC_TIME_GetSecond) for [Anonymous Symbol]
    rtc.o(.ARM.exidx.text.RTC_DATE_GetMonth) refers to rtc.o(.text.RTC_DATE_GetMonth) for [Anonymous Symbol]
    rtc.o(.ARM.exidx.text.RTC_DATE_GetDay) refers to rtc.o(.text.RTC_DATE_GetDay) for [Anonymous Symbol]
    rtc.o(.ARM.exidx.text.RTC_DATE_GetYear) refers to rtc.o(.text.RTC_DATE_GetYear) for [Anonymous Symbol]
    rtc.o(.ARM.exidx.text.RTC_DATE_GetWeekDay) refers to rtc.o(.text.RTC_DATE_GetWeekDay) for [Anonymous Symbol]
    rtc.o(.text.Get_RTC_Calendar) refers to rtc.o(.text.RTC_TIME_GetHour) for RTC_TIME_GetHour
    rtc.o(.text.Get_RTC_Calendar) refers to rtc.o(.text.RTC_TIME_GetMinute) for RTC_TIME_GetMinute
    rtc.o(.text.Get_RTC_Calendar) refers to rtc.o(.text.RTC_TIME_GetSecond) for RTC_TIME_GetSecond
    rtc.o(.text.Get_RTC_Calendar) refers to rtc.o(.rodata.str1.1) for .L.str
    rtc.o(.text.Get_RTC_Calendar) refers to sprintf.o(.text) for sprintf
    rtc.o(.text.Get_RTC_Calendar) refers to rtc.o(.text.RTC_DATE_GetMonth) for RTC_DATE_GetMonth
    rtc.o(.text.Get_RTC_Calendar) refers to rtc.o(.text.RTC_DATE_GetDay) for RTC_DATE_GetDay
    rtc.o(.text.Get_RTC_Calendar) refers to rtc.o(.text.RTC_DATE_GetYear) for RTC_DATE_GetYear
[...]
    ../clib/printf.c                         0x00000000   Number         0  _printf_hex_int.o ABSOLUTE
    ../clib/printf.c                         0x00000000   Number         0  _printf_hex_int_ll.o ABSOLUTE
    ../clib/printf.c                         0x00000000   Number         0  _printf_hex_ptr.o ABSOLUTE
    ../clib/printf.c                         0x00000000   Number         0  _printf_hex_int_ptr.o ABSOLUTE
    ../clib/printf.c                         0x00000000   Number         0  _printf_hex_ll_ptr.o ABSOLUTE
    ../clib/printf.c                         0x00000000   Number         0  _printf_hex_int_ll_ptr.o ABSOLUTE
    ../clib/printf.c                         0x00000000   Number         0  __printf_flags.o ABSOLUTE
    ../clib/printf.c                         0x00000000   Number         0  __printf_ss.o ABSOLUTE
    ../clib/printf.c                         0x00000000   Number         0  __printf_flags_ss.o ABSOLUTE
    ../clib/printf.c                         0x00000000   Number         0  __printf_wp.o ABSOLUTE
    ../clib/printf.c                         0x00000000   Number         0  __printf_flags_wp.o ABSOLUTE
    ../clib/printf.c                         0x00000000   Number         0  __printf_ss_wp.o ABSOLUTE
    ../clib/printf.c                         0x00000000   Number         0  __printf_flags_ss_wp.o ABSOLUTE
    ../clib/printf.c                         0x00000000   Number         0  _printf_intcommon.o ABSOLUTE
    ../clib/printf.c                         0x00000000   Number         0  _printf_fp_dec.o ABSOLUTE
    ../clib/printf.c                         0x00000000   Number         0  _printf_fp_dec_accurate.o ABSOLUTE
    ../clib/printf.c                         0x00000000   Number         0  _printf_fp_hex.o ABSOLUTE
    ../clib/printf.c                         0x00000000   Number         0  __printf_nopercent.o ABSOLUTE
    ../clib/printf.c                         0x00000000   Number         0  _printf_char.o ABSOLUTE
    ../clib/printf.c                         0x00000000   Number         0  _printf_wchar.o ABSOLUTE
    ../clib/printf.c                         0x00000000   Number         0  _printf_fp_infnan.o ABSOLUTE
    ../clib/printf_percent.s                 0x00000000   Number         0  _printf_c.o ABSOLUTE
    ../clib/printf_percent.s                 0x00000000   Number         0  _printf_s.o ABSOLUTE
    ../clib/printf_percent.s                 0x00000000   Number         0  _printf_n.o ABSOLUTE
    ../clib/printf_percent.s                 0x00000000   Number         0  _printf_x.o ABSOLUTE
    ../clib/printf_percent.s                 0x00000000   Number         0  _printf_p.o ABSOLUTE
    ../clib/printf_percent.s                 0x00000000   Number         0  _printf_o.o ABSOLUTE
    ../clib/printf_percent.s                 0x00000000   Number         0  _printf_i.o ABSOLUTE
    ../clib/printf_percent.s                 0x00000000   Number         0  _printf_d.o ABSOLUTE
    ../clib/printf_percent.s                 0x00000000   Number         0  _printf_u.o ABSOLUTE
    ../clib/printf_percent.s                 0x00000000   Number         0  _printf_f.o ABSOLUTE
    ../clib/printf_percent.s                 0x00000000   Number         0  _printf_e.o ABSOLUTE
    ../clib/printf_percent.s                 0x00000000   Number         0  _printf_g.o ABSOLUTE
    ../clib/printf_percent.s                 0x00000000   Number         0  _printf_a.o ABSOLUTE
    ../clib/printf_percent.s                 0x00000000   Number         0  _printf_percent.o ABSOLUTE
    ../clib/printf_percent.s                 0x00000000   Number         0  _printf_lli.o ABSOLUTE
    ../clib/printf_percent.s                 0x00000000   Number         0  _printf_lld.o ABSOLUTE
    ../clib/printf_percent.s                 0x00000000   Number         0  _printf_llu.o ABSOLUTE
    ../clib/printf_percent.s                 0x00000000   Number         0  _printf_ll.o ABSOLUTE
    ../clib/printf_percent.s                 0x00000000   Number         0  _printf_l.o ABSOLUTE
    ../clib/printf_percent.s                 0x00000000   Number         0  _printf_lc.o ABSOLUTE
    ../clib/printf_percent.s                 0x00000000   Number         0  _printf_ls.o ABSOLUTE
    ../clib/printf_percent.s                 0x00000000   Number         0  _printf_llo.o ABSOLUTE
    ../clib/printf_percent.s                 0x00000000   Number         0  _printf_llx.o ABSOLUTE
    ../clib/printf_percent.s                 0x00000000   Number         0  _printf_percent_end.o ABSOLUTE
    ../clib/signal.c                         0x00000000   Number         0  defsig_rtmem_outer.o ABSOLUTE
    ../clib/signal.c                         0x00000000   Number         0  defsig_rtmem_formal.o ABSOLUTE
    ../clib/signal.c                         0x00000000   Number         0  defsig_exit.o ABSOLUTE
    ../clib/signal.c                         0x00000000   Number         0  defsig_rtmem_inner.o ABSOLUTE
    ../clib/signal.c                         0x00000000   Number         0  __raise.o ABSOLUTE
    ../clib/signal.c                         0x00000000   Number         0  defsig_general.o ABSOLUTE
    ../clib/signal.c                         0x00000000   Number         0  defsig_abrt_inner.o ABSOLUTE
    ../clib/signal.c                         0x00000000   Number         0  defsig_fpe_inner.o ABSOLUTE
    ../clib/signal.c                         0x00000000   Number         0  defsig_rtred_inner.o ABSOLUTE
    ../clib/signal.c                         0x00000000   Number         0  defsig_stak_inner.o ABSOLUTE
    ../clib/signal.c                         0x00000000   Number         0  defsig_pvfn_inner.o ABSOLUTE
    ../clib/signal.c                         0x00000000   Number         0  defsig_cppl_inner.o ABSOLUTE
    ../clib/signal.c                         0x00000000   Number         0  defsig_segv_inner.o ABSOLUTE
    ../clib/signal.c                         0x00000000   Number         0  defsig_other.o ABSOLUTE
    ../clib/signal.s                         0x00000000   Number         0  defsig.o ABSOLUTE
    ../clib/stdio.c                          0x00000000   Number         0  ferror.o ABSOLUTE
    ../clib/stdio.c                          0x00000000   Number         0  ferror_locked.o ABSOLUTE
    ../clib/stdlib.c                         0x00000000   Number         0  exit.o ABSOLUTE
    ../fplib/fpinit.s                        0x00000000   Number         0  fpinit.o ABSOLUTE
    ../fplib/istatus.s                       0x00000000   Number         0  istatus.o ABSOLUTE
    ../fplib/printf1.s                       0x00000000   Number         0  printf1.o ABSOLUTE
    ../fplib/printf2.s                       0x00000000   Number         0  printf2.o ABSOLUTE
    ../fplib/printf2a.s                      0x00000000   Number         0  printf2a.o ABSOLUTE
    ../fplib/printf2b.s                      0x00000000   Number         0  printf2b.o ABSOLUTE
    ../fplib/usenofp.s                       0x00000000   Number         0  usenofp.o ABSOLUTE
    ../mathlib/fpclassify.c                  0x00000000   Number         0  fpclassify.o ABSOLUTE
    EXTI.c                                   0x00000000   Number         0  exti.o ABSOLUTE
    RTC.c                                    0x00000000   Number         0  rtc.o ABSOLUTE
    SysClock.c                               0x00000000   Number         0  sysclock.o ABSOLUTE
    UART.c                                   0x00000000   Number         0  uart.o ABSOLUTE
    UART_printf.c                            0x00000000   Number         0  uart_printf.o ABSOLUTE
    dc.s                                     0x00000000   Number         0  dc.o ABSOLUTE
    main.c                                   0x00000000   Number         0  main.o ABSOLUTE
    rtcFunctionality.c                       0x00000000   Number         0  rtcfunctionality.o ABSOLUTE
    servoFunctionality.c                     0x00000000   Number         0  servofunctionality.o ABSOLUTE
    src/startup_stm32l476xx.s                0x00000000   Number         0  startup_stm32l476xx.o ABSOLUTE
    RESET                                    0x08000000   Section      392  startup_stm32l476xx.o(RESET)
    !!!main                                  0x08000188   Section        8  __main.o(!!!main)
    !!!scatter                               0x08000190   Section       52  __scatter.o(!!!scatter)
    !!handler_zi                             0x080001c4   Section       28  __scatter_zi.o(!!handler_zi)
    .ARM.Collect$$_printf_percent$$00000000  0x080001e0   Section        0  _printf_percent.o(.ARM.Collect$$_printf_percent$$00000000)
    .ARM.Collect$$_printf_percent$$00000001  0x080001e0   Section        6  _printf_n.o(.ARM.Collect$$_printf_percent$$00000001)
    .ARM.Collect$$_printf_percent$$00000002  0x080001e6   Section        6  _printf_p.o(.ARM.Collect$$_printf_percent$$00000002)
    .ARM.Collect$$_printf_percent$$00000003  0x080001ec   Section        6  _printf_f.o(.ARM.Collect$$_printf_percent$$00000003)
    .ARM.Collect$$_printf_percent$$00000004  0x080001f2   Section        6  _printf_e.o(.ARM.Collect$$_printf_percent$$00000004)
    .ARM.Collect$$_printf_percent$$00000005  0x080001f8   Section        6  _printf_g.o(.ARM.Collect$$_printf_percent$$00000005)
    .ARM.Collect$$_printf_percent$$00000006  0x080001fe   Section        6  _printf_a.o(.ARM.Collect$$_printf_percent$$00000006)
    .ARM.Collect$$_printf_percent$$00000007  0x08000204   Section       10  _printf_ll.o(.ARM.Collect$$_printf_percent$$00000007)
    .ARM.Collect$$_printf_percent$$00000008  0x0800020e   Section        6  _printf_i.o(.ARM.Collect$$_printf_percent$$00000008)
    .ARM.Collect$$_printf_percent$$00000009  0x08000214   Section        6  _printf_d.o(.ARM.Collect$$_printf_percent$$00000009)
    .ARM.Collect$$_printf_percent$$0000000A  0x0800021a   Section        6  _printf_u.o(.ARM.Collect$$_printf_percent$$0000000A)
    .ARM.Collect$$_printf_percent$$0000000B  0x08000220   Section        6  _printf_o.o(.ARM.Collect$$_printf_percent$$0000000B)
    .ARM.Collect$$_printf_percent$$0000000C  0x08000226   Section        6  _printf_x.o(.ARM.Collect$$_printf_percent$$0000000C)
    .ARM.Collect$$_printf_percent$$0000000D  0x0800022c   Section        6  _printf_lli.o(.ARM.Collect$$_printf_percent$$0000000D)
    .ARM.Collect$$_printf_percent$$0000000E  0x08000232   Section        6  _printf_lld.o(.ARM.Collect$$_printf_percent$$0000000E)
    .ARM.Collect$$_printf_percent$$0000000F  0x08000238   Section        6  _printf_llu.o(.ARM.Collect$$_printf_percent$$0000000F)
    .ARM.Collect$$_printf_percent$$00000010  0x0800023e   Section        6  _printf_llo.o(.ARM.Collect$$_printf_percent$$00000010)
    .ARM.Collect$$_printf_percent$$00000011  0x08000244   Section        6  _printf_llx.o(.ARM.Collect$$_printf_percent$$00000011)
    .ARM.Collect$$_printf_percent$$00000012  0x0800024a   Section       10  _printf_l.o(.ARM.Collect$$_printf_percent$$00000012)
    .ARM.Collect$$_printf_percent$$00000013  0x08000254   Section        6  _printf_c.o(.ARM.Collect$$_printf_percent$$00000013)
    .ARM.Collect$$_printf_percent$$00000014  0x0800025a   Section        6  _printf_s.o(.ARM.Collect$$_printf_percent$$00000014)
    .ARM.Collect$$_printf_percent$$00000015  0x08000260   Section        6  _printf_lc.o(.ARM.Collect$$_printf_percent$$00000015)
    .ARM.Collect$$_printf_percent$$00000016  0x08000266   Section        6  _printf_ls.o(.ARM.Collect$$_printf_percent$$00000016)
    .ARM.Collect$$_printf_percent$$00000017  0x0800026c   Section        4  _printf_percent_end.o(.ARM.Collect$$_printf_percent$$00000017)
    .ARM.Collect$$libinit$$00000000          0x08000270   Section        2  libinit.o(.ARM.Collect$$libinit$$00000000)
    .ARM.Collect$$libinit$$00000001          0x08000272   Section        4  libinit2.o(.ARM.Collect$$libinit$$00000001)
    .ARM.Collect$$libinit$$00000004          0x08000276   Section        0  libinit2.o(.ARM.Collect$$libinit$$00000004)
    .ARM.Collect$$libinit$$00000006          0x08000276   Section        0  libinit2.o(.ARM.Collect$$libinit$$00000006)
    .ARM.Collect$$libinit$$0000000C          0x08000276   Section        0  libinit2.o(.ARM.Collect$$libinit$$0000000C)
    .ARM.Collect$$libinit$$0000000E          0x08000276   Section        0  libinit2.o(.ARM.Collect$$libinit$$0000000E)
    .ARM.Collect$$libinit$$00000010          0x08000276   Section        0  libinit2.o(.ARM.Collect$$libinit$$00000010)
    .ARM.Collect$$libinit$$00000011          0x08000276   Section        6  libinit2.o(.ARM.Collect$$libinit$$00000011)
    .ARM.Collect$$libinit$$00000013          0x0800027c   Section        0  libinit2.o(.ARM.Collect$$libinit$$00000013)
    .ARM.Collect$$libinit$$00000014          0x0800027c   Section       12  libinit2.o(.ARM.Collect$$libinit$$00000014)
    .ARM.Collect$$libinit$$00000015          0x08000288   Section        0  libinit2.o(.ARM.Collect$$libinit$$00000015)
    .ARM.Collect$$libinit$$00000017          0x08000288   Section        0  libinit2.o(.ARM.Collect$$libinit$$00000017)
    .ARM.Collect$$libinit$$00000018          0x08000288   Section       10  libinit2.o(.ARM.Collect$$libinit$$00000018)
    .ARM.Collect$$libinit$$00000019          0x08000292   Section        0  libinit2.o(.ARM.Collect$$libinit$$00000019)
    .ARM.Collect$$libinit$$0000001B          0x08000292   Section        0  libinit2.o(.ARM.Collect$$libinit$$0000001B)
    .ARM.Collect$$libinit$$0000001D          0x08000292   Section        0  libinit2.o(.ARM.Collect$$libinit$$0000001D)
    .ARM.Collect$$libinit$$0000001F          0x08000292   Section        0  libinit2.o(.ARM.Collect$$libinit$$0000001F)
    .ARM.Collect$$libinit$$00000021          0x08000292   Section        0  libinit2.o(.ARM.Collect$$libinit$$00000021)
    .ARM.Collect$$libinit$$00000023          0x08000292   Section        0  libinit2.o(.ARM.Collect$$libinit$$00000023)
    .ARM.Collect$$libinit$$00000025          0x08000292   Section        0  libinit2.o(.ARM.Collect$$libinit$$00000025)
    .ARM.Collect$$libinit$$00000027          0x08000292   Section        0  libinit2.o(.ARM.Collect$$libinit$$00000027)
    .ARM.Collect$$libinit$$0000002E          0x08000292   Section        0  libinit2.o(.ARM.Collect$$libinit$$0000002E)
    .ARM.Collect$$libinit$$00000030          0x08000292   Section        0  libinit2.o(.ARM.Collect$$libinit$$00000030)
    .ARM.Collect$$libinit$$00000032          0x08000292   Section        0  libinit2.o(.ARM.Collect$$libinit$$00000032)
    .ARM.Collect$$libinit$$00000034          0x08000292   Section        0  libinit2.o(.ARM.Collect$$libinit$$00000034)
    .ARM.Collect$$libinit$$00000035          0x08000292   Section        2  libinit2.o(.ARM.Collect$$libinit$$00000035)
    .ARM.Collect$$libshutdown$$00000000      0x08000294   Section        2  libshutdown.o(.ARM.Collect$$libshutdown$$00000000)
    .ARM.Collect$$libshutdown$$00000002      0x08000296   Section        0  libshutdown2.o(.ARM.Collect$$libshutdown$$00000002)
    .ARM.Collect$$libshutdown$$00000004      0x08000296   Section        0  libshutdown2.o(.ARM.Collect$$libshutdown$$00000004)
    .ARM.Collect$$libshutdown$$00000007      0x08000296   Section        0  libshutdown2.o(.ARM.Collect$$libshutdown$$00000007)
    .ARM.Collect$$libshutdown$$0000000A      0x08000296   Section        0  libshutdown2.o(.ARM.Collect$$libshutdown$$0000000A)
    .ARM.Collect$$libshutdown$$0000000C      0x08000296   Section        0  libshutdown2.o(.ARM.Collect$$libshutdown$$0000000C)
    .ARM.Collect$$libshutdown$$0000000F      0x08000296   Section        0  libshutdown2.o(.ARM.Collect$$libshutdown$$0000000F)
    .ARM.Collect$$libshutdown$$00000010      0x08000296   Section        2  libshutdown2.o(.ARM.Collect$$libshutdown$$00000010)
    .ARM.Collect$$rtentry$$00000000          0x08000298   Section        0  __rtentry.o(.ARM.Collect$$rtentry$$00000000)
    .ARM.Collect$$rtentry$$00000002          0x08000298   Section        0  __rtentry2.o(.ARM.Collect$$rtentry$$00000002)
    .ARM.Collect$$rtentry$$00000004          0x08000298   Section        6  __rtentry4.o(.ARM.Collect$$rtentry$$00000004)
    .ARM.Collect$$rtentry$$00000009          0x0800029e   Section        0  __rtentry2.o(.ARM.Collect$$rtentry$$00000009)
    .ARM.Collect$$rtentry$$0000000A          0x0800029e   Section        4  __rtentry2.o(.ARM.Collect$$rtentry$$0000000A)
    .ARM.Collect$$rtentry$$0000000C          0x080002a2   Section        0  __rtentry2.o(.ARM.Collect$$rtentry$$0000000C)
    .ARM.Collect$$rtentry$$0000000D          0x080002a2   Section        8  __rtentry2.o(.ARM.Collect$$rtentry$$0000000D)
    .ARM.Collect$$rtexit$$00000000           0x080002aa   Section        2  rtexit.o(.ARM.Collect$$rtexit$$00000000)
    .ARM.Collect$$rtexit$$00000002           0x080002ac   Section        0  rtexit2.o(.ARM.Collect$$rtexit$$00000002)
    .ARM.Collect$$rtexit$$00000003           0x080002ac   Section        4  rtexit2.o(.ARM.Collect$$rtexit$$00000003)
    .ARM.Collect$$rtexit$$00000004           0x080002b0   Section        6  rtexit2.o(.ARM.Collect$$rtexit$$00000004)
    $v0                                      0x080002b8   Number         0  startup_stm32l476xx.o(.text)
    .text                                    0x080002b8   Section      140  startup_stm32l476xx.o(.text)
    .text                                    0x08000344   Section        0  printf.o(.text)
    .text                                    0x0800035c   Section        0  heapauxi.o(.text)
    .text                                    0x08000362   Section        0  _printf_pad.o(.text)
    .text                                    0x080003b0   Section        0  _printf_truncate.o(.text)
    .text                                    0x080003d4   Section        0  _printf_str.o(.text)
    .text                                    0x08000428   Section        0  _printf_dec.o(.text)
    .text                                    0x080004a0   Section        0  _printf_charcount.o(.text)
    _printf_input_char                       0x080004c9   Thumb Code    10  _printf_char_common.o(.text)
    .text                                    0x080004c8   Section        0  _printf_char_common.o(.text)
    .text                                    0x080004f8   Section        0  _printf_char_file.o(.text)
    .text                                    0x0800051c   Section        0  _printf_wctomb.o(.text)
    .text                                    0x080005e0   Section        0  _printf_longlong_dec.o(.text)
    _printf_longlong_oct_internal            0x0800065d   Thumb Code     0  _printf_oct_int_ll.o(.text)
    .text                                    0x0800065c   Section        0  _printf_oct_int_ll.o(.text)
    _printf_hex_common                       0x080006cd   Thumb Code     0  _printf_hex_int_ll_ptr.o(.text)
    .text                                    0x080006cc   Section        0  _printf_hex_int_ll_ptr.o(.text)
    .text                                    0x08000760   Section        0  __printf_flags_ss_wp.o(.text)
    .text                                    0x080008ee   Section      138  lludiv10.o(.text)
    .text                                    0x08000978   Section        0  _printf_intcommon.o(.text)
    _fp_digits                               0x08000a2b   Thumb Code   432  _printf_fp_dec.o(.text)
    .text                                    0x08000a2a   Section        0  _printf_fp_dec.o(.text)
    .text                                    0x08000e4c   Section        0  _printf_fp_hex.o(.text)
    .text                                    0x0800114e   Section        0  _printf_char.o(.text)
    .text                                    0x0800117a   Section        0  _printf_wchar.o(.text)
    .text                                    0x080011a6   Section        0  ferror.o(.text)
    .text                                    0x080011ae   Section        0  _c16rtomb.o(.text)
    .text                                    0x080011f6   Section       74  sys_stackheap_outer.o(.text)
    .text                                    0x08001240   Section       16  rt_ctype_table.o(.text)
    .text                                    0x08001250   Section        8  rt_locale_intlibspace.o(.text)
    .text                                    0x08001258   Section        0  _printf_fp_infnan.o(.text)
    .text                                    0x080012d8   Section        0  bigflt0.o(.text)
    .text                                    0x080013bc   Section        0  exit.o(.text)
    .text                                    0x080013d0   Section        8  libspace.o(.text)
    .text                                    0x080013d8   Section      124  strcmpv7em.o(.text)
    .text                                    0x08001454   Section        0  sys_exit.o(.text)
    .text                                    0x08001460   Section        2  use_no_semi.o(.text)
    .text                                    0x08001462   Section        0  indicate_semi.o(.text)
    [Anonymous Symbol]                       0x08001464   Section        0  exti.o(.text.EXTI1_IRQHandler)
    [Anonymous Symbol]                       0x080014b0   Section        0  exti.o(.text.EXTI_Init)
    [Anonymous Symbol]                       0x08001524   Section        0  uart.o(.text.Init_USARTx)
    [Anonymous Symbol]                       0x08001570   Section        0  rtcfunctionality.o(.text.RTC_Alarm_Enable)
    [Anonymous Symbol]                       0x080015c8   Section        0  rtcfunctionality.o(.text.RTC_Alarm_IRQHandler)
    [Anonymous Symbol]                       0x080015f4   Section        0  rtc.o(.text.RTC_BAK_SetRegister)
    [Anonymous Symbol]                       0x0800161c   Section        0  rtc.o(.text.RTC_Clock_Init)
    [Anonymous Symbol]                       0x080016f4   Section        0  rtc.o(.text.RTC_Disable_Write_Protection)
    [Anonymous Symbol]                       0x08001708   Section        0  rtc.o(.text.RTC_Enable_Write_Protection)
    [Anonymous Symbol]                       0x08001718   Section        0  rtc.o(.text.RTC_Init)
    [Anonymous Symbol]                       0x08001798   Section        0  rtcfunctionality.o(.text.RTC_Set_Alarm)
    [Anonymous Symbol]                       0x08001838   Section        0  rtc.o(.text.RTC_Set_Calendar_Date)
    [Anonymous Symbol]                       0x080018d8   Section        0  rtc.o(.text.RTC_Set_Time)
    [Anonymous Symbol]                       0x08001978   Section        0  servofunctionality.o(.text.SERVO_Pin_Init)
    [Anonymous Symbol]                       0x080019c4   Section        0  sysclock.o(.text.System_Clock_Init)
    [Anonymous Symbol]                       0x08001b98   Section        0  servofunctionality.o(.text.TIM5_CH1_Init)
    [Anonymous Symbol]                       0x08001c48   Section        0  uart.o(.text.UART1_GPIO_Init)
    [Anonymous Symbol]                       0x08001d04   Section        0  uart.o(.text.UART1_Init)
    [Anonymous Symbol]                       0x08001d30   Section        0  uart.o(.text.UART2_GPIO_Init)
    [Anonymous Symbol]                       0x08001e04   Section        0  uart.o(.text.UART2_Init)
    [Anonymous Symbol]                       0x08001e30   Section        0  uart.o(.text.USART_Delay)
    [Anonymous Symbol]                       0x08001e64   Section        0  uart.o(.text.USART_Init)
    [Anonymous Symbol]                       0x08001ec4   Section        0  uart.o(.text.USART_Write)
    __NVIC_ClearPendingIRQ                   0x08001f29   Thumb Code    48  exti.o(.text.__NVIC_ClearPendingIRQ)
    [Anonymous Symbol]                       0x08001f28   Section        0  exti.o(.text.__NVIC_ClearPendingIRQ)
    __NVIC_EnableIRQ                         0x08001f59   Thumb Code    48  exti.o(.text.__NVIC_EnableIRQ)
    [Anonymous Symbol]                       0x08001f58   Section        0  exti.o(.text.__NVIC_EnableIRQ)
    __NVIC_EnableIRQ                         0x08001f89   Thumb Code    48  rtcfunctionality.o(.text.__NVIC_EnableIRQ)
    [Anonymous Symbol]                       0x08001f88   Section        0  rtcfunctionality.o(.text.__NVIC_EnableIRQ)
    __NVIC_SetPriority                       0x08001fb9   Thumb Code    66  exti.o(.text.__NVIC_SetPriority)
    [Anonymous Symbol]                       0x08001fb8   Section        0  exti.o(.text.__NVIC_SetPriority)
    __NVIC_SetPriority                       0x08001ffd   Thumb Code    66  rtcfunctionality.o(.text.__NVIC_SetPriority)
    [Anonymous Symbol]                       0x08001ffc   Section        0  rtcfunctionality.o(.text.__NVIC_SetPriority)
    [Anonymous Symbol]                       0x08002040   Section        0  uart_printf.o(.text.fputc)
    [Anonymous Symbol]                       0x08002068   Section        0  main.o(.text.main)
    CL$$btod_d2e                             0x080020fc   Section       62  btod.o(CL$$btod_d2e)
    CL$$btod_d2e_denorm_low                  0x0800213a   Section       70  btod.o(CL$$btod_d2e_denorm_low)
    CL$$btod_d2e_norm_op1                    0x08002180   Section       96  btod.o(CL$$btod_d2e_norm_op1)
    CL$$btod_div_common                      0x080021e0   Section      824  btod.o(CL$$btod_div_common)
    CL$$btod_e2e                             0x08002518   Section      220  btod.o(CL$$btod_e2e)
    CL$$btod_ediv                            0x080025f4   Section       42  btod.o(CL$$btod_ediv)
    CL$$btod_emul                            0x0800261e   Section       42  btod.o(CL$$btod_emul)
    CL$$btod_mult_common                     0x08002648   Section      580  btod.o(CL$$btod_mult_common)
    i.__ARM_fpclassify                       0x0800288c   Section        0  fpclassify.o(i.__ARM_fpclassify)
    i._is_digit                              0x080028bc   Section        0  __printf_wp.o(i._is_digit)
    locale$$code                             0x080028cc   Section       44  lc_numeric_c.o(locale$$code)
    locale$$code                             0x080028f8   Section       44  lc_ctype_c.o(locale$$code)
    $v0                                      0x08002924   Number         0  fpinit.o(x$fpl$fpinit)
    x$fpl$fpinit                             0x08002924   Section       26  fpinit.o(x$fpl$fpinit)
    $v0                                      0x0800293e   Number         0  printf1.o(x$fpl$printf1)
    x$fpl$printf1                            0x0800293e   Section        4  printf1.o(x$fpl$printf1)
    $v0                                      0x08002942   Number         0  printf2.o(x$fpl$printf2)
    x$fpl$printf2                            0x08002942   Section        4  printf2.o(x$fpl$printf2)
    x$fpl$usenofp                            0x08002946   Section        0  usenofp.o(x$fpl$usenofp)
    initial_mbstate                          0x08002948   Data           8  _printf_wctomb.o(.constdata)
    .constdata                               0x08002948   Section        8  _printf_wctomb.o(.constdata)
    uc_hextab                                0x08002950   Data          20  _printf_hex_int_ll_ptr.o(.constdata)
    .constdata                               0x08002950   Section       40  _printf_hex_int_ll_ptr.o(.constdata)
    lc_hextab                                0x08002964   Data          20  _printf_hex_int_ll_ptr.o(.constdata)
    maptable                                 0x08002978   Data          17  __printf_flags_ss_wp.o(.constdata)
    .constdata                               0x08002978   Section       17  __printf_flags_ss_wp.o(.constdata)
    lc_hextab                                0x08002989   Data          19  _printf_fp_hex.o(.constdata)
    .constdata                               0x08002989   Section       38  _printf_fp_hex.o(.constdata)
    uc_hextab                                0x0800299c   Data          19  _printf_fp_hex.o(.constdata)
    tenpwrs_x                                0x080029b0   Data          60  bigflt0.o(.constdata)
    .constdata                               0x080029b0   Section      148  bigflt0.o(.constdata)
    tenpwrs_i                                0x080029ec   Data          64  bigflt0.o(.constdata)
    .L.str.1                                 0x08002a44   Data           4  main.o(.rodata.str1.1)
    [Anonymous Symbol]                       0x08002a44   Section        0  main.o(.rodata.str1.1)
    .L.str.2                                 0x08002a48   Data           9  main.o(.rodata.str1.1)
    .L.str                                   0x08002a51   Data          17  main.o(.rodata.str1.1)
    locale$$data                             0x08002a74   Section       28  lc_numeric_c.o(locale$$data)
    __lcnum_c_name                           0x08002a78   Data           2  lc_numeric_c.o(locale$$data)
    __lcnum_c_start                          0x08002a80   Data           0  lc_numeric_c.o(locale$$data)
    __lcnum_c_point                          0x08002a8c   Data           0  lc_numeric_c.o(locale$$data)
    __lcnum_c_thousands                      0x08002a8e   Data           0  lc_numeric_c.o(locale$$data)
    __lcnum_c_grouping                       0x08002a8f   Data           0  lc_numeric_c.o(locale$$data)
    __lcnum_c_end                            0x08002a90   Data           0  lc_numeric_c.o(locale$$data)
    locale$$data                             0x08002a90   Section      272  lc_ctype_c.o(locale$$data)
    __lcctype_c_name                         0x08002a94   Data           2  lc_ctype_c.o(locale$$data)
    __lcctype_c_start                        0x08002a9c   Data           0  lc_ctype_c.o(locale$$data)
    __lcctype_c_end                          0x08002ba0   Data           0  lc_ctype_c.o(locale$$data)
    .bss                                     0x20000000   Section       96  libspace.o(.bss)
    Heap_Mem                                 0x200000b8   Data         512  startup_stm32l476xx.o(HEAP)
    HEAP                                     0x200000b8   Section      512  startup_stm32l476xx.o(HEAP)
    Stack_Mem                                0x200002b8   Data        1024  startup_stm32l476xx.o(STACK)
    STACK                                    0x200002b8   Section     1024  startup_stm32l476xx.o(STACK)
    __initial_sp                             0x200006b8   Data           0  startup_stm32l476xx.o(STACK)

    Global Symbols

    Symbol Name                              Value     Ov Type        Size  Object(Section)

    BuildAttributes$$THM_ISAv4$E$P$D$K$B$S$7EM$VFPi3$EXTD16$VFPS$VFMA$PE$A:L22UL41UL21$X:L11$S22US41US21$IEEE1$IW$~IW$USESV6$~STKCKD$USESV7$~SHL$OTIME$ROPI$IEEEJ$EBA8$UX$STANDARDLIB$REQ8$PRES8$EABIv2 0x00000000   Number         0  anon$$obj.o ABSOLUTE
    Image$$ER_IROM1$$RW$$Length              0x00000000   Number         0  anon$$obj.o ABSOLUTE
    Image$$ER_IROM1$$ZI$$Length              0x00000000   Number         0  anon$$obj.o ABSOLUTE
    Image$$RW_IRAM1$$Length                  0x00000000   Number         0  anon$$obj.o ABSOLUTE
    Image$$RW_IRAM1$$RO$$Length              0x00000000   Number         0  anon$$obj.o ABSOLUTE
    Image$$RW_IRAM1$$RW$$Length              0x00000000   Number         0  anon$$obj.o ABSOLUTE
    _printf_flags                            0x00000000   Number         0  printf_stubs.o ABSOLUTE
    _printf_return_value                     0x00000000   Number         0  printf_stubs.o ABSOLUTE
    _printf_sizespec                         0x00000000   Number         0  printf_stubs.o ABSOLUTE
    _printf_widthprec                        0x00000000   Number         0  printf_stubs.o ABSOLUTE
    __ARM_exceptions_init                     - Undefined Weak Reference
    __alloca_initialize                       - Undefined Weak Reference
    __arm_preinit_                            - Undefined Weak Reference
    __arm_relocate_pie_                       - Undefined Weak Reference
    __cpp_initialize__aeabi_                  - Undefined Weak Reference
    __cxa_finalize                            - Undefined Weak Reference
    __sigvec_lookup                           - Undefined Weak Reference
    _atexit_init                              - Undefined Weak Reference
    _call_atexit_fns                          - Undefined Weak Reference
    _clock_init                               - Undefined Weak Reference
    _fp_trap_init                             - Undefined Weak Reference
    _fp_trap_shutdown                         - Undefined Weak Reference
    _get_lc_collate                           - Undefined Weak Reference
    _get_lc_monetary                          - Undefined Weak Reference
    _get_lc_time                              - Undefined Weak Reference
    _getenv_init                              - Undefined Weak Reference
    _handle_redirection                       - Undefined Weak Reference
    _init_alloc                               - Undefined Weak Reference
    _init_user_alloc                          - Undefined Weak Reference
    _initio                                   - Undefined Weak Reference
    _mutex_acquire                            - Undefined Weak Reference
    _mutex_release                            - Undefined Weak Reference
    _printf_mbtowc                            - Undefined Weak Reference
    _printf_wc                                - Undefined Weak Reference
    _rand_init                                - Undefined Weak Reference
    _signal_finish                            - Undefined Weak Reference
    _signal_init                              - Undefined Weak Reference
    _terminate_alloc                          - Undefined Weak Reference
    _terminate_user_alloc                     - Undefined Weak Reference
    _terminateio                              - Undefined Weak Reference
    __Vectors_Size                           0x00000188   Number         0  startup_stm32l476xx.o ABSOLUTE
    Image$$RW_IRAM1$$ZI$$Length              0x000006b8   Number         0  anon$$obj.o ABSOLUTE
    Image$$ER_IROM1$$RO$$Length              0x00002ba0   Number         0  anon$$obj.o ABSOLUTE
    Image$$ER_IROM1$$RO$$Base                0x08000000   Number         0  anon$$obj.o ABSOLUTE
    Load$$ER_IROM1$$Base                     0x08000000   Number         0  anon$$obj.o ABSOLUTE
    __Vectors                                0x08000000   Data           4  startup_stm32l476xx.o(RESET)
    __Vectors_End                            0x08000188   Data           0  startup_stm32l476xx.o(RESET)
    __main                                   0x08000189   Thumb Code     8  __main.o(!!!main)
    __scatterload                            0x08000191   Thumb Code     0  __scatter.o(!!!scatter)
    __scatterload_rt2                        0x08000191   Thumb Code    44  __scatter.o(!!!scatter)
    __scatterload_rt2_thumb_only             0x08000191   Thumb Code     0  __scatter.o(!!!scatter)
    __scatterload_null                       0x0800019f   Thumb Code     0  __scatter.o(!!!scatter)
    __scatterload_zeroinit                   0x080001c5   Thumb Code    28  __scatter_zi.o(!!handler_zi)
    _printf_n                                0x080001e1   Thumb Code     0  _printf_n.o(.ARM.Collect$$_printf_percent$$00000001)
    _printf_percent                          0x080001e1   Thumb Code     0  _printf_percent.o(.ARM.Collect$$_printf_percent$$00000000)
    _printf_p                                0x080001e7   Thumb Code     0  _printf_p.o(.ARM.Collect$$_printf_percent$$00000002)
    _printf_f                                0x080001ed   Thumb Code     0  _printf_f.o(.ARM.Collect$$_printf_percent$$00000003)
    _printf_e                                0x080001f3   Thumb Code     0  _printf_e.o(.ARM.Collect$$_printf_percent$$00000004)
    _printf_g                                0x080001f9   Thumb Code     0  _printf_g.o(.ARM.Collect$$_printf_percent$$00000005)
    _printf_a                                0x080001ff   Thumb Code     0  _printf_a.o(.ARM.Collect$$_printf_percent$$00000006)
    _printf_ll                               0x08000205   Thumb Code     0  _printf_ll.o(.ARM.Collect$$_printf_percent$$00000007)
    _printf_i                                0x0800020f   Thumb Code     0  _printf_i.o(.ARM.Collect$$_printf_percent$$00000008)
    _printf_d                                0x08000215   Thumb Code     0  _printf_d.o(.ARM.Collect$$_printf_percent$$00000009)
    _printf_u                                0x0800021b   Thumb Code     0  _printf_u.o(.ARM.Collect$$_printf_percent$$0000000A)
    _printf_o                                0x08000221   Thumb Code     0  _printf_o.o(.ARM.Collect$$_printf_percent$$0000000B)
    _printf_x                                0x08000227   Thumb Code     0  _printf_x.o(.ARM.Collect$$_printf_percent$$0000000C)
    _printf_lli                              0x0800022d   Thumb Code     0  _printf_lli.o(.ARM.Collect$$_printf_percent$$0000000D)
    _printf_lld                              0x08000233   Thumb Code     0  _printf_lld.o(.ARM.Collect$$_printf_percent$$0000000E)
    _printf_llu                              0x08000239   Thumb Code     0  _printf_llu.o(.ARM.Collect$$_printf_percent$$0000000F)
    _printf_llo                              0x0800023f   Thumb Code     0  _printf_llo.o(.ARM.Collect$$_printf_percent$$00000010)
    _printf_llx                              0x08000245   Thumb Code     0  _printf_llx.o(.ARM.Collect$$_printf_percent$$00000011)
    _printf_l                                0x0800024b   Thumb Code     0  _printf_l.o(.ARM.Collect$$_printf_percent$$00000012)
    _printf_c                                0x08000255   Thumb Code     0  _printf_c.o(.ARM.Collect$$_printf_percent$$00000013)
    _printf_s                                0x0800025b   Thumb Code     0  _printf_s.o(.ARM.Collect$$_printf_percent$$00000014)
    _printf_lc                               0x08000261   Thumb Code     0  _printf_lc.o(.ARM.Collect$$_printf_percent$$00000015)
    _printf_ls                               0x08000267   Thumb Code     0  _printf_ls.o(.ARM.Collect$$_printf_percent$$00000016)
    _printf_percent_end                      0x0800026d   Thumb Code     0  _printf_percent_end.o(.ARM.Collect$$_printf_percent$$00000017)
    __rt_lib_init                            0x08000271   Thumb Code     0  libinit.o(.ARM.Collect$$libinit$$00000000)
    __rt_lib_init_fp_1                       0x08000273   Thumb Code     0  libinit2.o(.ARM.Collect$$libinit$$00000001)
    __rt_lib_init_heap_1                     0x08000277   Thumb Code     0  libinit2.o(.ARM.Collect$$libinit$$0000000C)
    __rt_lib_init_lc_common                  0x08000277   Thumb Code     0  libinit2.o(.ARM.Collect$$libinit$$00000011)
    __rt_lib_init_preinit_1                  0x08000277   Thumb Code     0  libinit2.o(.ARM.Collect$$libinit$$00000006)
    __rt_lib_init_rand_1                     0x08000277   Thumb Code     0  libinit2.o(.ARM.Collect$$libinit$$00000010)
    __rt_lib_init_relocate_pie_1             0x08000277   Thumb Code     0  libinit2.o(.ARM.Collect$$libinit$$00000004)
    __rt_lib_init_user_alloc_1               0x08000277   Thumb Code     0  libinit2.o(.ARM.Collect$$libinit$$0000000E)
    __rt_lib_init_lc_collate_1               0x0800027d   Thumb Code     0  libinit2.o(.ARM.Collect$$libinit$$00000013)
    __rt_lib_init_lc_ctype_2                 0x0800027d   Thumb Code     0  libinit2.o(.ARM.Collect$$libinit$$00000014)
    __rt_lib_init_lc_ctype_1                 0x08000289   Thumb Code     0  libinit2.o(.ARM.Collect$$libinit$$00000015)
    __rt_lib_init_lc_monetary_1              0x08000289   Thumb Code     0  libinit2.o(.ARM.Collect$$libinit$$00000017)
    __rt_lib_init_lc_numeric_2               0x08000289   Thumb Code     0  libinit2.o(.ARM.Collect$$libinit$$00000018)
    __rt_lib_init_alloca_1                   0x08000293   Thumb Code     0  libinit2.o(.ARM.Collect$$libinit$$00000030)
    __rt_lib_init_argv_1                     0x08000293   Thumb Code     0  libinit2.o(.ARM.Collect$$libinit$$0000002E)
    __rt_lib_init_atexit_1                   0x08000293   Thumb Code     0  libinit2.o(.ARM.Collect$$libinit$$0000001D)
    __rt_lib_init_clock_1                    0x08000293   Thumb Code     0  libinit2.o(.ARM.Collect$$libinit$$00000023)
    __rt_lib_init_cpp_1                      0x08000293   Thumb Code     0  libinit2.o(.ARM.Collect$$libinit$$00000034)
    __rt_lib_init_exceptions_1               0x08000293   Thumb Code     0  libinit2.o(.ARM.Collect$$libinit$$00000032)
    __rt_lib_init_fp_trap_1                  0x08000293   Thumb Code     0  libinit2.o(.ARM.Collect$$libinit$$00000021)
    __rt_lib_init_getenv_1                   0x08000293   Thumb Code     0  libinit2.o(.ARM.Collect$$libinit$$00000025)
    __rt_lib_init_lc_numeric_1               0x08000293   Thumb Code     0  libinit2.o(.ARM.Collect$$libinit$$00000019)
    __rt_lib_init_lc_time_1                  0x08000293   Thumb Code     0  libinit2.o(.ARM.Collect$$libinit$$0000001B)
    __rt_lib_init_return                     0x08000293   Thumb Code     0  libinit2.o(.ARM.Collect$$libinit$$00000035)
    __rt_lib_init_signal_1                   0x08000293   Thumb Code     0  libinit2.o(.ARM.Collect$$libinit$$0000001F)
    __rt_lib_init_stdio_1                    0x08000293   Thumb Code     0  libinit2.o(.ARM.Collect$$libinit$$00000027)
    __rt_lib_shutdown                        0x08000295   Thumb Code     0  libshutdown.o(.ARM.Collect$$libshutdown$$00000000)
    __rt_lib_shutdown_cpp_1                  0x08000297   Thumb Code     0  libshutdown2.o(.ARM.Collect$$libshutdown$$00000002)
    __rt_lib_shutdown_fp_trap_1              0x08000297   Thumb Code     0  libshutdown2.o(.ARM.Collect$$libshutdown$$00000007)
    __rt_lib_shutdown_heap_1                 0x08000297   Thumb Code     0  libshutdown2.o(.ARM.Collect$$libshutdown$$0000000F)
    __rt_lib_shutdown_return                 0x08000297   Thumb Code     0  libshutdown2.o(.ARM.Collect$$libshutdown$$00000010)
    __rt_lib_shutdown_signal_1               0x08000297   Thumb Code     0  libshutdown2.o(.ARM.Collect$$libshutdown$$0000000A)
    __rt_lib_shutdown_stdio_1                0x08000297   Thumb Code     0  libshutdown2.o(.ARM.Collect$$libshutdown$$00000004)
    __rt_lib_shutdown_user_alloc_1           0x08000297   Thumb Code     0  libshutdown2.o(.ARM.Collect$$libshutdown$$0000000C)
    __rt_entry                               0x08000299   Thumb Code     0  __rtentry.o(.ARM.Collect$$rtentry$$00000000)
    __rt_entry_presh_1                       0x08000299   Thumb Code     0  __rtentry2.o(.ARM.Collect$$rtentry$$00000002)
    __rt_entry_sh                            0x08000299   Thumb Code     0  __rtentry4.o(.ARM.Collect$$rtentry$$00000004)
    __rt_entry_li                            0x0800029f   Thumb Code     0  __rtentry2.o(.ARM.Collect$$rtentry$$0000000A)
    __rt_entry_postsh_1                      0x0800029f   Thumb Code     0  __rtentry2.o(.ARM.Collect$$rtentry$$00000009)
    __rt_entry_main                          0x080002a3   Thumb Code     0  __rtentry2.o(.ARM.Collect$$rtentry$$0000000D)
    __rt_entry_postli_1                      0x080002a3   Thumb Code     0  __rtentry2.o(.ARM.Collect$$rtentry$$0000000C)
    __rt_exit                                0x080002ab   Thumb Code     0  rtexit.o(.ARM.Collect$$rtexit$$00000000)
    __rt_exit_ls                             0x080002ad   Thumb Code     0  rtexit2.o(.ARM.Collect$$rtexit$$00000003)
    __rt_exit_prels_1                        0x080002ad   Thumb Code     0  rtexit2.o(.ARM.Collect$$rtexit$$00000002)
    __rt_exit_exit                           0x080002b1   Thumb Code     0  rtexit2.o(.ARM.Collect$$rtexit$$00000004)
    Reset_Handler                            0x080002b9   Thumb Code    62  startup_stm32l476xx.o(.text)
    NMI_Handler                              0x080002f7   Thumb Code     2  startup_stm32l476xx.o(.text)
    HardFault_Handler                        0x080002f9   Thumb Code     2  startup_stm32l476xx.o(.text)
    MemManage_Handler                        0x080002fb   Thumb Code     2  startup_stm32l476xx.o(.text)
    BusFault_Handler                         0x080002fd   Thumb Code     2  startup_stm32l476xx.o(.text)
    UsageFault_Handler                       0x080002ff   Thumb Code     2  startup_stm32l476xx.o(.text)
    SVC_Handler                              0x08000301   Thumb Code     2  startup_stm32l476xx.o(.text)
    DebugMon_Handler                         0x08000303   Thumb Code     2  startup_stm32l476xx.o(.text)
    PendSV_Handler                           0x08000305   Thumb Code     2  startup_stm32l476xx.o(.text)
    SysTick_Handler                          0x08000307   Thumb Code     2  startup_stm32l476xx.o(.text)
    ADC1_2_IRQHandler                        0x08000309   Thumb Code     0  startup_stm32l476xx.o(.text)
    ADC3_IRQHandler                          0x08000309   Thumb Code     0  startup_stm32l476xx.o(.text)
    CAN1_RX0_IRQHandler                      0x08000309   Thumb Code     0  startup_stm32l476xx.o(.text)
    CAN1_RX1_IRQHandler                      0x08000309   Thumb Code     0  startup_stm32l476xx.o(.text)
    CAN1_SCE_IRQHandler                      0x08000309   Thumb Code     0  startup_stm32l476xx.o(.text)
    CAN1_TX_IRQHandler                       0x08000309   Thumb Code     0  startup_stm32l476xx.o(.text)
    COMP_IRQHandler                          0x08000309   Thumb Code     0  startup_stm32l476xx.o(.text)
    DFSDM0_IRQHandler                        0x08000309   Thumb Code     0  startup_stm32l476xx.o(.text)
    DFSDM1_IRQHandler                        0x08000309   Thumb Code     0  startup_stm32l476xx.o(.text)
    DFSDM2_IRQHandler                        0x08000309   Thumb Code     0  startup_stm32l476xx.o(.text)
    DFSDM3_IRQHandler                        0x08000309   Thumb Code     0  startup_stm32l476xx.o(.text)
    DMA1_Channel1_IRQHandler                 0x08000309   Thumb Code     0  startup_stm32l476xx.o(.text)
    DMA1_Channel2_IRQHandler                 0x08000309   Thumb Code     0  startup_stm32l476xx.o(.text)
    DMA1_Channel3_IRQHandler                 0x08000309   Thumb Code     0  startup_stm32l476xx.o(.text)
    DMA1_Channel4_IRQHandler                 0x08000309   Thumb Code     0  startup_stm32l476xx.o(.text)
    DMA1_Channel5_IRQHandler                 0x08000309   Thumb Code     0  startup_stm32l476xx.o(.text)
    DMA1_Channel6_IRQHandler                 0x08000309   Thumb Code     0  startup_stm32l476xx.o(.text)
    DMA1_Channel7_IRQHandler                 0x08000309   Thumb Code     0  startup_stm32l476xx.o(.text)
    DMA2_Channel1_IRQHandler                 0x08000309   Thumb Code     0  startup_stm32l476xx.o(.text)
    DMA2_Channel2_IRQHandler                 0x08000309   Thumb Code     0  startup_stm32l476xx.o(.text)
    DMA2_Channel3_IRQHandler                 0x08000309   Thumb Code     0  startup_stm32l476xx.o(.text)
    DMA2_Channel4_IRQHandler                 0x08000309   Thumb Code     0  startup_stm32l476xx.o(.text)
    DMA2_Channel5_IRQHandler                 0x08000309   Thumb Code     0  startup_stm32l476xx.o(.text)
    DMA2_Channel6_IRQHandler                 0x08000309   Thumb Code     0  startup_stm32l476xx.o(.text)
    DMA2_Channel7_IRQHandler                 0x08000309   Thumb Code     0  startup_stm32l476xx.o(.text)
    EXTI0_IRQHandler                         0x08000309   Thumb Code     0  startup_stm32l476xx.o(.text)
    EXTI15_10_IRQHandler                     0x08000309   Thumb Code     0  startup_stm32l476xx.o(.text)
    EXTI2_IRQHandler                         0x08000309   Thumb Code     0  startup_stm32l476xx.o(.text)
    EXTI3_IRQHandler                         0x08000309   Thumb Code     0  startup_stm32l476xx.o(.text)
    EXTI4_IRQHandler                         0x08000309   Thumb Code     0  startup_stm32l476xx.o(.text)
    EXTI9_5_IRQHandler                       0x08000309   Thumb Code     0  startup_stm32l476xx.o(.text)
    FLASH_IRQHandler                         0x08000309   Thumb Code     0  startup_stm32l476xx.o(.text)
    FMC_IRQHandler                           0x08000309   Thumb Code     0  startup_stm32l476xx.o(.text)
    FPU_IRQHandler                           0x08000309   Thumb Code     0  startup_stm32l476xx.o(.text)
    I2C1_ER_IRQHandler                       0x08000309   Thumb Code     0  startup_stm32l476xx.o(.text)
    I2C1_EV_IRQHandler                       0x08000309   Thumb Code     0  startup_stm32l476xx.o(.text)
    I2C2_ER_IRQHandler                       0x08000309   Thumb Code     0  startup_stm32l476xx.o(.text)
    I2C2_EV_IRQHandler                       0x08000309   Thumb Code     0  startup_stm32l476xx.o(.text)
    I2C3_ER_IRQHandler                       0x08000309   Thumb Code     0  startup_stm32l476xx.o(.text)
    I2C3_EV_IRQHandler                       0x08000309   Thumb Code     0  startup_stm32l476xx.o(.text)
    LCD_IRQHandler                           0x08000309   Thumb Code     0  startup_stm32l476xx.o(.text)
    LPTIM1_IRQHandler                        0x08000309   Thumb Code     0  startup_stm32l476xx.o(.text)
    LPTIM2_IRQHandler                        0x08000309   Thumb Code     0  startup_stm32l476xx.o(.text)
    LPUART1_IRQHandler                       0x08000309   Thumb Code     0  startup_stm32l476xx.o(.text)
    OTG_FS_IRQHandler                        0x08000309   Thumb Code     0  startup_stm32l476xx.o(.text)
    PVD_PVM_IRQHandler                       0x08000309   Thumb Code     0  startup_stm32l476xx.o(.text)
    QUADSPI_IRQHandler                       0x08000309   Thumb Code     0  startup_stm32l476xx.o(.text)
    RCC_IRQHandler                           0x08000309   Thumb Code     0  startup_stm32l476xx.o(.text)
    RNG_IRQHandler                           0x08000309   Thumb Code     0  startup_stm32l476xx.o(.text)
    RTC_WKUP_IRQHandler                      0x08000309   Thumb Code     0  startup_stm32l476xx.o(.text)
    SAI1_IRQHandler                          0x08000309   Thumb Code     0  startup_stm32l476xx.o(.text)
    SAI2_IRQHandler                          0x08000309   Thumb Code     0  startup_stm32l476xx.o(.text)
    SDMMC1_IRQHandler                        0x08000309   Thumb Code     0  startup_stm32l476xx.o(.text)
    SPI1_IRQHandler                          0x08000309   Thumb Code     0  startup_stm32l476xx.o(.text)
    SPI2_IRQHandler                          0x08000309   Thumb Code     0  startup_stm32l476xx.o(.text)
    SPI3_IRQHandler                          0x08000309   Thumb Code     0  startup_stm32l476xx.o(.text)
    SWPMI1_IRQHandler                        0x08000309   Thumb Code     0  startup_stm32l476xx.o(.text)
    TAMP_STAMP_IRQHandler                    0x08000309   Thumb Code     0  startup_stm32l476xx.o(.text)
    TIM1_BRK_TIM15_IRQHandler                0x08000309   Thumb Code     0  startup_stm32l476xx.o(.text)
    TIM1_CC_IRQHandler                       0x08000309   Thumb Code     0  startup_stm32l476xx.o(.text)
    TIM1_TRG_COM_TIM17_IRQHandler            0x08000309   Thumb Code     0  startup_stm32l476xx.o(.text)
    TIM1_UP_TIM16_IRQHandler                 0x08000309   Thumb Code     0  startup_stm32l476xx.o(.text)
    TIM2_IRQHandler                          0x08000309   Thumb Code     0  startup_stm32l476xx.o(.text)
    TIM3_IRQHandler                          0x08000309   Thumb Code     0  startup_stm32l476xx.o(.text)
    TIM4_IRQHandler                          0x08000309   Thumb Code     0  startup_stm32l476xx.o(.text)
    TIM5_IRQHandler                          0x08000309   Thumb Code     0  startup_stm32l476xx.o(.text)
    TIM6_DAC_IRQHandler                      0x08000309   Thumb Code     0  startup_stm32l476xx.o(.text)
    TIM7_IRQHandler                          0x08000309   Thumb Code     0  startup_stm32l476xx.o(.text)
    TIM8_BRK_IRQHandler                      0x08000309   Thumb Code     0  startup_stm32l476xx.o(.text)
    TIM8_CC_IRQHandler                       0x08000309   Thumb Code     0  startup_stm32l476xx.o(.text)
    TIM8_TRG_COM_IRQHandler                  0x08000309   Thumb Code     0  startup_stm32l476xx.o(.text)
    TIM8_UP_IRQHandler                       0x08000309   Thumb Code     0  startup_stm32l476xx.o(.text)
    TSC_IRQHandler                           0x08000309   Thumb Code     0  startup_stm32l476xx.o(.text)
    UART4_IRQHandler                         0x08000309   Thumb Code     0  startup_stm32l476xx.o(.text)
    UART5_IRQHandler                         0x08000309   Thumb Code     0  startup_stm32l476xx.o(.text)
    USART1_IRQHandler                        0x08000309   Thumb Code     0  startup_stm32l476xx.o(.text)
    USART2_IRQHandler                        0x08000309   Thumb Code     0  startup_stm32l476xx.o(.text)
    USART3_IRQHandler                        0x08000309   Thumb Code     0  startup_stm32l476xx.o(.text)
    WWDG_IRQHandler                          0x08000309   Thumb Code     0  startup_stm32l476xx.o(.text)
    __user_initial_stackheap                 0x0800030d   Thumb Code     0  startup_stm32l476xx.o(.text)
    printf                                   0x08000345   Thumb Code    20  printf.o(.text)
    __use_two_region_memory                  0x0800035d   Thumb Code     2  heapauxi.o(.text)
    __rt_heap_escrow$2region                 0x0800035f   Thumb Code     2  heapauxi.o(.text)
    __rt_heap_expand$2region                 0x08000361   Thumb Code     2  heapauxi.o(.text)
    _printf_pre_padding                      0x08000363   Thumb Code    44  _printf_pad.o(.text)
    _printf_post_padding                     0x0800038f   Thumb Code    34  _printf_pad.o(.text)
    _printf_truncate_signed                  0x080003b1   Thumb Code    18  _printf_truncate.o(.text)
    _printf_truncate_unsigned                0x080003c3   Thumb Code    18  _printf_truncate.o(.text)
    _printf_str                              0x080003d5   Thumb Code    82  _printf_str.o(.text)
    _printf_int_dec                          0x08000429   Thumb Code   104  _printf_dec.o(.text)
    _printf_charcount                        0x080004a1   Thumb Code    40  _printf_charcount.o(.text)
    _printf_char_common                      0x080004d3   Thumb Code    32  _printf_char_common.o(.text)
    _printf_char_file                        0x080004f9   Thumb Code    32  _printf_char_file.o(.text)
    _printf_wctomb                           0x0800051d   Thumb Code   182  _printf_wctomb.o(.text)
    _printf_longlong_dec                     0x080005e1   Thumb Code   108  _printf_longlong_dec.o(.text)
    _printf_longlong_oct                     0x0800065d   Thumb Code    68  _printf_oct_int_ll.o(.text)
    _printf_int_oct                          0x080006a1   Thumb Code    24  _printf_oct_int_ll.o(.text)
    _printf_ll_oct                           0x080006b9   Thumb Code    12  _printf_oct_int_ll.o(.text)
    _printf_longlong_hex                     0x080006cd   Thumb Code    86  _printf_hex_int_ll_ptr.o(.text)
    _printf_int_hex                          0x08000723   Thumb Code    28  _printf_hex_int_ll_ptr.o(.text)
    _printf_ll_hex                           0x0800073f   Thumb Code    12  _printf_hex_int_ll_ptr.o(.text)
    _printf_hex_ptr                          0x0800074b   Thumb Code    18  _printf_hex_int_ll_ptr.o(.text)
    __printf                                 0x08000761   Thumb Code   388  __printf_flags_ss_wp.o(.text)
    _ll_udiv10                               0x080008ef   Thumb Code   138  lludiv10.o(.text)
    _printf_int_common                       0x08000979   Thumb Code   178  _printf_intcommon.o(.text)
    _printf_fp_dec_real                      0x08000bdb   Thumb Code   620  _printf_fp_dec.o(.text)
    _printf_fp_hex_real                      0x08000e4d   Thumb Code   756  _printf_fp_hex.o(.text)
    _printf_cs_common                        0x0800114f   Thumb Code    20  _printf_char.o(.text)
    _printf_char                             0x08001163   Thumb Code    16  _printf_char.o(.text)
    _printf_string                           0x08001173   Thumb Code     8  _printf_char.o(.text)
    _printf_lcs_common                       0x0800117b   Thumb Code    20  _printf_wchar.o(.text)
    _printf_wchar                            0x0800118f   Thumb Code    16  _printf_wchar.o(.text)
    _printf_wstring                          0x0800119f   Thumb Code     8  _printf_wchar.o(.text)
    ferror                                   0x080011a7   Thumb Code     8  ferror.o(.text)
    _c16rtomb                                0x080011af   Thumb Code    72  _c16rtomb.o(.text)
    _wcrtomb                                 0x080011af   Thumb Code     0  _c16rtomb.o(.text)
    __user_setup_stackheap                   0x080011f7   Thumb Code    74  sys_stackheap_outer.o(.text)
    __rt_ctype_table                         0x08001241   Thumb Code    16  rt_ctype_table.o(.text)
    __rt_locale                              0x08001251   Thumb Code     8  rt_locale_intlibspace.o(.text)
    _printf_fp_infnan                        0x08001259   Thumb Code   112  _printf_fp_infnan.o(.text)
    _btod_etento                             0x080012d9   Thumb Code   224  bigflt0.o(.text)
    exit                                     0x080013bd   Thumb Code    18  exit.o(.text)
    __user_libspace                          0x080013d1   Thumb Code     8  libspace.o(.text)
    __user_perproc_libspace                  0x080013d1   Thumb Code     0  libspace.o(.text)
    __user_perthread_libspace                0x080013d1   Thumb Code     0  libspace.o(.text)
    strcmp                                   0x080013d9   Thumb Code   124  strcmpv7em.o(.text)
    _sys_exit                                0x08001455   Thumb Code     8  sys_exit.o(.text)
    __I$use$semihosting                      0x08001461   Thumb Code     0  use_no_semi.o(.text)
    __use_no_semihosting_swi                 0x08001461   Thumb Code     2  use_no_semi.o(.text)
    __semihosting_library_function           0x08001463   Thumb Code     0  indicate_semi.o(.text)
    EXTI1_IRQHandler                         0x08001465   Thumb Code    76  exti.o(.text.EXTI1_IRQHandler)
    EXTI_Init                                0x080014b1   Thumb Code   116  exti.o(.text.EXTI_Init)
    Init_USARTx                              0x08001525   Thumb Code    74  uart.o(.text.Init_USARTx)
    RTC_Alarm_Enable                         0x08001571   Thumb Code    88  rtcfunctionality.o(.text.RTC_Alarm_Enable)
    RTC_Alarm_IRQHandler                     0x080015c9   Thumb Code    42  rtcfunctionality.o(.text.RTC_Alarm_IRQHandler)
    RTC_BAK_SetRegister                      0x080015f5   Thumb Code    40  rtc.o(.text.RTC_BAK_SetRegister)
    RTC_Clock_Init                           0x0800161d   Thumb Code   216  rtc.o(.text.RTC_Clock_Init)
    RTC_Disable_Write_Protection             0x080016f5   Thumb Code    18  rtc.o(.text.RTC_Disable_Write_Protection)
    RTC_Enable_Write_Protection              0x08001709   Thumb Code    14  rtc.o(.text.RTC_Enable_Write_Protection)
    RTC_Init                                 0x08001719   Thumb Code   128  rtc.o(.text.RTC_Init)
    RTC_Set_Alarm                            0x08001799   Thumb Code   160  rtcfunctionality.o(.text.RTC_Set_Alarm)
    RTC_Set_Calendar_Date                    0x08001839   Thumb Code   160  rtc.o(.text.RTC_Set_Calendar_Date)
    RTC_Set_Time                             0x080018d9   Thumb Code   158  rtc.o(.text.RTC_Set_Time)
    SERVO_Pin_Init                           0x08001979   Thumb Code    74  servofunctionality.o(.text.SERVO_Pin_Init)
    System_Clock_Init                        0x080019c5   Thumb Code   466  sysclock.o(.text.System_Clock_Init)
    TIM5_CH1_Init                            0x08001b99   Thumb Code   176  servofunctionality.o(.text.TIM5_CH1_Init)
    UART1_GPIO_Init                          0x08001c49   Thumb Code   186  uart.o(.text.UART1_GPIO_Init)
    UART1_Init                               0x08001d05   Thumb Code    42  uart.o(.text.UART1_Init)
    UART2_GPIO_Init                          0x08001d31   Thumb Code   210  uart.o(.text.UART2_GPIO_Init)
    UART2_Init                               0x08001e05   Thumb Code    42  uart.o(.text.UART2_Init)
    USART_Delay                              0x08001e31   Thumb Code    50  uart.o(.text.USART_Delay)
    USART_Init                               0x08001e65   Thumb Code    96  uart.o(.text.USART_Init)
    USART_Write                              0x08001ec5   Thumb Code   100  uart.o(.text.USART_Write)
    fputc                                    0x08002041   Thumb Code    38  uart_printf.o(.text.fputc)
    main                                     0x08002069   Thumb Code   148  main.o(.text.main)
    _btod_d2e                                0x080020fd   Thumb Code    62  btod.o(CL$$btod_d2e)
    _d2e_denorm_low                          0x0800213b   Thumb Code    70  btod.o(CL$$btod_d2e_denorm_low)
    _d2e_norm_op1                            0x08002181   Thumb Code    96  btod.o(CL$$btod_d2e_norm_op1)
    __btod_div_common                        0x080021e1   Thumb Code   696  btod.o(CL$$btod_div_common)
    _e2e                                     0x08002519   Thumb Code   220  btod.o(CL$$btod_e2e)
    _btod_ediv                               0x080025f5   Thumb Code    42  btod.o(CL$$btod_ediv)
    _btod_emul                               0x0800261f   Thumb Code    42  btod.o(CL$$btod_emul)
    __btod_mult_common                       0x08002649   Thumb Code   580  btod.o(CL$$btod_mult_common)
    __ARM_fpclassify                         0x0800288d   Thumb Code    48  fpclassify.o(i.__ARM_fpclassify)
    _is_digit                                0x080028bd   Thumb Code    14  __printf_wp.o(i._is_digit)
    _get_lc_numeric                          0x080028cd   Thumb Code    44  lc_numeric_c.o(locale$$code)
    _get_lc_ctype                            0x080028f9   Thumb Code    44  lc_ctype_c.o(locale$$code)
    _fp_init                                 0x08002925   Thumb Code    26  fpinit.o(x$fpl$fpinit)
    __fplib_config_fpu_vfp                   0x0800293d   Thumb Code     0  fpinit.o(x$fpl$fpinit)
    __fplib_config_pureend_doubles           0x0800293d   Thumb Code     0  fpinit.o(x$fpl$fpinit)
    _printf_fp_dec                           0x0800293f   Thumb Code     4  printf1.o(x$fpl$printf1)
    _printf_fp_hex                           0x08002943   Thumb Code     4  printf2.o(x$fpl$printf2)
    __I$use$fp                               0x08002946   Number         0  usenofp.o(x$fpl$usenofp)
    Region$$Table$$Base                      0x08002a64   Number         0  anon$$obj.o(Region$$Table)
    Region$$Table$$Limit                     0x08002a74   Number         0  anon$$obj.o(Region$$Table)
    __ctype                                  0x08002a9d   Data           0  lc_ctype_c.o(locale$$data)
    Image$$ER_IROM1$$RO$$Limit               0x08002ba0   Number         0  anon$$obj.o ABSOLUTE
    Image$$ER_IROM1$$RW$$Base                0x08002ba0   Number         0  anon$$obj.o ABSOLUTE
    Image$$ER_IROM1$$RW$$Limit               0x08002ba0   Number         0  anon$$obj.o ABSOLUTE
    Image$$ER_IROM1$$ZI$$Base                0x08002ba0   Number         0  anon$$obj.o ABSOLUTE
    Image$$ER_IROM1$$ZI$$Limit               0x08002ba0   Number         0  anon$$obj.o ABSOLUTE
    Load$$RW_IRAM1$$Base                     0x08002ba0   Number         0  anon$$obj.o ABSOLUTE
    Image$$RW_IRAM1$$Base                    0x20000000   Number         0  anon$$obj.o ABSOLUTE
    Image$$RW_IRAM1$$Limit                   0x20000000   Number         0  anon$$obj.o ABSOLUTE
    Image$$RW_IRAM1$$RO$$Base                0x20000000   Number         0  anon$$obj.o ABSOLUTE
    Image$$RW_IRAM1$$RW$$Base                0x20000000   Number         0  anon$$obj.o ABSOLUTE
    Image$$RW_IRAM1$$RW$$Limit               0x20000000   Number         0  anon$$obj.o ABSOLUTE
    Image$$RW_IRAM1$$ZI$$Base                0x20000000   Number         0  anon$$obj.o ABSOLUTE
    __libspace_start                         0x20000000   Data          96  libspace.o(.bss)
    __stdout                                 0x20000060   Data          84  uart_printf.o(.bss.__stdout)
    __temporary_stack_top$libspace           0x20000060   Data           0  libspace.o(.bss)
    isAuthorized                             0x200000b4   Data           4  exti.o(.bss.isAuthorized)
    Image$$RW_IRAM1$$ZI$$Limit               0x200006b8   Number         0  anon$$obj.o ABSOLUTE



==============================================================================

Memory Map of the image

  Image Entry point : 0x08000189

  Load Region LR_IROM1 (Base: 0x08000000, Size: 0x00002ba0, Max: 0x00100000, ABSOLUTE)

    Execution Region ER_IROM1 (Exec base: 0x08000000, Load base: 0x08000000, Size: 0x00002ba0, Max: 0x00100000, ABSOLUTE)

    Exec Addr    Load Addr    Size         Type   Attr      Idx    E Section Name        Object

    0x08000000   0x08000000   0x00000188   Data   RO          107    RESET               startup_stm32l476xx.o
    0x08000188   0x08000188   0x00000008   Code   RO          168  * !!!main             c_w.l(__main.o)
    0x08000190   0x08000190   0x00000034   Code   RO          511    !!!scatter          c_w.l(__scatter.o)
    0x080001c4   0x080001c4   0x0000001c   Code   RO          513    !!handler_zi        c_w.l(__scatter_zi.o)
    0x080001e0   0x080001e0   0x00000000   Code   RO          254    .ARM.Collect$$_printf_percent$$00000000  c_w.l(_printf_percent.o)
    0x080001e0   0x080001e0   0x00000006   Code   RO          243    .ARM.Collect$$_printf_percent$$00000001  c_w.l(_printf_n.o)
    0x080001e6   0x080001e6   0x00000006   Code   RO          245    .ARM.Collect$$_printf_percent$$00000002  c_w.l(_printf_p.o)
    0x080001ec   0x080001ec   0x00000006   Code   RO          250    .ARM.Collect$$_printf_percent$$00000003  c_w.l(_printf_f.o)
    0x080001f2   0x080001f2   0x00000006   Code   RO          251    .ARM.Collect$$_printf_percent$$00000004  c_w.l(_printf_e.o)
    0x080001f8   0x080001f8   0x00000006   Code   RO          252    .ARM.Collect$$_printf_percent$$00000005  c_w.l(_printf_g.o)
    0x080001fe   0x080001fe   0x00000006   Code   RO          253    .ARM.Collect$$_printf_percent$$00000006  c_w.l(_printf_a.o)
    0x08000204   0x08000204   0x0000000a   Code   RO          258    .ARM.Collect$$_printf_percent$$00000007  c_w.l(_printf_ll.o)
    0x0800020e   0x0800020e   0x00000006   Code   RO          247    .ARM.Collect$$_printf_percent$$00000008  c_w.l(_printf_i.o)
    0x08000214   0x08000214   0x00000006   Code   RO          248    .ARM.Collect$$_printf_percent$$00000009  c_w.l(_printf_d.o)
    0x0800021a   0x0800021a   0x00000006   Code   RO          249    .ARM.Collect$$_printf_percent$$0000000A  c_w.l(_printf_u.o)
    0x08000220   0x08000220   0x00000006   Code   RO          246    .ARM.Collect$$_printf_percent$$0000000B  c_w.l(_printf_o.o)
    0x08000226   0x08000226   0x00000006   Code   RO          244    .ARM.Collect$$_printf_percent$$0000000C  c_w.l(_printf_x.o)
    0x0800022c   0x0800022c   0x00000006   Code   RO          255    .ARM.Collect$$_printf_percent$$0000000D  c_w.l(_printf_lli.o)
    0x08000232   0x08000232   0x00000006   Code   RO          256    .ARM.Collect$$_printf_percent$$0000000E  c_w.l(_printf_lld.o)
    0x08000238   0x08000238   0x00000006   Code   RO          257    .ARM.Collect$$_printf_percent$$0000000F  c_w.l(_printf_llu.o)
    0x0800023e   0x0800023e   0x00000006   Code   RO          262    .ARM.Collect$$_printf_percent$$00000010  c_w.l(_printf_llo.o)
    0x08000244   0x08000244   0x00000006   Code   RO          263    .ARM.Collect$$_printf_percent$$00000011  c_w.l(_printf_llx.o)
    0x0800024a   0x0800024a   0x0000000a   Code   RO          259    .ARM.Collect$$_printf_percent$$00000012  c_w.l(_printf_l.o)
    0x08000254   0x08000254   0x00000006   Code   RO          241    .ARM.Collect$$_printf_percent$$00000013  c_w.l(_printf_c.o)
    0x0800025a   0x0800025a   0x00000006   Code   RO          242    .ARM.Collect$$_printf_percent$$00000014  c_w.l(_printf_s.o)
    0x08000260   0x08000260   0x00000006   Code   RO          260    .ARM.Collect$$_printf_percent$$00000015  c_w.l(_printf_lc.o)
    0x08000266   0x08000266   0x00000006   Code   RO          261    .ARM.Collect$$_printf_percent$$00000016  c_w.l(_printf_ls.o)
    0x0800026c   0x0800026c   0x00000004   Code   RO          304    .ARM.Collect$$_printf_percent$$00000017  c_w.l(_printf_percent_end.o)
    0x08000270   0x08000270   0x00000002   Code   RO          359    .ARM.Collect$$libinit$$00000000  c_w.l(libinit.o)
    0x08000272   0x08000272   0x00000004   Code   RO          377    .ARM.Collect$$libinit$$00000001  c_w.l(libinit2.o)
    0x08000276   0x08000276   0x00000000   Code   RO          380    .ARM.Collect$$libinit$$00000004  c_w.l(libinit2.o)
    0x08000276   0x08000276   0x00000000   Code   RO          382    .ARM.Collect$$libinit$$00000006  c_w.l(libinit2.o)
    0x08000276   0x08000276   0x00000000   Code   RO          385    .ARM.Collect$$libinit$$0000000C  c_w.l(libinit2.o)
    0x08000276   0x08000276   0x00000000   Code   RO          387    .ARM.Collect$$libinit$$0000000E  c_w.l(libinit2.o)
    0x08000276   0x08000276   0x00000000   Code   RO          389    .ARM.Collect$$libinit$$00000010  c_w.l(libinit2.o)
    0x08000276   0x08000276   0x00000006   Code   RO          390    .ARM.Collect$$libinit$$00000011  c_w.l(libinit2.o)
    0x0800027c   0x0800027c   0x00000000   Code   RO          392    .ARM.Collect$$libinit$$00000013  c_w.l(libinit2.o)
    0x0800027c   0x0800027c   0x0000000c   Code   RO          393    .ARM.Collect$$libinit$$00000014  c_w.l(libinit2.o)
    0x08000288   0x08000288   0x00000000   Code   RO          394    .ARM.Collect$$libinit$$00000015  c_w.l(libinit2.o)
    0x08000288   0x08000288   0x00000000   Code   RO          396    .ARM.Collect$$libinit$$00000017  c_w.l(libinit2.o)
    0x08000288   0x08000288   0x0000000a   Code   RO          397    .ARM.Collect$$libinit$$00000018  c_w.l(libinit2.o)
    0x08000292   0x08000292   0x00000000   Code   RO          398    .ARM.Collect$$libinit$$00000019  c_w.l(libinit2.o)
    0x08000292   0x08000292   0x00000000   Code   RO          400    .ARM.Collect$$libinit$$0000001B  c_w.l(libinit2.o)
    0x08000292   0x08000292   0x00000000   Code   RO          402    .ARM.Collect$$libinit$$0000001D  c_w.l(libinit2.o)
    0x08000292   0x08000292   0x00000000   Code   RO          404    .ARM.Collect$$libinit$$0000001F  c_w.l(libinit2.o)
    0x08000292   0x08000292   0x00000000   Code   RO          406    .ARM.Collect$$libinit$$00000021  c_w.l(libinit2.o)
    0x08000292   0x08000292   0x00000000   Code   RO          408    .ARM.Collect$$libinit$$00000023  c_w.l(libinit2.o)
    0x08000292   0x08000292   0x00000000   Code   RO          410    .ARM.Collect$$libinit$$00000025  c_w.l(libinit2.o)
    0x08000292   0x08000292   0x00000000   Code   RO          412    .ARM.Collect$$libinit$$00000027  c_w.l(libinit2.o)
    0x08000292   0x08000292   0x00000000   Code   RO          416    .ARM.Collect$$libinit$$0000002E  c_w.l(libinit2.o)
    0x08000292   0x08000292   0x00000000   Code   RO          418    .ARM.Collect$$libinit$$00000030  c_w.l(libinit2.o)
    0x08000292   0x08000292   0x00000000   Code   RO          420    .ARM.Collect$$libinit$$00000032  c_w.l(libinit2.o)
    0x08000292   0x08000292   0x00000000   Code   RO          422    .ARM.Collect$$libinit$$00000034  c_w.l(libinit2.o)
    0x08000292   0x08000292   0x00000002   Code   RO          423    .ARM.Collect$$libinit$$00000035  c_w.l(libinit2.o)
    0x08000294   0x08000294   0x00000002   Code   RO          447    .ARM.Collect$$libshutdown$$00000000  c_w.l(libshutdown.o)
    0x08000296   0x08000296   0x00000000   Code   RO          462    .ARM.Collect$$libshutdown$$00000002  c_w.l(libshutdown2.o)
    0x08000296   0x08000296   0x00000000   Code   RO          464    .ARM.Collect$$libshutdown$$00000004  c_w.l(libshutdown2.o)
    0x08000296   0x08000296   0x00000000   Code   RO          467    .ARM.Collect$$libshutdown$$00000007  c_w.l(libshutdown2.o)
    0x08000296   0x08000296   0x00000000   Code   RO          470    .ARM.Collect$$libshutdown$$0000000A  c_w.l(libshutdown2.o)
    0x08000296   0x08000296   0x00000000   Code   RO          472    .ARM.Collect$$libshutdown$$0000000C  c_w.l(libshutdown2.o)
    0x08000296   0x08000296   0x00000000   Code   RO          475    .ARM.Collect$$libshutdown$$0000000F  c_w.l(libshutdown2.o)
    0x08000296   0x08000296   0x00000002   Code   RO          476    .ARM.Collect$$libshutdown$$00000010  c_w.l(libshutdown2.o)
    0x08000298   0x08000298   0x00000000   Code   RO          170    .ARM.Collect$$rtentry$$00000000  c_w.l(__rtentry.o)
    0x08000298   0x08000298   0x00000000   Code   RO          273    .ARM.Collect$$rtentry$$00000002  c_w.l(__rtentry2.o)
    0x08000298   0x08000298   0x00000006   Code   RO          285    .ARM.Collect$$rtentry$$00000004  c_w.l(__rtentry4.o)
    0x0800029e   0x0800029e   0x00000000   Code   RO          275    .ARM.Collect$$rtentry$$00000009  c_w.l(__rtentry2.o)
    0x0800029e   0x0800029e   0x00000004   Code   RO          276    .ARM.Collect$$rtentry$$0000000A  c_w.l(__rtentry2.o)
    0x080002a2   0x080002a2   0x00000000   Code   RO          278    .ARM.Collect$$rtentry$$0000000C  c_w.l(__rtentry2.o)
    0x080002a2   0x080002a2   0x00000008   Code   RO          279    .ARM.Collect$$rtentry$$0000000D  c_w.l(__rtentry2.o)
    0x080002aa   0x080002aa   0x00000002   Code   RO          368    .ARM.Collect$$rtexit$$00000000  c_w.l(rtexit.o)
    0x080002ac   0x080002ac   0x00000000   Code   RO          425    .ARM.Collect$$rtexit$$00000002  c_w.l(rtexit2.o)
    0x080002ac   0x080002ac   0x00000004   Code   RO          426    .ARM.Collect$$rtexit$$00000003  c_w.l(rtexit2.o)
    0x080002b0   0x080002b0   0x00000006   Code   RO          427    .ARM.Collect$$rtexit$$00000004  c_w.l(rtexit2.o)
    0x080002b6   0x080002b6   0x00000002   PAD
    0x080002b8   0x080002b8   0x0000008c   Code   RO          108    .text               startup_stm32l476xx.o
    0x08000344   0x08000344   0x00000018   Code   RO          162    .text               c_w.l(printf.o)
    0x0800035c   0x0800035c   0x00000006   Code   RO          166    .text               c_w.l(heapauxi.o)
    0x08000362   0x08000362   0x0000004e   Code   RO          173    .text               c_w.l(_printf_pad.o)
    0x080003b0   0x080003b0   0x00000024   Code   RO          175    .text               c_w.l(_printf_truncate.o)
    0x080003d4   0x080003d4   0x00000052   Code   RO          177    .text               c_w.l(_printf_str.o)
    0x08000426   0x08000426   0x00000002   PAD
    0x08000428   0x08000428   0x00000078   Code   RO          179    .text               c_w.l(_printf_dec.o)
    0x080004a0   0x080004a0   0x00000028   Code   RO          181    .text               c_w.l(_printf_charcount.o)
    0x080004c8   0x080004c8   0x00000030   Code   RO          183    .text               c_w.l(_printf_char_common.o)
    0x080004f8   0x080004f8   0x00000024   Code   RO          187    .text               c_w.l(_printf_char_file.o)
    0x0800051c   0x0800051c   0x000000c2   Code   RO          189    .text               c_w.l(_printf_wctomb.o)
    0x080005de   0x080005de   0x00000002   PAD
    0x080005e0   0x080005e0   0x0000007c   Code   RO          192    .text               c_w.l(_printf_longlong_dec.o)
    0x0800065c   0x0800065c   0x00000070   Code   RO          198    .text               c_w.l(_printf_oct_int_ll.o)
    0x080006cc   0x080006cc   0x00000094   Code   RO          218    .text               c_w.l(_printf_hex_int_ll_ptr.o)
    0x08000760   0x08000760   0x0000018e   Code   RO          238    .text               c_w.l(__printf_flags_ss_wp.o)
    0x080008ee   0x080008ee   0x0000008a   Code   RO          287    .text               c_w.l(lludiv10.o)
    0x08000978   0x08000978   0x000000b2   Code   RO          289    .text               c_w.l(_printf_intcommon.o)
    0x08000a2a   0x08000a2a   0x00000422   Code   RO          291    .text               c_w.l(_printf_fp_dec.o)
    0x08000e4c   0x08000e4c   0x00000302   Code   RO          295    .text               c_w.l(_printf_fp_hex.o)
    0x0800114e   0x0800114e   0x0000002c   Code   RO          300    .text               c_w.l(_printf_char.o)
    0x0800117a   0x0800117a   0x0000002c   Code   RO          302    .text               c_w.l(_printf_wchar.o)
    0x080011a6   0x080011a6   0x00000008   Code   RO          305    .text               c_w.l(ferror.o)
    0x080011ae   0x080011ae   0x00000048   Code   RO          309    .text               c_w.l(_c16rtomb.o)
    0x080011f6   0x080011f6   0x0000004a   Code   RO          311    .text               c_w.l(sys_stackheap_outer.o)
    0x08001240   0x08001240   0x00000010   Code   RO          313    .text               c_w.l(rt_ctype_table.o)
    0x08001250   0x08001250   0x00000008   Code   RO          318    .text               c_w.l(rt_locale_intlibspace.o)
    0x08001258   0x08001258   0x00000080   Code   RO          320    .text               c_w.l(_printf_fp_infnan.o)
    0x080012d8   0x080012d8   0x000000e4   Code   RO          322    .text               c_w.l(bigflt0.o)
    0x080013bc   0x080013bc   0x00000012   Code   RO          352    .text               c_w.l(exit.o)
    0x080013ce   0x080013ce   0x00000002   PAD
    0x080013d0   0x080013d0   0x00000008   Code   RO          365    .text               c_w.l(libspace.o)
    0x080013d8   0x080013d8   0x0000007c   Code   RO          375    .text               c_w.l(strcmpv7em.o)
    0x08001454   0x08001454   0x0000000c   Code   RO          437    .text               c_w.l(sys_exit.o)
    0x08001460   0x08001460   0x00000002   Code   RO          452    .text               c_w.l(use_no_semi.o)
    0x08001462   0x08001462   0x00000000   Code   RO          454    .text               c_w.l(indicate_semi.o)
    0x08001462   0x08001462   0x00000002   PAD
    0x08001464   0x08001464   0x0000004c   Code   RO            8    .text.EXTI1_IRQHandler  exti.o
    0x080014b0   0x080014b0   0x00000074   Code   RO            2    .text.EXTI_Init     exti.o
    0x08001524   0x08001524   0x0000004a   Code   RO          139    .text.Init_USARTx   uart.o
    0x0800156e   0x0800156e   0x00000002   PAD
    0x08001570   0x08001570   0x00000058   Code   RO           70    .text.RTC_Alarm_Enable  rtcfunctionality.o
    0x080015c8   0x080015c8   0x0000002a   Code   RO           76    .text.RTC_Alarm_IRQHandler  rtcfunctionality.o
    0x080015f2   0x080015f2   0x00000002   PAD
    0x080015f4   0x080015f4   0x00000028   Code   RO           30    .text.RTC_BAK_SetRegister  rtc.o
    0x0800161c   0x0800161c   0x000000d8   Code   RO           34    .text.RTC_Clock_Init  rtc.o
    0x080016f4   0x080016f4   0x00000012   Code   RO           36    .text.RTC_Disable_Write_Protection  rtc.o
    0x08001706   0x08001706   0x00000002   PAD
    0x08001708   0x08001708   0x0000000e   Code   RO           42    .text.RTC_Enable_Write_Protection  rtc.o
    0x08001716   0x08001716   0x00000002   PAD
    0x08001718   0x08001718   0x00000080   Code   RO           32    .text.RTC_Init      rtc.o
    0x08001798   0x08001798   0x000000a0   Code   RO           68    .text.RTC_Set_Alarm  rtcfunctionality.o
    0x08001838   0x08001838   0x000000a0   Code   RO           38    .text.RTC_Set_Calendar_Date  rtc.o
    0x080018d8   0x080018d8   0x0000009e   Code   RO           40    .text.RTC_Set_Time  rtc.o
    0x08001976   0x08001976   0x00000002   PAD
    0x08001978   0x08001978   0x0000004a   Code   RO           89    .text.SERVO_Pin_Init  servofunctionality.o
    0x080019c2   0x080019c2   0x00000002   PAD
    0x080019c4   0x080019c4   0x000001d2   Code   RO          115    .text.System_Clock_Init  sysclock.o
    0x08001b96   0x08001b96   0x00000002   PAD
    0x08001b98   0x08001b98   0x000000b0   Code   RO           91    .text.TIM5_CH1_Init  servofunctionality.o
    0x08001c48   0x08001c48   0x000000ba   Code   RO          127    .text.UART1_GPIO_Init  uart.o
    0x08001d02   0x08001d02   0x00000002   PAD
    0x08001d04   0x08001d04   0x0000002a   Code   RO          123    .text.UART1_Init    uart.o
    0x08001d2e   0x08001d2e   0x00000002   PAD
    0x08001d30   0x08001d30   0x000000d2   Code   RO          129    .text.UART2_GPIO_Init  uart.o
    0x08001e02   0x08001e02   0x00000002   PAD
    0x08001e04   0x08001e04   0x0000002a   Code   RO          125    .text.UART2_Init    uart.o
    0x08001e2e   0x08001e2e   0x00000002   PAD
    0x08001e30   0x08001e30   0x00000032   Code   RO          137    .text.USART_Delay   uart.o
    0x08001e62   0x08001e62   0x00000002   PAD
    0x08001e64   0x08001e64   0x00000060   Code   RO          131    .text.USART_Init    uart.o
    0x08001ec4   0x08001ec4   0x00000064   Code   RO          135    .text.USART_Write   uart.o
    0x08001f28   0x08001f28   0x00000030   Code   RO           10    .text.__NVIC_ClearPendingIRQ  exti.o
    0x08001f58   0x08001f58   0x00000030   Code   RO            4    .text.__NVIC_EnableIRQ  exti.o
    0x08001f88   0x08001f88   0x00000030   Code   RO           72    .text.__NVIC_EnableIRQ  rtcfunctionality.o
    0x08001fb8   0x08001fb8   0x00000042   Code   RO            6    .text.__NVIC_SetPriority  exti.o
    0x08001ffa   0x08001ffa   0x00000002   PAD
    0x08001ffc   0x08001ffc   0x00000042   Code   RO           74    .text.__NVIC_SetPriority  rtcfunctionality.o
    0x0800203e   0x0800203e   0x00000002   PAD
    0x08002040   0x08002040   0x00000026   Code   RO          148    .text.fputc         uart_printf.o
    0x08002066   0x08002066   0x00000002   PAD
    0x08002068   0x08002068   0x00000094   Code   RO           20    .text.main          main.o
    0x080020fc   0x080020fc   0x0000003e   Code   RO          325    CL$$btod_d2e        c_w.l(btod.o)
    0x0800213a   0x0800213a   0x00000046   Code   RO          327    CL$$btod_d2e_denorm_low  c_w.l(btod.o)
    0x08002180   0x08002180   0x00000060   Code   RO          326    CL$$btod_d2e_norm_op1  c_w.l(btod.o)
    0x080021e0   0x080021e0   0x00000338   Code   RO          335    CL$$btod_div_common  c_w.l(btod.o)
    0x08002518   0x08002518   0x000000dc   Code   RO          332    CL$$btod_e2e        c_w.l(btod.o)
    0x080025f4   0x080025f4   0x0000002a   Code   RO          329    CL$$btod_ediv       c_w.l(btod.o)
    0x0800261e   0x0800261e   0x0000002a   Code   RO          328    CL$$btod_emul       c_w.l(btod.o)
    0x08002648   0x08002648   0x00000244   Code   RO          334    CL$$btod_mult_common  c_w.l(btod.o)
    0x0800288c   0x0800288c   0x00000030   Code   RO          363    i.__ARM_fpclassify  m_wm.l(fpclassify.o)
    0x080028bc   0x080028bc   0x0000000e   Code   RO          231    i._is_digit         c_w.l(__printf_wp.o)
    0x080028ca   0x080028ca   0x00000002   PAD
    0x080028cc   0x080028cc   0x0000002c   Code   RO          350    locale$$code        c_w.l(lc_numeric_c.o)
    0x080028f8   0x080028f8   0x0000002c   Code   RO          373    locale$$code        c_w.l(lc_ctype_c.o)
    0x08002924   0x08002924   0x0000001a   Code   RO          435    x$fpl$fpinit        fz_wm.l(fpinit.o)
    0x0800293e   0x0800293e   0x00000004   Code   RO          264    x$fpl$printf1       fz_wm.l(printf1.o)
    0x08002942   0x08002942   0x00000004   Code   RO          266    x$fpl$printf2       fz_wm.l(printf2.o)
    0x08002946   0x08002946   0x00000000   Code   RO          362    x$fpl$usenofp       fz_wm.l(usenofp.o)
    0x08002946   0x08002946   0x00000002   PAD
    0x08002948   0x08002948   0x00000008   Data   RO          190    .constdata          c_w.l(_printf_wctomb.o)
    0x08002950   0x08002950   0x00000028   Data   RO          219    .constdata          c_w.l(_printf_hex_int_ll_ptr.o)
    0x08002978   0x08002978   0x00000011   Data   RO          239    .constdata          c_w.l(__printf_flags_ss_wp.o)
    0x08002989   0x08002989   0x00000026   Data   RO          296    .constdata          c_w.l(_printf_fp_hex.o)
    0x080029af   0x080029af   0x00000001   PAD
    0x080029b0   0x080029b0   0x00000094   Data   RO          323    .constdata          c_w.l(bigflt0.o)
    0x08002a44   0x08002a44   0x0000001e   Data   RO           22    .rodata.str1.1      main.o
    0x08002a62   0x08002a62   0x00000002   PAD
    0x08002a64   0x08002a64   0x00000010   Data   RO          510    Region$$Table       anon$$obj.o
    0x08002a74   0x08002a74   0x0000001c   Data   RO          349    locale$$data        c_w.l(lc_numeric_c.o)
    0x08002a90   0x08002a90   0x00000110   Data   RO          372    locale$$data        c_w.l(lc_ctype_c.o)


    Execution Region RW_IRAM1 (Exec base: 0x20000000, Load base: 0x08002ba0, Size: 0x000006b8, Max: 0x00018000, ABSOLUTE)

    Exec Addr    Load Addr    Size         Type   Attr      Idx    E Section Name        Object

    0x20000000        -       0x00000060   Zero   RW          366    .bss                c_w.l(libspace.o)
    0x20000060        -       0x00000054   Zero   RW          152    .bss.__stdout       uart_printf.o
    0x200000b4        -       0x00000004   Zero   RW           12    .bss.isAuthorized   exti.o
    0x200000b8        -       0x00000200   Zero   RW          106    HEAP                startup_stm32l476xx.o
    0x200002b8        -       0x00000400   Zero   RW          105    STACK               startup_stm32l476xx.o


==============================================================================

Image component sizes


      Code (inc. data)   RO Data    RW Data    ZI Data      Debug   Object Name

       354          0          0          0          4       5682   exti.o
       148          0         30          0          0        644   main.o
       734          0          0          0          0       5994   rtc.o
       404          0          0          0          0       5692   rtcfunctionality.o
       250          0          0          0          0       2606   servofunctionality.o
       140         48        392          0       1536        884   startup_stm32l476xx.o
       466          0          0          0          0       2098   sysclock.o
       800          0          0          0          0       3283   uart.o
        38          0          0          0         84       1550   uart_printf.o

    ----------------------------------------------------------------------
      3364         48        440          0       1624      28433   Object Totals
         0          0         16          0          0          0   (incl. Generated)
        30          0          2          0          0          0   (incl. Padding)

    ----------------------------------------------------------------------

      Code (inc. data)   RO Data    RW Data    ZI Data      Debug   Library Member Name

         8          0          0          0          0         68   __main.o
       398          4         17          0          0         92   __printf_flags_ss_wp.o
        14          0          0          0          0         68   __printf_wp.o
         0          0          0          0          0          0   __rtentry.o
        12          0          0          0          0          0   __rtentry2.o
         6          0          0          0          0          0   __rtentry4.o
        52          8          0          0          0          0   __scatter.o
        28          0          0          0          0          0   __scatter_zi.o
        72          0          0          0          0         96   _c16rtomb.o
         6          0          0          0          0          0   _printf_a.o
         6          0          0          0          0          0   _printf_c.o
        44          0          0          0          0        108   _printf_char.o
        48          6          0          0          0         96   _printf_char_common.o
        36          4          0          0          0         80   _printf_char_file.o
        40          0          0          0          0         68   _printf_charcount.o
         6          0          0          0          0          0   _printf_d.o
       120         16          0          0          0         92   _printf_dec.o
         6          0          0          0          0          0   _printf_e.o
         6          0          0          0          0          0   _printf_f.o
      1058          0          0          0          0        148   _printf_fp_dec.o
       770          8         38          0          0        100   _printf_fp_hex.o
       128         16          0          0          0         84   _printf_fp_infnan.o
         6          0          0          0          0          0   _printf_g.o
       148          4         40          0          0        160   _printf_hex_int_ll_ptr.o
         6          0          0          0          0          0   _printf_i.o
       178          0          0          0          0         88   _printf_intcommon.o
        10          0          0          0          0          0   _printf_l.o
         6          0          0          0          0          0   _printf_lc.o
        10          0          0          0          0          0   _printf_ll.o
         6          0          0          0          0          0   _printf_lld.o
         6          0          0          0          0          0   _printf_lli.o
         6          0          0          0          0          0   _printf_llo.o
         6          0          0          0          0          0   _printf_llu.o
         6          0          0          0          0          0   _printf_llx.o
       124         16          0          0          0         92   _printf_longlong_dec.o
         6          0          0          0          0          0   _printf_ls.o
         6          0          0          0          0          0   _printf_n.o
         6          0          0          0          0          0   _printf_o.o
       112          8          0          0          0        124   _printf_oct_int_ll.o
         6          0          0          0          0          0   _printf_p.o
        78          0          0          0          0        108   _printf_pad.o
         0          0          0          0          0          0   _printf_percent.o
         4          0          0          0          0          0   _printf_percent_end.o
         6          0          0          0          0          0   _printf_s.o
        82          0          0          0          0         80   _printf_str.o
        36          0          0          0          0         84   _printf_truncate.o
         6          0          0          0          0          0   _printf_u.o
        44          0          0          0          0        108   _printf_wchar.o
       194          6          8          0          0         92   _printf_wctomb.o
         6          0          0          0          0          0   _printf_x.o
       228          4        148          0          0         96   bigflt0.o
      1936        128          0          0          0        668   btod.o
        18          0          0          0          0         80   exit.o
         8          0          0          0          0         68   ferror.o
         6          0          0          0          0        152   heapauxi.o
         0          0          0          0          0          0   indicate_semi.o
        44         10        272          0          0         76   lc_ctype_c.o
        44         10         28          0          0         76   lc_numeric_c.o
         2          0          0          0          0          0   libinit.o
        34          0          0          0          0          0   libinit2.o
         2          0          0          0          0          0   libshutdown.o
         2          0          0          0          0          0   libshutdown2.o
         8          4          0          0         96         68   libspace.o
       138          0          0          0          0         80   lludiv10.o
        24          4          0          0          0         84   printf.o
        16          4          0          0          0         76   rt_ctype_table.o
         8          4          0          0          0         68   rt_locale_intlibspace.o
         2          0          0          0          0          0   rtexit.o
        10          0          0          0          0          0   rtexit2.o
       124          0          0          0          0         88   strcmpv7em.o
        12          4          0          0          0         68   sys_exit.o
        74          0          0          0          0         80   sys_stackheap_outer.o
         2          0          0          0          0         68   use_no_semi.o
        26          0          0          0          0        116   fpinit.o
         4          0          0          0          0        116   printf1.o
         4          0          0          0          0        116   printf2.o
         0          0          0          0          0          0   usenofp.o
        48          0          0          0          0        124   fpclassify.o

    ----------------------------------------------------------------------
      6812        268        552          0         96       4404   Library Totals
        14          0          1          0          0          0   (incl. Padding)

    ----------------------------------------------------------------------

      Code (inc. data)   RO Data    RW Data    ZI Data      Debug   Library Name

      6716        268        551          0         96       3932   c_w.l
        34          0          0          0          0        348   fz_wm.l
        48          0          0          0          0        124   m_wm.l

    ----------------------------------------------------------------------
      6812        268        552          0         96       4404   Library Totals

    ----------------------------------------------------------------------

==============================================================================


      Code (inc. data)   RO Data    RW Data    ZI Data      Debug   

     10176        316        992          0       1720      30349   Grand Totals
     10176        316        992          0       1720      30349   ELF Image Totals
     10176        316        992          0          0          0   ROM Totals

==============================================================================

    Total RO  Size (Code + RO Data)                11168 (  10.91kB)
    Total RW  Size (RW Data + ZI Data)              1720 (   1.68kB)
    Total ROM Size (Code + RO Data + RW Data)      11168 (  10.91kB)

==============================================================================

