Component: Arm Compiler for Embedded 6.19 Tool: armlink [5e73cb00]

==============================================================================

Section Cross References

    exti.o(.text.EXTI_Init) refers to exti.o(.text.__NVIC_EnableIRQ) for __NVIC_EnableIRQ
    exti.o(.text.EXTI_Init) refers to exti.o(.text.__NVIC_SetPriority) for __NVIC_SetPriority
    exti.o(.ARM.exidx.text.EXTI_Init) refers to exti.o(.text.EXTI_Init) for [Anonymous Symbol]
    exti.o(.ARM.exidx.text.__NVIC_EnableIRQ) refers to exti.o(.text.__NVIC_EnableIRQ) for [Anonymous Symbol]
    exti.o(.ARM.exidx.text.__NVIC_SetPriority) refers to exti.o(.text.__NVIC_SetPriority) for [Anonymous Symbol]
    exti.o(.text.EXTI1_IRQHandler) refers to exti.o(.text.__NVIC_ClearPendingIRQ) for __NVIC_ClearPendingIRQ
    exti.o(.text.EXTI1_IRQHandler) refers to exti.o(.bss.isAuthorized) for isAuthorized
    exti.o(.ARM.exidx.text.EXTI1_IRQHandler) refers to exti.o(.text.EXTI1_IRQHandler) for [Anonymous Symbol]
    exti.o(.ARM.exidx.text.__NVIC_ClearPendingIRQ) refers to exti.o(.text.__NVIC_ClearPendingIRQ) for [Anonymous Symbol]
    main.o(.text.main) refers to sysclock.o(.text.System_Clock_Init) for System_Clock_Init
    main.o(.text.main) refers to rtc.o(.text.RTC_Init) for RTC_Init
    main.o(.text.main) refers to rtcfunctionality.o(.text.RTC_Alarm_Enable) for RTC_Alarm_Enable
    main.o(.text.main) refers to uart.o(.text.Init_USARTx) for Init_USARTx
    main.o(.text.main) refers to servofunctionality.o(.text.SERVO_Pin_Init) for SERVO_Pin_Init
    main.o(.text.main) refers to servofunctionality.o(.text.TIM5_CH1_Init) for TIM5_CH1_Init
    main.o(.text.main) refers to servofunctionality.o(.text.SERVO_Init) for SERVO_Init
    main.o(.text.main) refers to exti.o(.text.EXTI_Init) for EXTI_Init
    main.o(.text.main) refers to rtc.o(.text.Get_RTC_Calendar) for Get_RTC_Calendar
    main.o(.text.main) refers to exti.o(.bss.isAuthorized) for isAuthorized
    main.o(.text.main) refers to main.o(.rodata.str1.1) for .L.str
    main.o(.text.main) refers to printf.o(.text) for printf
    main.o(.text.main) refers to scanf.o(.text) for scanf
    main.o(.text.main) refers to atoi.o(.text) for atoi
    main.o(.text.main) refers to rtcfunctionality.o(.text.RTC_Set_Alarm) for RTC_Set_Alarm
    main.o(.text.main) refers to rtcfunctionality.o(.text.EnableAlarmA) for EnableAlarmA
    main.o(.text.main) refers to servofunctionality.o(.text.Servo_Move_Center) for Servo_Move_Center
    main.o(.text.main) refers to rtcfunctionality.o(.bss.isTimeoutComplete) for isTimeoutComplete
    main.o(.text.main) refers to rtcfunctionality.o(.text.DisableAlarmA) for DisableAlarmA
    main.o(.ARM.exidx.text.main) refers to main.o(.text.main) for [Anonymous Symbol]
    rtc.o(.ARM.exidx.text.RTC_BAK_SetRegister) refers to rtc.o(.text.RTC_BAK_SetRegister) for [Anonymous Symbol]
    rtc.o(.text.RTC_Init) refers to rtc.o(.text.RTC_Clock_Init) for RTC_Clock_Init
    rtc.o(.text.RTC_Init) refers to rtc.o(.text.RTC_Disable_Write_Protection) for RTC_Disable_Write_Protection
    rtc.o(.text.RTC_Init) refers to rtc.o(.text.RTC_Set_Calendar_Date) for RTC_Set_Calendar_Date
    rtc.o(.text.RTC_Init) refers to rtc.o(.text.RTC_Set_Time) for RTC_Set_Time
    rtc.o(.text.RTC_Init) refers to rtc.o(.text.RTC_Enable_Write_Protection) for RTC_Enable_Write_Protection
    rtc.o(.text.RTC_Init) refers to rtc.o(.text.RTC_BAK_SetRegister) for RTC_BAK_SetRegister
    rtc.o(.ARM.exidx.text.RTC_Init) refers to rtc.o(.text.RTC_Init) for [Anonymous Symbol]
    rtc.o(.ARM.exidx.text.RTC_Clock_Init) refers to rtc.o(.text.RTC_Clock_Init) for [Anonymous Symbol]
    rtc.o(.ARM.exidx.text.RTC_Disable_Write_Protection) refers to rtc.o(.text.RTC_Disable_Write_Protection) for [Anonymous Symbol]
    rtc.o(.ARM.exidx.text.RTC_Set_Calendar_Date) refers to rtc.o(.text.RTC_Set_Calendar_Date) for [Anonymous Symbol]
    rtc.o(.ARM.exidx.text.RTC_Set_Time) refers to rtc.o(.text.RTC_Set_Time) for [Anonymous Symbol]
    rtc.o(.ARM.exidx.text.RTC_Enable_Write_Protection) refers to rtc.o(.text.RTC_Enable_Write_Protection) for [Anonymous Symbol]
    rtc.o(.ARM.exidx.text.RTC_TIME_GetHour) refers to rtc.o(.text.RTC_TIME_GetHour) for [Anonymous Symbol]
    rtc.o(.ARM.exidx.text.RTC_TIME_GetMinute) refers to rtc.o(.text.RTC_TIME_GetMinute) for [Anonymous Symbol]
    rtc.o(.ARM.exidx.text.RTC_TIME_GetSecond) refers to rtc.o(.text.RTC_TIME_GetSecond) for [Anonymous Symbol]
    rtc.o(.ARM.exidx.text.RTC_DATE_GetMonth) refers to rtc.o(.text.RTC_DATE_GetMonth) for [Anonymous Symbol]
    rtc.o(.ARM.exidx.text.RTC_DATE_GetDay) refers to rtc.o(.text.RTC_DATE_GetDay) for [Anonymous Symbol]
    rtc.o(.ARM.exidx.text.RTC_DATE_GetYear) refers to rtc.o(.text.RTC_DATE_GetYear) for [Anonymous Symbol]
    rtc.o(.ARM.exidx.text.RTC_DATE_GetWeekDay) refers to rtc.o(.text.RTC_DATE_GetWeekDay) for [Anonymous Symbol]
    rtc.o(.text.Get_RTC_Calendar) refers to rtc.o(.text.RTC_TIME_GetHour) for RTC_TIME_GetHour
[...]
    i.__mathlib_dbl_overflow                 0x08004590   Section        0  dunder.o(i.__mathlib_dbl_overflow)
    i.__mathlib_dbl_underflow                0x080045b0   Section        0  dunder.o(i.__mathlib_dbl_underflow)
    i.__mathlib_narrow                       0x080045d0   Section        0  narrow.o(i.__mathlib_narrow)
    i.__support_ldexp                        0x080045e2   Section        0  ldexp.o(i.__support_ldexp)
    i._is_digit                              0x080045f6   Section        0  __printf_wp.o(i._is_digit)
    i.frexp                                  0x08004608   Section        0  frexp.o(i.frexp)
    locale$$code                             0x08004694   Section       44  lc_ctype_c.o(locale$$code)
    locale$$code                             0x080046c0   Section       44  lc_numeric_c.o(locale$$code)
    $v0                                      0x080046ec   Number         0  d2f.o(x$fpl$d2f)
    x$fpl$d2f                                0x080046ec   Section       98  d2f.o(x$fpl$d2f)
    $v0                                      0x08004750   Number         0  dcheck1.o(x$fpl$dcheck1)
    x$fpl$dcheck1                            0x08004750   Section       16  dcheck1.o(x$fpl$dcheck1)
    $v0                                      0x08004760   Number         0  dcmpi.o(x$fpl$dcmpinf)
    x$fpl$dcmpinf                            0x08004760   Section       24  dcmpi.o(x$fpl$dcmpinf)
    $v0                                      0x08004778   Number         0  deqf.o(x$fpl$deqf)
    x$fpl$deqf                               0x08004778   Section      120  deqf.o(x$fpl$deqf)
    $v0                                      0x080047f0   Number         0  dleqf.o(x$fpl$dleqf)
    x$fpl$dleqf                              0x080047f0   Section      120  dleqf.o(x$fpl$dleqf)
    $v0                                      0x08004868   Number         0  dmul.o(x$fpl$dmul)
    x$fpl$dmul                               0x08004868   Section      340  dmul.o(x$fpl$dmul)
    $v0                                      0x080049bc   Number         0  dnaninf.o(x$fpl$dnaninf)
    x$fpl$dnaninf                            0x080049bc   Section      156  dnaninf.o(x$fpl$dnaninf)
    $v0                                      0x08004a58   Number         0  dretinf.o(x$fpl$dretinf)
    x$fpl$dretinf                            0x08004a58   Section       12  dretinf.o(x$fpl$dretinf)
    $v0                                      0x08004a64   Number         0  drleqf.o(x$fpl$drleqf)
    x$fpl$drleqf                             0x08004a64   Section      108  drleqf.o(x$fpl$drleqf)
    $v0                                      0x08004ad0   Number         0  fpinit.o(x$fpl$fpinit)
    x$fpl$fpinit                             0x08004ad0   Section       26  fpinit.o(x$fpl$fpinit)
    $v0                                      0x08004aea   Number         0  fretinf.o(x$fpl$fretinf)
    x$fpl$fretinf                            0x08004aea   Section       10  fretinf.o(x$fpl$fretinf)
    $v0                                      0x08004af4   Number         0  istatus.o(x$fpl$ieeestatus)
    x$fpl$ieeestatus                         0x08004af4   Section        6  istatus.o(x$fpl$ieeestatus)
    $v0                                      0x08004afa   Number         0  printf1.o(x$fpl$printf1)
    x$fpl$printf1                            0x08004afa   Section        4  printf1.o(x$fpl$printf1)
    $v0                                      0x08004afe   Number         0  printf2.o(x$fpl$printf2)
    x$fpl$printf2                            0x08004afe   Section        4  printf2.o(x$fpl$printf2)
    $v0                                      0x08004b02   Number         0  retnan.o(x$fpl$retnan)
    x$fpl$retnan                             0x08004b02   Section      100  retnan.o(x$fpl$retnan)
    $v0                                      0x08004b66   Number         0  scalbn.o(x$fpl$scalbn)
    x$fpl$scalbn                             0x08004b66   Section       92  scalbn.o(x$fpl$scalbn)
    $v0                                      0x08004bc2   Number         0  scanf1.o(x$fpl$scanf1)
    x$fpl$scanf1                             0x08004bc2   Section        4  scanf1.o(x$fpl$scanf1)
    $v0                                      0x08004bc6   Number         0  scanf2.o(x$fpl$scanf2)
    x$fpl$scanf2                             0x08004bc6   Section        8  scanf2.o(x$fpl$scanf2)
    $v0                                      0x08004bce   Number         0  trapv.o(x$fpl$trapveneer)
    x$fpl$trapveneer                         0x08004bce   Section       48  trapv.o(x$fpl$trapveneer)
    x$fpl$usenofp                            0x08004bfe   Section        0  usenofp.o(x$fpl$usenofp)
    initial_mbstate                          0x08004c00   Data           8  _printf_wctomb.o(.constdata)
    .constdata                               0x08004c00   Section        8  _printf_wctomb.o(.constdata)
    uc_hextab                                0x08004c08   Data          20  _printf_hex_int_ll_ptr.o(.constdata)
    .constdata                               0x08004c08   Section       40  _printf_hex_int_ll_ptr.o(.constdata)
    lc_hextab                                0x08004c1c   Data          20  _printf_hex_int_ll_ptr.o(.constdata)
    maptable                                 0x08004c30   Data          17  __printf_flags_ss_wp.o(.constdata)
    .constdata                               0x08004c30   Section       17  __printf_flags_ss_wp.o(.constdata)
    lc_hextab                                0x08004c41   Data          19  _printf_fp_hex.o(.constdata)
    .constdata                               0x08004c41   Section       38  _printf_fp_hex.o(.constdata)
    uc_hextab                                0x08004c54   Data          19  _printf_fp_hex.o(.constdata)
    tenpwrs_x                                0x08004c68   Data          60  bigflt0.o(.constdata)
    .constdata                               0x08004c68   Section      148  bigflt0.o(.constdata)
    tenpwrs_i                                0x08004ca4   Data          64  bigflt0.o(.constdata)
    .L.str.4                                 0x08004cfc   Data          74  main.o(.rodata.str1.1)
    [Anonymous Symbol]                       0x08004cfc   Section        0  main.o(.rodata.str1.1)
    .L.str.3                                 0x08004d46   Data          46  main.o(.rodata.str1.1)
    .L.str.2                                 0x08004d74   Data          47  main.o(.rodata.str1.1)
    .L.str                                   0x08004da3   Data          39  main.o(.rodata.str1.1)
    .L.str.1                                 0x08004dca   Data           3  main.o(.rodata.str1.1)
    .L.str.1                                 0x08004dcd   Data          15  rtc.o(.rodata.str1.1)
    [Anonymous Symbol]                       0x08004dcd   Section        0  rtc.o(.rodata.str1.1)
    .L.str                                   0x08004ddc   Data          15  rtc.o(.rodata.str1.1)
    c$$dinf                                  0x08004dfc   Section        8  fpconst.o(c$$dinf)
    c$$dmax                                  0x08004e04   Section        8  fpconst.o(c$$dmax)
    locale$$data                             0x08004e0c   Section      272  lc_ctype_c.o(locale$$data)
    __lcctype_c_name                         0x08004e10   Data           2  lc_ctype_c.o(locale$$data)
    __lcctype_c_start                        0x08004e18   Data           0  lc_ctype_c.o(locale$$data)
    __lcctype_c_end                          0x08004f1c   Data           0  lc_ctype_c.o(locale$$data)
    locale$$data                             0x08004f1c   Section       28  lc_numeric_c.o(locale$$data)
    __lcnum_c_name                           0x08004f20   Data           2  lc_numeric_c.o(locale$$data)
    __lcnum_c_start                          0x08004f28   Data           0  lc_numeric_c.o(locale$$data)
    __lcnum_c_point                          0x08004f34   Data           0  lc_numeric_c.o(locale$$data)
    __lcnum_c_thousands                      0x08004f36   Data           0  lc_numeric_c.o(locale$$data)
    __lcnum_c_grouping                       0x08004f37   Data           0  lc_numeric_c.o(locale$$data)
    __lcnum_c_end                            0x08004f38   Data           0  lc_numeric_c.o(locale$$data)
    .bss                                     0x20000000   Section       96  libspace.o(.bss)
    Heap_Mem                                 0x20000110   Data         512  startup_stm32l476xx.o(HEAP)
    HEAP                                     0x20000110   Section      512  startup_stm32l476xx.o(HEAP)
    Stack_Mem                                0x20000310   Data        1024  startup_stm32l476xx.o(STACK)
    STACK                                    0x20000310   Section     1024  startup_stm32l476xx.o(STACK)
    __initial_sp                             0x20000710   Data           0  startup_stm32l476xx.o(STACK)

    Global Symbols

    Symbol Name                              Value     Ov Type        Size  Object(Section)

    BuildAttributes$$THM_ISAv4$E$P$D$K$B$S$7EM$VFPi3$EXTD16$VFPS$VFMA$PE$A:L22UL41UL21$X:L11$S22US41US21$IEEE1$IW$~IW$USESV6$~STKCKD$USESV7$~SHL$OTIME$ROPI$IEEEX$EBA8$UX$STANDARDLIB$REQ8$PRES8$EABIv2 0x00000000   Number         0  anon$$obj.o ABSOLUTE
    Image$$ER_IROM1$$RW$$Length              0x00000000   Number         0  anon$$obj.o ABSOLUTE
    Image$$ER_IROM1$$ZI$$Length              0x00000000   Number         0  anon$$obj.o ABSOLUTE
    Image$$RW_IRAM1$$Length                  0x00000000   Number         0  anon$$obj.o ABSOLUTE
    Image$$RW_IRAM1$$RO$$Length              0x00000000   Number         0  anon$$obj.o ABSOLUTE
    Image$$RW_IRAM1$$RW$$Length              0x00000000   Number         0  anon$$obj.o ABSOLUTE
    _printf_flags                            0x00000000   Number         0  printf_stubs.o ABSOLUTE
    _printf_return_value                     0x00000000   Number         0  printf_stubs.o ABSOLUTE
    _printf_sizespec                         0x00000000   Number         0  printf_stubs.o ABSOLUTE
    _printf_widthprec                        0x00000000   Number         0  printf_stubs.o ABSOLUTE
    __ARM_exceptions_init                     - Undefined Weak Reference
    __alloca_initialize                       - Undefined Weak Reference
    __arm_preinit_                            - Undefined Weak Reference
    __arm_relocate_pie_                       - Undefined Weak Reference
    __cpp_initialize__aeabi_                  - Undefined Weak Reference
    __cxa_finalize                            - Undefined Weak Reference
    __sigvec_lookup                           - Undefined Weak Reference
    _atexit_init                              - Undefined Weak Reference
    _call_atexit_fns                          - Undefined Weak Reference
    _clock_init                               - Undefined Weak Reference
    _fp_trap_init                             - Undefined Weak Reference
    _fp_trap_shutdown                         - Undefined Weak Reference
    _get_lc_collate                           - Undefined Weak Reference
    _get_lc_monetary                          - Undefined Weak Reference
    _get_lc_time                              - Undefined Weak Reference
    _getenv_init                              - Undefined Weak Reference
    _handle_redirection                       - Undefined Weak Reference
    _init_alloc                               - Undefined Weak Reference
    _init_user_alloc                          - Undefined Weak Reference
    _initio                                   - Undefined Weak Reference
    _mutex_acquire                            - Undefined Weak Reference
    _mutex_release                            - Undefined Weak Reference
    _printf_mbtowc                            - Undefined Weak Reference
    _printf_wc                                - Undefined Weak Reference
    _rand_init                                - Undefined Weak Reference
    _signal_finish                            - Undefined Weak Reference
    _signal_init                              - Undefined Weak Reference
    _terminate_alloc                          - Undefined Weak Reference
    _terminate_user_alloc                     - Undefined Weak Reference
    _terminateio                              - Undefined Weak Reference
    __Vectors_Size                           0x00000188   Number         0  startup_stm32l476xx.o ABSOLUTE
    Image$$RW_IRAM1$$ZI$$Length              0x00000710   Number         0  anon$$obj.o ABSOLUTE
    Image$$ER_IROM1$$RO$$Length              0x00004f38   Number         0  anon$$obj.o ABSOLUTE
    Image$$ER_IROM1$$RO$$Base                0x08000000   Number         0  anon$$obj.o ABSOLUTE
    Load$$ER_IROM1$$Base                     0x08000000   Number         0  anon$$obj.o ABSOLUTE
    __Vectors                                0x08000000   Data           4  startup_stm32l476xx.o(RESET)
    __Vectors_End                            0x08000188   Data           0  startup_stm32l476xx.o(RESET)
    __main                                   0x08000189   Thumb Code     8  __main.o(!!!main)
    __scatterload                            0x08000191   Thumb Code     0  __scatter.o(!!!scatter)
    __scatterload_rt2                        0x08000191   Thumb Code    44  __scatter.o(!!!scatter)
    __scatterload_rt2_thumb_only             0x08000191   Thumb Code     0  __scatter.o(!!!scatter)
    __scatterload_null                       0x0800019f   Thumb Code     0  __scatter.o(!!!scatter)
    __scatterload_zeroinit                   0x080001c5   Thumb Code    28  __scatter_zi.o(!!handler_zi)
    _printf_n                                0x080001e1   Thumb Code     0  _printf_n.o(.ARM.Collect$$_printf_percent$$00000001)
    _printf_percent                          0x080001e1   Thumb Code     0  _printf_percent.o(.ARM.Collect$$_printf_percent$$00000000)
    _printf_p                                0x080001e7   Thumb Code     0  _printf_p.o(.ARM.Collect$$_printf_percent$$00000002)
    _printf_f                                0x080001ed   Thumb Code     0  _printf_f.o(.ARM.Collect$$_printf_percent$$00000003)
    _printf_e                                0x080001f3   Thumb Code     0  _printf_e.o(.ARM.Collect$$_printf_percent$$00000004)
    _printf_g                                0x080001f9   Thumb Code     0  _printf_g.o(.ARM.Collect$$_printf_percent$$00000005)
    _printf_a                                0x080001ff   Thumb Code     0  _printf_a.o(.ARM.Collect$$_printf_percent$$00000006)
    _printf_ll                               0x08000205   Thumb Code     0  _printf_ll.o(.ARM.Collect$$_printf_percent$$00000007)
    _printf_i                                0x0800020f   Thumb Code     0  _printf_i.o(.ARM.Collect$$_printf_percent$$00000008)
    _printf_d                                0x08000215   Thumb Code     0  _printf_d.o(.ARM.Collect$$_printf_percent$$00000009)
    _printf_u                                0x0800021b   Thumb Code     0  _printf_u.o(.ARM.Collect$$_printf_percent$$0000000A)
    _printf_o                                0x08000221   Thumb Code     0  _printf_o.o(.ARM.Collect$$_printf_percent$$0000000B)
    _printf_x                                0x08000227   Thumb Code     0  _printf_x.o(.ARM.Collect$$_printf_percent$$0000000C)
    _printf_lli                              0x0800022d   Thumb Code     0  _printf_lli.o(.ARM.Collect$$_printf_percent$$0000000D)
    _printf_lld                              0x08000233   Thumb Code     0  _printf_lld.o(.ARM.Collect$$_printf_percent$$0000000E)
    _printf_llu                              0x08000239   Thumb Code     0  _printf_llu.o(.ARM.Collect$$_printf_percent$$0000000F)
    _printf_llo                              0x0800023f   Thumb Code     0  _printf_llo.o(.ARM.Collect$$_printf_percent$$00000010)
    _printf_llx                              0x08000245   Thumb Code     0  _printf_llx.o(.ARM.Collect$$_printf_percent$$00000011)
    _printf_l                                0x0800024b   Thumb Code     0  _printf_l.o(.ARM.Collect$$_printf_percent$$00000012)
    _printf_c                                0x08000255   Thumb Code     0  _printf_c.o(.ARM.Collect$$_printf_percent$$00000013)
    _printf_s                                0x0800025b   Thumb Code     0  _printf_s.o(.ARM.Collect$$_printf_percent$$00000014)
    _printf_lc                               0x08000261   Thumb Code     0  _printf_lc.o(.ARM.Collect$$_printf_percent$$00000015)
    _printf_ls                               0x08000267   Thumb Code     0  _printf_ls.o(.ARM.Collect$$_printf_percent$$00000016)
    _printf_percent_end                      0x0800026d   Thumb Code     0  _printf_percent_end.o(.ARM.Collect$$_printf_percent$$00000017)
    __rt_lib_init                            0x08000271   Thumb Code     0  libinit.o(.ARM.Collect$$libinit$$00000000)
    __rt_lib_init_fp_1                       0x08000273   Thumb Code     0  libinit2.o(.ARM.Collect$$libinit$$00000001)
    __rt_lib_init_heap_1                     0x08000277   Thumb Code     0  libinit2.o(.ARM.Collect$$libinit$$0000000C)
    __rt_lib_init_lc_common                  0x08000277   Thumb Code     0  libinit2.o(.ARM.Collect$$libinit$$00000011)
    __rt_lib_init_preinit_1                  0x08000277   Thumb Code     0  libinit2.o(.ARM.Collect$$libinit$$00000006)
    __rt_lib_init_rand_1                     0x08000277   Thumb Code     0  libinit2.o(.ARM.Collect$$libinit$$00000010)
    __rt_lib_init_relocate_pie_1             0x08000277   Thumb Code     0  libinit2.o(.ARM.Collect$$libinit$$00000004)
    __rt_lib_init_user_alloc_1               0x08000277   Thumb Code     0  libinit2.o(.ARM.Collect$$libinit$$0000000E)
    __rt_lib_init_lc_collate_1               0x0800027d   Thumb Code     0  libinit2.o(.ARM.Collect$$libinit$$00000013)
    __rt_lib_init_lc_ctype_2                 0x0800027d   Thumb Code     0  libinit2.o(.ARM.Collect$$libinit$$00000014)
    __rt_lib_init_lc_ctype_1                 0x08000289   Thumb Code     0  libinit2.o(.ARM.Collect$$libinit$$00000015)
    __rt_lib_init_lc_monetary_1              0x08000289   Thumb Code     0  libinit2.o(.ARM.Collect$$libinit$$00000017)
    __rt_lib_init_lc_numeric_2               0x08000289   Thumb Code     0  libinit2.o(.ARM.Collect$$libinit$$00000018)
    __rt_lib_init_alloca_1                   0x08000293   Thumb Code     0  libinit2.o(.ARM.Collect$$libinit$$00000030)
    __rt_lib_init_argv_1                     0x08000293   Thumb Code     0  libinit2.o(.ARM.Collect$$libinit$$0000002E)
    __rt_lib_init_atexit_1                   0x08000293   Thumb Code     0  libinit2.o(.ARM.Collect$$libinit$$0000001D)
    __rt_lib_init_clock_1                    0x08000293   Thumb Code     0  libinit2.o(.ARM.Collect$$libinit$$00000023)
    __rt_lib_init_cpp_1                      0x08000293   Thumb Code     0  libinit2.o(.ARM.Collect$$libinit$$00000034)
    __rt_lib_init_exceptions_1               0x08000293   Thumb Code     0  libinit2.o(.ARM.Collect$$libinit$$00000032)
    __rt_lib_init_fp_trap_1                  0x08000293   Thumb Code     0  libinit2.o(.ARM.Collect$$libinit$$00000021)
    __rt_lib_init_getenv_1                   0x08000293   Thumb Code     0  libinit2.o(.ARM.Collect$$libinit$$00000025)
    __rt_lib_init_lc_numeric_1               0x08000293   Thumb Code     0  libinit2.o(.ARM.Collect$$libinit$$00000019)
    __rt_lib_init_lc_time_1                  0x08000293   Thumb Code     0  libinit2.o(.ARM.Collect$$libinit$$0000001B)
    __rt_lib_init_return                     0x08000293   Thumb Code     0  libinit2.o(.ARM.Collect$$libinit$$00000035)
    __rt_lib_init_signal_1                   0x08000293   Thumb Code     0  libinit2.o(.ARM.Collect$$libinit$$0000001F)
    __rt_lib_init_stdio_1                    0x08000293   Thumb Code     0  libinit2.o(.ARM.Collect$$libinit$$00000027)
    __rt_lib_shutdown                        0x08000295   Thumb Code     0  libshutdown.o(.ARM.Collect$$libshutdown$$00000000)
    __rt_lib_shutdown_cpp_1                  0x08000297   Thumb Code     0  libshutdown2.o(.ARM.Collect$$libshutdown$$00000002)
    __rt_lib_shutdown_fp_trap_1              0x08000297   Thumb Code     0  libshutdown2.o(.ARM.Collect$$libshutdown$$00000007)
    __rt_lib_shutdown_heap_1                 0x08000297   Thumb Code     0  libshutdown2.o(.ARM.Collect$$libshutdown$$0000000F)
    __rt_lib_shutdown_return                 0x08000297   Thumb Code     0  libshutdown2.o(.ARM.Collect$$libshutdown$$00000010)
    __rt_lib_shutdown_signal_1               0x08000297   Thumb Code     0  libshutdown2.o(.ARM.Collect$$libshutdown$$0000000A)
    __rt_lib_shutdown_stdio_1                0x08000297   Thumb Code     0  libshutdown2.o(.ARM.Collect$$libshutdown$$00000004)
    __rt_lib_shutdown_user_alloc_1           0x08000297   Thumb Code     0  libshutdown2.o(.ARM.Collect$$libshutdown$$0000000C)
    __rt_entry                               0x08000299   Thumb Code     0  __rtentry.o(.ARM.Collect$$rtentry$$00000000)
    __rt_entry_presh_1                       0x08000299   Thumb Code     0  __rtentry2.o(.ARM.Collect$$rtentry$$00000002)
    __rt_entry_sh                            0x08000299   Thumb Code     0  __rtentry4.o(.ARM.Collect$$rtentry$$00000004)
    __rt_entry_li                            0x0800029f   Thumb Code     0  __rtentry2.o(.ARM.Collect$$rtentry$$0000000A)
    __rt_entry_postsh_1                      0x0800029f   Thumb Code     0  __rtentry2.o(.ARM.Collect$$rtentry$$00000009)
    __rt_entry_main                          0x080002a3   Thumb Code     0  __rtentry2.o(.ARM.Collect$$rtentry$$0000000D)
    __rt_entry_postli_1                      0x080002a3   Thumb Code     0  __rtentry2.o(.ARM.Collect$$rtentry$$0000000C)
    __rt_exit                                0x080002ab   Thumb Code     0  rtexit.o(.ARM.Collect$$rtexit$$00000000)
    __rt_exit_ls                             0x080002ad   Thumb Code     0  rtexit2.o(.ARM.Collect$$rtexit$$00000003)
    __rt_exit_prels_1                        0x080002ad   Thumb Code     0  rtexit2.o(.ARM.Collect$$rtexit$$00000002)
    __rt_exit_exit                           0x080002b1   Thumb Code     0  rtexit2.o(.ARM.Collect$$rtexit$$00000004)
    Reset_Handler                            0x080002b9   Thumb Code    62  startup_stm32l476xx.o(.text)
    NMI_Handler                              0x080002f7   Thumb Code     2  startup_stm32l476xx.o(.text)
    HardFault_Handler                        0x080002f9   Thumb Code     2  startup_stm32l476xx.o(.text)
    MemManage_Handler                        0x080002fb   Thumb Code     2  startup_stm32l476xx.o(.text)
    BusFault_Handler                         0x080002fd   Thumb Code     2  startup_stm32l476xx.o(.text)
    UsageFault_Handler                       0x080002ff   Thumb Code     2  startup_stm32l476xx.o(.text)
    SVC_Handler                              0x08000301   Thumb Code     2  startup_stm32l476xx.o(.text)
    DebugMon_Handler                         0x08000303   Thumb Code     2  startup_stm32l476xx.o(.text)
    PendSV_Handler                           0x08000305   Thumb Code     2  startup_stm32l476xx.o(.text)
    SysTick_Handler                          0x08000307   Thumb Code     2  startup_stm32l476xx.o(.text)
    ADC1_2_IRQHandler                        0x08000309   Thumb Code     0  startup_stm32l476xx.o(.text)
    ADC3_IRQHandler                          0x08000309   Thumb Code     0  startup_stm32l476xx.o(.text)
    CAN1_RX0_IRQHandler                      0x08000309   Thumb Code     0  startup_stm32l476xx.o(.text)
    CAN1_RX1_IRQHandler                      0x08000309   Thumb Code     0  startup_stm32l476xx.o(.text)
    CAN1_SCE_IRQHandler                      0x08000309   Thumb Code     0  startup_stm32l476xx.o(.text)
    CAN1_TX_IRQHandler                       0x08000309   Thumb Code     0  startup_stm32l476xx.o(.text)
    COMP_IRQHandler                          0x08000309   Thumb Code     0  startup_stm32l476xx.o(.text)
    DFSDM0_IRQHandler                        0x08000309   Thumb Code     0  startup_stm32l476xx.o(.text)
    DFSDM1_IRQHandler                        0x08000309   Thumb Code     0  startup_stm32l476xx.o(.text)
    DFSDM2_IRQHandler                        0x08000309   Thumb Code     0  startup_stm32l476xx.o(.text)
    DFSDM3_IRQHandler                        0x08000309   Thumb Code     0  startup_stm32l476xx.o(.text)
    DMA1_Channel1_IRQHandler                 0x08000309   Thumb Code     0  startup_stm32l476xx.o(.text)
    DMA1_Channel2_IRQHandler                 0x08000309   Thumb Code     0  startup_stm32l476xx.o(.text)
    DMA1_Channel3_IRQHandler                 0x08000309   Thumb Code     0  startup_stm32l476xx.o(.text)
    DMA1_Channel4_IRQHandler                 0x08000309   Thumb Code     0  startup_stm32l476xx.o(.text)
    DMA1_Channel5_IRQHandler                 0x08000309   Thumb Code     0  startup_stm32l476xx.o(.text)
    DMA1_Channel6_IRQHandler                 0x08000309   Thumb Code     0  startup_stm32l476xx.o(.text)
    DMA1_Channel7_IRQHandler                 0x08000309   Thumb Code     0  startup_stm32l476xx.o(.text)
    DMA2_Channel1_IRQHandler                 0x08000309   Thumb Code     0  startup_stm32l476xx.o(.text)
    DMA2_Channel2_IRQHandler                 0x08000309   Thumb Code     0  startup_stm32l476xx.o(.text)
    DMA2_Channel3_IRQHandler                 0x08000309   Thumb Code     0  startup_stm32l476xx.o(.text)
    DMA2_Channel4_IRQHandler                 0x08000309   Thumb Code     0  startup_stm32l476xx.o(.text)
    DMA2_Channel5_IRQHandler                 0x08000309   Thumb Code     0  startup_stm32l476xx.o(.text)
    DMA2_Channel6_IRQHandler                 0x08000309   Thumb Code     0  startup_stm32l476xx.o(.text)
    DMA2_Channel7_IRQHandler                 0x08000309   Thumb Code     0  startup_stm32l476xx.o(.text)
    EXTI0_IRQHandler                         0x08000309   Thumb Code     0  startup_stm32l476xx.o(.text)
    EXTI15_10_IRQHandler                     0x08000309   Thumb Code     0  startup_stm32l476xx.o(.text)
    EXTI2_IRQHandler                         0x08000309   Thumb Code     0  startup_stm32l476xx.o(.text)
    EXTI3_IRQHandler                         0x08000309   Thumb Code     0  startup_stm32l476xx.o(.text)
    EXTI4_IRQHandler                         0x08000309   Thumb Code     0  startup_stm32l476xx.o(.text)
    EXTI9_5_IRQHandler                       0x08000309   Thumb Code     0  startup_stm32l476xx.o(.text)
    FLASH_IRQHandler                         0x08000309   Thumb Code     0  startup_stm32l476xx.o(.text)
    FMC_IRQHandler                           0x08000309   Thumb Code     0  startup_stm32l476xx.o(.text)
    FPU_IRQHandler                           0x08000309   Thumb Code     0  startup_stm32l476xx.o(.text)
    I2C1_ER_IRQHandler                       0x08000309   Thumb Code     0  startup_stm32l476xx.o(.text)
    I2C1_EV_IRQHandler                       0x08000309   Thumb Code     0  startup_stm32l476xx.o(.text)
    I2C2_ER_IRQHandler                       0x08000309   Thumb Code     0  startup_stm32l476xx.o(.text)
    I2C2_EV_IRQHandler                       0x08000309   Thumb Code     0  startup_stm32l476xx.o(.text)
    I2C3_ER_IRQHandler                       0x08000309   Thumb Code     0  startup_stm32l476xx.o(.text)
    I2C3_EV_IRQHandler                       0x08000309   Thumb Code     0  startup_stm32l476xx.o(.text)
    LCD_IRQHandler                           0x08000309   Thumb Code     0  startup_stm32l476xx.o(.text)
    LPTIM1_IRQHandler                        0x08000309   Thumb Code     0  startup_stm32l476xx.o(.text)
    LPTIM2_IRQHandler                        0x08000309   Thumb Code     0  startup_stm32l476xx.o(.text)
    LPUART1_IRQHandler                       0x08000309   Thumb Code     0  startup_stm32l476xx.o(.text)
    OTG_FS_IRQHandler                        0x08000309   Thumb Code     0  startup_stm32l476xx.o(.text)
    PVD_PVM_IRQHandler                       0x08000309   Thumb Code     0  startup_stm32l476xx.o(.text)
    QUADSPI_IRQHandler                       0x08000309   Thumb Code     0  startup_stm32l476xx.o(.text)
    RCC_IRQHandler                           0x08000309   Thumb Code     0  startup_stm32l476xx.o(.text)
    RNG_IRQHandler                           0x08000309   Thumb Code     0  startup_stm32l476xx.o(.text)
    RTC_WKUP_IRQHandler                      0x08000309   Thumb Code     0  startup_stm32l476xx.o(.text)
    SAI1_IRQHandler                          0x08000309   Thumb Code     0  startup_stm32l476xx.o(.text)
    SAI2_IRQHandler                          0x08000309   Thumb Code     0  startup_stm32l476xx.o(.text)
    SDMMC1_IRQHandler                        0x08000309   Thumb Code     0  startup_stm32l476xx.o(.text)
    SPI1_IRQHandler                          0x08000309   Thumb Code     0  startup_stm32l476xx.o(.text)
    SPI2_IRQHandler                          0x08000309   Thumb Code     0  startup_stm32l476xx.o(.text)
    SPI3_IRQHandler                          0x08000309   Thumb Code     0  startup_stm32l476xx.o(.text)
    SWPMI1_IRQHandler                        0x08000309   Thumb Code     0  startup_stm32l476xx.o(.text)
    TAMP_STAMP_IRQHandler                    0x08000309   Thumb Code     0  startup_stm32l476xx.o(.text)
    TIM1_BRK_TIM15_IRQHandler                0x08000309   Thumb Code     0  startup_stm32l476xx.o(.text)
    TIM1_CC_IRQHandler                       0x08000309   Thumb Code     0  startup_stm32l476xx.o(.text)
    TIM1_TRG_COM_TIM17_IRQHandler            0x08000309   Thumb Code     0  startup_stm32l476xx.o(.text)
    TIM1_UP_TIM16_IRQHandler                 0x08000309   Thumb Code     0  startup_stm32l476xx.o(.text)
    TIM2_IRQHandler                          0x08000309   Thumb Code     0  startup_stm32l476xx.o(.text)
    TIM3_IRQHandler                          0x08000309   Thumb Code     0  startup_stm32l476xx.o(.text)
    TIM4_IRQHandler                          0x08000309   Thumb Code     0  startup_stm32l476xx.o(.text)
    TIM5_IRQHandler                          0x08000309   Thumb Code     0  startup_stm32l476xx.o(.text)
    TIM6_DAC_IRQHandler                      0x08000309   Thumb Code     0  startup_stm32l476xx.o(.text)
    TIM7_IRQHandler                          0x08000309   Thumb Code     0  startup_stm32l476xx.o(.text)
    TIM8_BRK_IRQHandler                      0x08000309   Thumb Code     0  startup_stm32l476xx.o(.text)
    TIM8_CC_IRQHandler                       0x08000309   Thumb Code     0  startup_stm32l476xx.o(.text)
    TIM8_TRG_COM_IRQHandler                  0x08000309   Thumb Code     0  startup_stm32l476xx.o(.text)
    TIM8_UP_IRQHandler                       0x08000309   Thumb Code     0  startup_stm32l476xx.o(.text)
    TSC_IRQHandler                           0x08000309   Thumb Code     0  startup_stm32l476xx.o(.text)
    UART4_IRQHandler                         0x08000309   Thumb Code     0  startup_stm32l476xx.o(.text)
    UART5_IRQHandler                         0x08000309   Thumb Code     0  startup_stm32l476xx.o(.text)
    USART1_IRQHandler                        0x08000309   Thumb Code     0  startup_stm32l476xx.o(.text)
    USART2_IRQHandler                        0x08000309   Thumb Code     0  startup_stm32l476xx.o(.text)
    USART3_IRQHandler                        0x08000309   Thumb Code     0  startup_stm32l476xx.o(.text)
    WWDG_IRQHandler                          0x08000309   Thumb Code     0  startup_stm32l476xx.o(.text)
    __user_initial_stackheap                 0x0800030d   Thumb Code     0  startup_stm32l476xx.o(.text)
    printf                                   0x08000345   Thumb Code    20  printf.o(.text)
    sprintf                                  0x0800035d   Thumb Code    38  sprintf.o(.text)
    scanf                                    0x08000389   Thumb Code    26  scanf.o(.text)
    atoi                                     0x080003a9   Thumb Code    26  atoi.o(.text)
    __use_two_region_memory                  0x080003c3   Thumb Code     2  heapauxi.o(.text)
    __rt_heap_escrow$2region                 0x080003c5   Thumb Code     2  heapauxi.o(.text)
    __rt_heap_expand$2region                 0x080003c7   Thumb Code     2  heapauxi.o(.text)
    __aeabi_errno_addr                       0x080003c9   Thumb Code     8  rt_errno_addr_intlibspace.o(.text)
    __errno$intlibspace                      0x080003c9   Thumb Code     0  rt_errno_addr_intlibspace.o(.text)
    __rt_errno_addr$intlibspace              0x080003c9   Thumb Code     0  rt_errno_addr_intlibspace.o(.text)
    _printf_pre_padding                      0x080003d1   Thumb Code    44  _printf_pad.o(.text)
    _printf_post_padding                     0x080003fd   Thumb Code    34  _printf_pad.o(.text)
    _printf_truncate_signed                  0x0800041f   Thumb Code    18  _printf_truncate.o(.text)
    _printf_truncate_unsigned                0x08000431   Thumb Code    18  _printf_truncate.o(.text)
    _printf_str                              0x08000443   Thumb Code    82  _printf_str.o(.text)
    _printf_int_dec                          0x08000495   Thumb Code   104  _printf_dec.o(.text)
    _printf_charcount                        0x0800050d   Thumb Code    40  _printf_charcount.o(.text)
    _printf_char_common                      0x0800053f   Thumb Code    32  _printf_char_common.o(.text)
    _sputc                                   0x08000565   Thumb Code    10  _sputc.o(.text)
    _printf_char_file                        0x08000571   Thumb Code    32  _printf_char_file.o(.text)
    _printf_wctomb                           0x08000595   Thumb Code   182  _printf_wctomb.o(.text)
    _printf_longlong_dec                     0x08000659   Thumb Code   108  _printf_longlong_dec.o(.text)
    _printf_longlong_oct                     0x080006d5   Thumb Code    68  _printf_oct_int_ll.o(.text)
    _printf_int_oct                          0x08000719   Thumb Code    24  _printf_oct_int_ll.o(.text)
    _printf_ll_oct                           0x08000731   Thumb Code    12  _printf_oct_int_ll.o(.text)
    _printf_longlong_hex                     0x08000745   Thumb Code    86  _printf_hex_int_ll_ptr.o(.text)
    _printf_int_hex                          0x0800079b   Thumb Code    28  _printf_hex_int_ll_ptr.o(.text)
    _printf_ll_hex                           0x080007b7   Thumb Code    12  _printf_hex_int_ll_ptr.o(.text)
    _printf_hex_ptr                          0x080007c3   Thumb Code    18  _printf_hex_int_ll_ptr.o(.text)
    __printf                                 0x080007d9   Thumb Code   388  __printf_flags_ss_wp.o(.text)
    _scanf_longlong                          0x08000967   Thumb Code   342  _scanf_longlong.o(.text)
    _scanf_int                               0x08000ac3   Thumb Code   332  _scanf_int.o(.text)
    _scanf_string                            0x08000c15   Thumb Code   224  _scanf_str.o(.text)
    __vfscanf_char_file                      0x08000cfd   Thumb Code    16  scanf_char_file.o(.text)
    strtol                                   0x08000d15   Thumb Code   112  strtol.o(.text)
    _scanf_mbtowc                            0x08000d85   Thumb Code   276  _scanf_mbtowc.o(.text)
    _scanf_wctomb                            0x08000e9f   Thumb Code   232  _scanf_wctomb.o(.text)
    _scanf_wstring                           0x08000f8d   Thumb Code   208  _scanf_wstr.o(.text)
    __user_libspace                          0x08001065   Thumb Code     8  libspace.o(.text)
    __user_perproc_libspace                  0x08001065   Thumb Code     0  libspace.o(.text)
    __user_perthread_libspace                0x08001065   Thumb Code     0  libspace.o(.text)
    __rt_ctype_table                         0x0800106d   Thumb Code    16  rt_ctype_table.o(.text)
    _ll_udiv10                               0x0800107d   Thumb Code   138  lludiv10.o(.text)
    _printf_int_common                       0x08001107   Thumb Code   178  _printf_intcommon.o(.text)
    _printf_fp_dec_real                      0x08001369   Thumb Code   620  _printf_fp_dec.o(.text)
    _printf_fp_hex_real                      0x080015dd   Thumb Code   756  _printf_fp_hex.o(.text)
    _printf_cs_common                        0x080018df   Thumb Code    20  _printf_char.o(.text)
    _printf_char                             0x080018f3   Thumb Code    16  _printf_char.o(.text)
    _printf_string                           0x08001903   Thumb Code     8  _printf_char.o(.text)
    _printf_lcs_common                       0x0800190b   Thumb Code    20  _printf_wchar.o(.text)
    _printf_wchar                            0x0800191f   Thumb Code    16  _printf_wchar.o(.text)
    _printf_wstring                          0x0800192f   Thumb Code     8  _printf_wchar.o(.text)
    _chval                                   0x08001937   Thumb Code    28  _chval.o(.text)
    _scanf_really_real                       0x08001ba1   Thumb Code   684  scanf_fp.o(.text)
    __vfscanf_char                           0x08001e69   Thumb Code    24  scanf_char.o(.text)
    _strtoul                                 0x08001e89   Thumb Code   158  _strtoul.o(.text)
    _scanf_wcharmap                          0x08001f2d   Thumb Code    30  _scanf_wcharmap.o(.text)
    ___backspace$unlocked                    0x08001f4b   Thumb Code     2  backspace.o(.text)
    __backspace                              0x08001f4d   Thumb Code    70  backspace.o(.text)
    ferror                                   0x08001f93   Thumb Code     8  ferror.o(.text)
    _mbrtoc16                                0x08001f9b   Thumb Code    64  _mbrtoc16.o(.text)
    _mbrtowc                                 0x08001f9b   Thumb Code     0  _mbrtoc16.o(.text)
    _c16rtomb                                0x08001fdb   Thumb Code    72  _c16rtomb.o(.text)
    _wcrtomb                                 0x08001fdb   Thumb Code     0  _c16rtomb.o(.text)
    __user_setup_stackheap                   0x08002023   Thumb Code    74  sys_stackheap_outer.o(.text)
    __rt_locale                              0x0800206d   Thumb Code     8  rt_locale_intlibspace.o(.text)
    __aeabi_llsl                             0x08002075   Thumb Code     0  llshl.o(.text)
    _ll_shift_l                              0x08002075   Thumb Code    38  llshl.o(.text)
    isspace                                  0x0800209b   Thumb Code    18  isspace.o(.text)
    _printf_fp_infnan                        0x080020ad   Thumb Code   112  _printf_fp_infnan.o(.text)
    __vfscanf                                0x0800212d   Thumb Code   878  _scanf.o(.text)
    _btod_etento                             0x080024a9   Thumb Code   224  bigflt0.o(.text)
    _ungetc_internal                         0x0800258d   Thumb Code    60  ungetc.o(.text)
    ungetc                                   0x0800258d   Thumb Code     0  ungetc.o(.text)
    exit                                     0x080025d5   Thumb Code    18  exit.o(.text)
    __read_errno                             0x080025e7   Thumb Code    10  _rserrno.o(.text)
    __set_errno                              0x080025f1   Thumb Code    12  _rserrno.o(.text)
    _scanf_really_hex_real                   0x080025fd   Thumb Code   786  scanf_hexfp.o(.text)
    _scanf_really_infnan                     0x08002925   Thumb Code   292  scanf_infnan.o(.text)
    strcmp                                   0x08002a61   Thumb Code   124  strcmpv7em.o(.text)
    _sys_exit                                0x08002add   Thumb Code     8  sys_exit.o(.text)
    __I$use$semihosting                      0x08002ae9   Thumb Code     0  use_no_semi.o(.text)
    __use_no_semihosting_swi                 0x08002ae9   Thumb Code     2  use_no_semi.o(.text)
    __semihosting_library_function           0x08002aeb   Thumb Code     0  indicate_semi.o(.text)
    DisableAlarmA                            0x08002aed   Thumb Code    36  rtcfunctionality.o(.text.DisableAlarmA)
    EXTI1_IRQHandler                         0x08002b11   Thumb Code    76  exti.o(.text.EXTI1_IRQHandler)
    EXTI_Init                                0x08002b5d   Thumb Code   116  exti.o(.text.EXTI_Init)
    EnableAlarmA                             0x08002bd1   Thumb Code    36  rtcfunctionality.o(.text.EnableAlarmA)
    Get_RTC_Calendar                         0x08002bf5   Thumb Code   270  rtc.o(.text.Get_RTC_Calendar)
    Init_USARTx                              0x08002d05   Thumb Code    74  uart.o(.text.Init_USARTx)
    RTC_Alarm_Enable                         0x08002d51   Thumb Code    88  rtcfunctionality.o(.text.RTC_Alarm_Enable)
    RTC_Alarm_IRQHandler                     0x08002da9   Thumb Code    52  rtcfunctionality.o(.text.RTC_Alarm_IRQHandler)
    RTC_BAK_SetRegister                      0x08002ddd   Thumb Code    40  rtc.o(.text.RTC_BAK_SetRegister)
    RTC_Clock_Init                           0x08002e05   Thumb Code   216  rtc.o(.text.RTC_Clock_Init)
    RTC_DATE_GetDay                          0x08002edd   Thumb Code    42  rtc.o(.text.RTC_DATE_GetDay)
    RTC_DATE_GetMonth                        0x08002f09   Thumb Code    42  rtc.o(.text.RTC_DATE_GetMonth)
    RTC_DATE_GetYear                         0x08002f35   Thumb Code    42  rtc.o(.text.RTC_DATE_GetYear)
    RTC_Disable_Write_Protection             0x08002f61   Thumb Code    18  rtc.o(.text.RTC_Disable_Write_Protection)
    RTC_Enable_Write_Protection              0x08002f75   Thumb Code    14  rtc.o(.text.RTC_Enable_Write_Protection)
    RTC_Init                                 0x08002f85   Thumb Code   134  rtc.o(.text.RTC_Init)
    RTC_Set_Alarm                            0x0800300d   Thumb Code   158  rtcfunctionality.o(.text.RTC_Set_Alarm)
    RTC_Set_Calendar_Date                    0x080030ad   Thumb Code   160  rtc.o(.text.RTC_Set_Calendar_Date)
    RTC_Set_Time                             0x0800314d   Thumb Code   158  rtc.o(.text.RTC_Set_Time)
    RTC_TIME_GetHour                         0x080031ed   Thumb Code    42  rtc.o(.text.RTC_TIME_GetHour)
    RTC_TIME_GetMinute                       0x08003219   Thumb Code    42  rtc.o(.text.RTC_TIME_GetMinute)
    RTC_TIME_GetSecond                       0x08003245   Thumb Code    42  rtc.o(.text.RTC_TIME_GetSecond)
    SERVO_Init                               0x08003271   Thumb Code    16  servofunctionality.o(.text.SERVO_Init)
    SERVO_Pin_Init                           0x08003281   Thumb Code    74  servofunctionality.o(.text.SERVO_Pin_Init)
    Servo_Move_Center                        0x080032cd   Thumb Code    14  servofunctionality.o(.text.Servo_Move_Center)
    Servo_Move_Right_90_Degree               0x080032dd   Thumb Code    14  servofunctionality.o(.text.Servo_Move_Right_90_Degree)
    System_Clock_Init                        0x080032ed   Thumb Code   466  sysclock.o(.text.System_Clock_Init)
    TIM5_CH1_Init                            0x080034c1   Thumb Code   178  servofunctionality.o(.text.TIM5_CH1_Init)
    UART1_GPIO_Init                          0x08003575   Thumb Code   186  uart.o(.text.UART1_GPIO_Init)
    UART1_Init                               0x08003631   Thumb Code    42  uart.o(.text.UART1_Init)
    UART2_GPIO_Init                          0x0800365d   Thumb Code   210  uart.o(.text.UART2_GPIO_Init)
    UART2_Init                               0x08003731   Thumb Code    42  uart.o(.text.UART2_Init)
    USART_Delay                              0x0800375d   Thumb Code    50  uart.o(.text.USART_Delay)
    USART_Init                               0x08003791   Thumb Code    96  uart.o(.text.USART_Init)
    USART_Read                               0x080037f1   Thumb Code    30  uart.o(.text.USART_Read)
    USART_Write                              0x08003811   Thumb Code   100  uart.o(.text.USART_Write)
    fgetc                                    0x0800398d   Thumb Code    30  uart_printf.o(.text.fgetc)
    fputc                                    0x080039ad   Thumb Code    38  uart_printf.o(.text.fputc)
    main                                     0x080039d5   Thumb Code   344  main.o(.text.main)
    _btod_d2e                                0x08003b2d   Thumb Code    62  btod.o(CL$$btod_d2e)
    _d2e_denorm_low                          0x08003b6b   Thumb Code    70  btod.o(CL$$btod_d2e_denorm_low)
    _d2e_norm_op1                            0x08003bb1   Thumb Code    96  btod.o(CL$$btod_d2e_norm_op1)
    __btod_div_common                        0x08003c11   Thumb Code   696  btod.o(CL$$btod_div_common)
    _e2d                                     0x08003f49   Thumb Code   122  btod.o(CL$$btod_e2d)
    _e2e                                     0x08003fcd   Thumb Code   220  btod.o(CL$$btod_e2e)
    _btod_ediv                               0x080040a9   Thumb Code    42  btod.o(CL$$btod_ediv)
    _btod_edivd                              0x080040d3   Thumb Code    42  btod.o(CL$$btod_edivd)
    _btod_emul                               0x080040fd   Thumb Code    42  btod.o(CL$$btod_emul)
    _btod_emuld                              0x08004127   Thumb Code    42  btod.o(CL$$btod_emuld)
    __btod_mult_common                       0x08004151   Thumb Code   580  btod.o(CL$$btod_mult_common)
    __ARM_fpclassify                         0x08004395   Thumb Code    48  fpclassify.o(i.__ARM_fpclassify)
    __hardfp___mathlib_tofloat               0x080043c9   Thumb Code   232  narrow.o(i.__hardfp___mathlib_tofloat)
    __hardfp_ldexp                           0x080044c1   Thumb Code   200  ldexp.o(i.__hardfp_ldexp)
    __mathlib_dbl_overflow                   0x08004591   Thumb Code    24  dunder.o(i.__mathlib_dbl_overflow)
    __mathlib_dbl_underflow                  0x080045b1   Thumb Code    24  dunder.o(i.__mathlib_dbl_underflow)
    __mathlib_narrow                         0x080045d1   Thumb Code    18  narrow.o(i.__mathlib_narrow)
    __support_ldexp                          0x080045e3   Thumb Code    20  ldexp.o(i.__support_ldexp)
    _is_digit                                0x080045f7   Thumb Code    14  __printf_wp.o(i._is_digit)
    frexp                                    0x08004609   Thumb Code   118  frexp.o(i.frexp)
    _get_lc_ctype                            0x08004695   Thumb Code    44  lc_ctype_c.o(locale$$code)
    _get_lc_numeric                          0x080046c1   Thumb Code    44  lc_numeric_c.o(locale$$code)
    __aeabi_d2f                              0x080046ed   Thumb Code     0  d2f.o(x$fpl$d2f)
    _d2f                                     0x080046ed   Thumb Code    98  d2f.o(x$fpl$d2f)
    __fpl_dcheck_NaN1                        0x08004751   Thumb Code    10  dcheck1.o(x$fpl$dcheck1)
    __fpl_dcmp_Inf                           0x08004761   Thumb Code    24  dcmpi.o(x$fpl$dcmpinf)
    __aeabi_cdcmpeq                          0x08004779   Thumb Code     0  deqf.o(x$fpl$deqf)
    _dcmpeq                                  0x08004779   Thumb Code   120  deqf.o(x$fpl$deqf)
    __aeabi_cdcmple                          0x080047f1   Thumb Code     0  dleqf.o(x$fpl$dleqf)
    _dcmple                                  0x080047f1   Thumb Code   120  dleqf.o(x$fpl$dleqf)
    __fpl_dcmple_InfNaN                      0x08004853   Thumb Code     0  dleqf.o(x$fpl$dleqf)
    __aeabi_dmul                             0x08004869   Thumb Code     0  dmul.o(x$fpl$dmul)
    _dmul                                    0x08004869   Thumb Code   332  dmul.o(x$fpl$dmul)
    __fpl_dnaninf                            0x080049bd   Thumb Code   156  dnaninf.o(x$fpl$dnaninf)
    __fpl_dretinf                            0x08004a59   Thumb Code    12  dretinf.o(x$fpl$dretinf)
    __aeabi_cdrcmple                         0x08004a65   Thumb Code     0  drleqf.o(x$fpl$drleqf)
    _drcmple                                 0x08004a65   Thumb Code   108  drleqf.o(x$fpl$drleqf)
    _fp_init                                 0x08004ad1   Thumb Code    26  fpinit.o(x$fpl$fpinit)
    __fplib_config_fpu_vfp                   0x08004ae9   Thumb Code     0  fpinit.o(x$fpl$fpinit)
    __fplib_config_pureend_doubles           0x08004ae9   Thumb Code     0  fpinit.o(x$fpl$fpinit)
    __fpl_fretinf                            0x08004aeb   Thumb Code    10  fretinf.o(x$fpl$fretinf)
    __ieee_status                            0x08004af5   Thumb Code     6  istatus.o(x$fpl$ieeestatus)
    _printf_fp_dec                           0x08004afb   Thumb Code     4  printf1.o(x$fpl$printf1)
    _printf_fp_hex                           0x08004aff   Thumb Code     4  printf2.o(x$fpl$printf2)
    __fpl_return_NaN                         0x08004b03   Thumb Code   100  retnan.o(x$fpl$retnan)
    __ARM_scalbn                             0x08004b67   Thumb Code    92  scalbn.o(x$fpl$scalbn)
    _scanf_real                              0x08004bc3   Thumb Code     4  scanf1.o(x$fpl$scanf1)
    _scanf_hex_real                          0x08004bc7   Thumb Code     4  scanf2.o(x$fpl$scanf2)
    _scanf_infnan                            0x08004bcb   Thumb Code     4  scanf2.o(x$fpl$scanf2)
    __fpl_cmpreturn                          0x08004bcf   Thumb Code    48  trapv.o(x$fpl$trapveneer)
    __I$use$fp                               0x08004bfe   Number         0  usenofp.o(x$fpl$usenofp)
    Region$$Table$$Base                      0x08004dec   Number         0  anon$$obj.o(Region$$Table)
    Region$$Table$$Limit                     0x08004dfc   Number         0  anon$$obj.o(Region$$Table)
    __aeabi_HUGE_VAL                         0x08004dfc   Data           0  fpconst.o(c$$dinf)
    __aeabi_HUGE_VALL                        0x08004dfc   Data           0  fpconst.o(c$$dinf)
    __aeabi_INFINITY                         0x08004dfc   Data           0  fpconst.o(c$$dinf)
    __dInf                                   0x08004dfc   Data           0  fpconst.o(c$$dinf)
    __huge_val                               0x08004dfc   Data           0  fpconst.o(c$$dinf)
    __dbl_max                                0x08004e04   Data           0  fpconst.o(c$$dmax)
    __ctype                                  0x08004e19   Data           0  lc_ctype_c.o(locale$$data)
    Image$$ER_IROM1$$RO$$Limit               0x08004f38   Number         0  anon$$obj.o ABSOLUTE
    Image$$ER_IROM1$$RW$$Base                0x08004f38   Number         0  anon$$obj.o ABSOLUTE
    Image$$ER_IROM1$$RW$$Limit               0x08004f38   Number         0  anon$$obj.o ABSOLUTE
    Image$$ER_IROM1$$ZI$$Base                0x08004f38   Number         0  anon$$obj.o ABSOLUTE
    Image$$ER_IROM1$$ZI$$Limit               0x08004f38   Number         0  anon$$obj.o ABSOLUTE
    Load$$RW_IRAM1$$Base                     0x08004f38   Number         0  anon$$obj.o ABSOLUTE
    Image$$RW_IRAM1$$Base                    0x20000000   Number         0  anon$$obj.o ABSOLUTE
    Image$$RW_IRAM1$$Limit                   0x20000000   Number         0  anon$$obj.o ABSOLUTE
    Image$$RW_IRAM1$$RO$$Base                0x20000000   Number         0  anon$$obj.o ABSOLUTE
    Image$$RW_IRAM1$$RW$$Base                0x20000000   Number         0  anon$$obj.o ABSOLUTE
    Image$$RW_IRAM1$$RW$$Limit               0x20000000   Number         0  anon$$obj.o ABSOLUTE
    Image$$RW_IRAM1$$ZI$$Base                0x20000000   Number         0  anon$$obj.o ABSOLUTE
    __libspace_start                         0x20000000   Data          96  libspace.o(.bss)
    __stdin                                  0x20000060   Data          84  uart_printf.o(.bss.__stdin)
    __temporary_stack_top$libspace           0x20000060   Data           0  libspace.o(.bss)
    __stdout                                 0x200000b4   Data          84  uart_printf.o(.bss.__stdout)
    isAuthorized                             0x20000108   Data           4  exti.o(.bss.isAuthorized)
    isTimeoutComplete                        0x2000010c   Data           4  rtcfunctionality.o(.bss.isTimeoutComplete)
    Image$$RW_IRAM1$$ZI$$Limit               0x20000710   Number         0  anon$$obj.o ABSOLUTE



==============================================================================

Memory Map of the image

  Image Entry point : 0x08000189

  Load Region LR_IROM1 (Base: 0x08000000, Size: 0x00004f38, Max: 0x00100000, ABSOLUTE)

    Execution Region ER_IROM1 (Exec base: 0x08000000, Load base: 0x08000000, Size: 0x00004f38, Max: 0x00100000, ABSOLUTE)

    Exec Addr    Load Addr    Size         Type   Attr      Idx    E Section Name        Object

    0x08000000   0x08000000   0x00000188   Data   RO          110    RESET               startup_stm32l476xx.o
    0x08000188   0x08000188   0x00000008   Code   RO          175  * !!!main             c_w.l(__main.o)
    0x08000190   0x08000190   0x00000034   Code   RO          660    !!!scatter          c_w.l(__scatter.o)
    0x080001c4   0x080001c4   0x0000001c   Code   RO          662    !!handler_zi        c_w.l(__scatter_zi.o)
    0x080001e0   0x080001e0   0x00000000   Code   RO          266    .ARM.Collect$$_printf_percent$$00000000  c_w.l(_printf_percent.o)
    0x080001e0   0x080001e0   0x00000006   Code   RO          255    .ARM.Collect$$_printf_percent$$00000001  c_w.l(_printf_n.o)
    0x080001e6   0x080001e6   0x00000006   Code   RO          257    .ARM.Collect$$_printf_percent$$00000002  c_w.l(_printf_p.o)
    0x080001ec   0x080001ec   0x00000006   Code   RO          262    .ARM.Collect$$_printf_percent$$00000003  c_w.l(_printf_f.o)
    0x080001f2   0x080001f2   0x00000006   Code   RO          263    .ARM.Collect$$_printf_percent$$00000004  c_w.l(_printf_e.o)
    0x080001f8   0x080001f8   0x00000006   Code   RO          264    .ARM.Collect$$_printf_percent$$00000005  c_w.l(_printf_g.o)
    0x080001fe   0x080001fe   0x00000006   Code   RO          265    .ARM.Collect$$_printf_percent$$00000006  c_w.l(_printf_a.o)
    0x08000204   0x08000204   0x0000000a   Code   RO          270    .ARM.Collect$$_printf_percent$$00000007  c_w.l(_printf_ll.o)
    0x0800020e   0x0800020e   0x00000006   Code   RO          259    .ARM.Collect$$_printf_percent$$00000008  c_w.l(_printf_i.o)
    0x08000214   0x08000214   0x00000006   Code   RO          260    .ARM.Collect$$_printf_percent$$00000009  c_w.l(_printf_d.o)
    0x0800021a   0x0800021a   0x00000006   Code   RO          261    .ARM.Collect$$_printf_percent$$0000000A  c_w.l(_printf_u.o)
    0x08000220   0x08000220   0x00000006   Code   RO          258    .ARM.Collect$$_printf_percent$$0000000B  c_w.l(_printf_o.o)
    0x08000226   0x08000226   0x00000006   Code   RO          256    .ARM.Collect$$_printf_percent$$0000000C  c_w.l(_printf_x.o)
    0x0800022c   0x0800022c   0x00000006   Code   RO          267    .ARM.Collect$$_printf_percent$$0000000D  c_w.l(_printf_lli.o)
    0x08000232   0x08000232   0x00000006   Code   RO          268    .ARM.Collect$$_printf_percent$$0000000E  c_w.l(_printf_lld.o)
    0x08000238   0x08000238   0x00000006   Code   RO          269    .ARM.Collect$$_printf_percent$$0000000F  c_w.l(_printf_llu.o)
    0x0800023e   0x0800023e   0x00000006   Code   RO          274    .ARM.Collect$$_printf_percent$$00000010  c_w.l(_printf_llo.o)
    0x08000244   0x08000244   0x00000006   Code   RO          275    .ARM.Collect$$_printf_percent$$00000011  c_w.l(_printf_llx.o)
    0x0800024a   0x0800024a   0x0000000a   Code   RO          271    .ARM.Collect$$_printf_percent$$00000012  c_w.l(_printf_l.o)
    0x08000254   0x08000254   0x00000006   Code   RO          253    .ARM.Collect$$_printf_percent$$00000013  c_w.l(_printf_c.o)
    0x0800025a   0x0800025a   0x00000006   Code   RO          254    .ARM.Collect$$_printf_percent$$00000014  c_w.l(_printf_s.o)
    0x08000260   0x08000260   0x00000006   Code   RO          272    .ARM.Collect$$_printf_percent$$00000015  c_w.l(_printf_lc.o)
    0x08000266   0x08000266   0x00000006   Code   RO          273    .ARM.Collect$$_printf_percent$$00000016  c_w.l(_printf_ls.o)
    0x0800026c   0x0800026c   0x00000004   Code   RO          339    .ARM.Collect$$_printf_percent$$00000017  c_w.l(_printf_percent_end.o)
    0x08000270   0x08000270   0x00000002   Code   RO          426    .ARM.Collect$$libinit$$00000000  c_w.l(libinit.o)
    0x08000272   0x08000272   0x00000004   Code   RO          462    .ARM.Collect$$libinit$$00000001  c_w.l(libinit2.o)
    0x08000276   0x08000276   0x00000000   Code   RO          465    .ARM.Collect$$libinit$$00000004  c_w.l(libinit2.o)
    0x08000276   0x08000276   0x00000000   Code   RO          467    .ARM.Collect$$libinit$$00000006  c_w.l(libinit2.o)
    0x08000276   0x08000276   0x00000000   Code   RO          470    .ARM.Collect$$libinit$$0000000C  c_w.l(libinit2.o)
    0x08000276   0x08000276   0x00000000   Code   RO          472    .ARM.Collect$$libinit$$0000000E  c_w.l(libinit2.o)
    0x08000276   0x08000276   0x00000000   Code   RO          474    .ARM.Collect$$libinit$$00000010  c_w.l(libinit2.o)
    0x08000276   0x08000276   0x00000006   Code   RO          475    .ARM.Collect$$libinit$$00000011  c_w.l(libinit2.o)
    0x0800027c   0x0800027c   0x00000000   Code   RO          477    .ARM.Collect$$libinit$$00000013  c_w.l(libinit2.o)
    0x0800027c   0x0800027c   0x0000000c   Code   RO          478    .ARM.Collect$$libinit$$00000014  c_w.l(libinit2.o)
    0x08000288   0x08000288   0x00000000   Code   RO          479    .ARM.Collect$$libinit$$00000015  c_w.l(libinit2.o)
    0x08000288   0x08000288   0x00000000   Code   RO          481    .ARM.Collect$$libinit$$00000017  c_w.l(libinit2.o)
    0x08000288   0x08000288   0x0000000a   Code   RO          482    .ARM.Collect$$libinit$$00000018  c_w.l(libinit2.o)
    0x08000292   0x08000292   0x00000000   Code   RO          483    .ARM.Collect$$libinit$$00000019  c_w.l(libinit2.o)
    0x08000292   0x08000292   0x00000000   Code   RO          485    .ARM.Collect$$libinit$$0000001B  c_w.l(libinit2.o)
    0x08000292   0x08000292   0x00000000   Code   RO          487    .ARM.Collect$$libinit$$0000001D  c_w.l(libinit2.o)
    0x08000292   0x08000292   0x00000000   Code   RO          489    .ARM.Collect$$libinit$$0000001F  c_w.l(libinit2.o)
    0x08000292   0x08000292   0x00000000   Code   RO          491    .ARM.Collect$$libinit$$00000021  c_w.l(libinit2.o)
    0x08000292   0x08000292   0x00000000   Code   RO          493    .ARM.Collect$$libinit$$00000023  c_w.l(libinit2.o)
    0x08000292   0x08000292   0x00000000   Code   RO          495    .ARM.Collect$$libinit$$00000025  c_w.l(libinit2.o)
    0x08000292   0x08000292   0x00000000   Code   RO          497    .ARM.Collect$$libinit$$00000027  c_w.l(libinit2.o)
    0x08000292   0x08000292   0x00000000   Code   RO          501    .ARM.Collect$$libinit$$0000002E  c_w.l(libinit2.o)
    0x08000292   0x08000292   0x00000000   Code   RO          503    .ARM.Collect$$libinit$$00000030  c_w.l(libinit2.o)
    0x08000292   0x08000292   0x00000000   Code   RO          505    .ARM.Collect$$libinit$$00000032  c_w.l(libinit2.o)
    0x08000292   0x08000292   0x00000000   Code   RO          507    .ARM.Collect$$libinit$$00000034  c_w.l(libinit2.o)
    0x08000292   0x08000292   0x00000002   Code   RO          508    .ARM.Collect$$libinit$$00000035  c_w.l(libinit2.o)
    0x08000294   0x08000294   0x00000002   Code   RO          562    .ARM.Collect$$libshutdown$$00000000  c_w.l(libshutdown.o)
    0x08000296   0x08000296   0x00000000   Code   RO          595    .ARM.Collect$$libshutdown$$00000002  c_w.l(libshutdown2.o)
    0x08000296   0x08000296   0x00000000   Code   RO          597    .ARM.Collect$$libshutdown$$00000004  c_w.l(libshutdown2.o)
    0x08000296   0x08000296   0x00000000   Code   RO          600    .ARM.Collect$$libshutdown$$00000007  c_w.l(libshutdown2.o)
    0x08000296   0x08000296   0x00000000   Code   RO          603    .ARM.Collect$$libshutdown$$0000000A  c_w.l(libshutdown2.o)
    0x08000296   0x08000296   0x00000000   Code   RO          605    .ARM.Collect$$libshutdown$$0000000C  c_w.l(libshutdown2.o)
    0x08000296   0x08000296   0x00000000   Code   RO          608    .ARM.Collect$$libshutdown$$0000000F  c_w.l(libshutdown2.o)
    0x08000296   0x08000296   0x00000002   Code   RO          609    .ARM.Collect$$libshutdown$$00000010  c_w.l(libshutdown2.o)
    0x08000298   0x08000298   0x00000000   Code   RO          177    .ARM.Collect$$rtentry$$00000000  c_w.l(__rtentry.o)
    0x08000298   0x08000298   0x00000000   Code   RO          306    .ARM.Collect$$rtentry$$00000002  c_w.l(__rtentry2.o)
    0x08000298   0x08000298   0x00000006   Code   RO          318    .ARM.Collect$$rtentry$$00000004  c_w.l(__rtentry4.o)
    0x0800029e   0x0800029e   0x00000000   Code   RO          308    .ARM.Collect$$rtentry$$00000009  c_w.l(__rtentry2.o)
    0x0800029e   0x0800029e   0x00000004   Code   RO          309    .ARM.Collect$$rtentry$$0000000A  c_w.l(__rtentry2.o)
    0x080002a2   0x080002a2   0x00000000   Code   RO          311    .ARM.Collect$$rtentry$$0000000C  c_w.l(__rtentry2.o)
    0x080002a2   0x080002a2   0x00000008   Code   RO          312    .ARM.Collect$$rtentry$$0000000D  c_w.l(__rtentry2.o)
    0x080002aa   0x080002aa   0x00000002   Code   RO          450    .ARM.Collect$$rtexit$$00000000  c_w.l(rtexit.o)
    0x080002ac   0x080002ac   0x00000000   Code   RO          522    .ARM.Collect$$rtexit$$00000002  c_w.l(rtexit2.o)
    0x080002ac   0x080002ac   0x00000004   Code   RO          523    .ARM.Collect$$rtexit$$00000003  c_w.l(rtexit2.o)
    0x080002b0   0x080002b0   0x00000006   Code   RO          524    .ARM.Collect$$rtexit$$00000004  c_w.l(rtexit2.o)
    0x080002b6   0x080002b6   0x00000002   PAD
    0x080002b8   0x080002b8   0x0000008c   Code   RO          111    .text               startup_stm32l476xx.o
    0x08000344   0x08000344   0x00000018   Code   RO          165    .text               c_w.l(printf.o)
    0x0800035c   0x0800035c   0x0000002c   Code   RO          167    .text               c_w.l(sprintf.o)
    0x08000388   0x08000388   0x00000020   Code   RO          169    .text               c_w.l(scanf.o)
    0x080003a8   0x080003a8   0x0000001a   Code   RO          171    .text               c_w.l(atoi.o)
    0x080003c2   0x080003c2   0x00000006   Code   RO          173    .text               c_w.l(heapauxi.o)
    0x080003c8   0x080003c8   0x00000008   Code   RO          181    .text               c_w.l(rt_errno_addr_intlibspace.o)
    0x080003d0   0x080003d0   0x0000004e   Code   RO          185    .text               c_w.l(_printf_pad.o)
    0x0800041e   0x0800041e   0x00000024   Code   RO          187    .text               c_w.l(_printf_truncate.o)
    0x08000442   0x08000442   0x00000052   Code   RO          189    .text               c_w.l(_printf_str.o)
    0x08000494   0x08000494   0x00000078   Code   RO          191    .text               c_w.l(_printf_dec.o)
    0x0800050c   0x0800050c   0x00000028   Code   RO          193    .text               c_w.l(_printf_charcount.o)
    0x08000534   0x08000534   0x00000030   Code   RO          195    .text               c_w.l(_printf_char_common.o)
    0x08000564   0x08000564   0x0000000a   Code   RO          197    .text               c_w.l(_sputc.o)
    0x0800056e   0x0800056e   0x00000002   PAD
    0x08000570   0x08000570   0x00000024   Code   RO          199    .text               c_w.l(_printf_char_file.o)
    0x08000594   0x08000594   0x000000c2   Code   RO          201    .text               c_w.l(_printf_wctomb.o)
    0x08000656   0x08000656   0x00000002   PAD
    0x08000658   0x08000658   0x0000007c   Code   RO          204    .text               c_w.l(_printf_longlong_dec.o)
    0x080006d4   0x080006d4   0x00000070   Code   RO          210    .text               c_w.l(_printf_oct_int_ll.o)
    0x08000744   0x08000744   0x00000094   Code   RO          230    .text               c_w.l(_printf_hex_int_ll_ptr.o)
    0x080007d8   0x080007d8   0x0000018e   Code   RO          250    .text               c_w.l(__printf_flags_ss_wp.o)
    0x08000966   0x08000966   0x0000015c   Code   RO          276    .text               c_w.l(_scanf_longlong.o)
    0x08000ac2   0x08000ac2   0x00000152   Code   RO          278    .text               c_w.l(_scanf_int.o)
    0x08000c14   0x08000c14   0x000000e6   Code   RO          280    .text               c_w.l(_scanf_str.o)
    0x08000cfa   0x08000cfa   0x00000002   PAD
    0x08000cfc   0x08000cfc   0x00000018   Code   RO          282    .text               c_w.l(scanf_char_file.o)
    0x08000d14   0x08000d14   0x00000070   Code   RO          284    .text               c_w.l(strtol.o)
    0x08000d84   0x08000d84   0x0000011a   Code   RO          286    .text               c_w.l(_scanf_mbtowc.o)
    0x08000e9e   0x08000e9e   0x000000ee   Code   RO          288    .text               c_w.l(_scanf_wctomb.o)
    0x08000f8c   0x08000f8c   0x000000d6   Code   RO          290    .text               c_w.l(_scanf_wstr.o)
    0x08001062   0x08001062   0x00000002   PAD
    0x08001064   0x08001064   0x00000008   Code   RO          302    .text               c_w.l(libspace.o)
    0x0800106c   0x0800106c   0x00000010   Code   RO          320    .text               c_w.l(rt_ctype_table.o)
    0x0800107c   0x0800107c   0x0000008a   Code   RO          322    .text               c_w.l(lludiv10.o)
    0x08001106   0x08001106   0x000000b2   Code   RO          324    .text               c_w.l(_printf_intcommon.o)
    0x080011b8   0x080011b8   0x00000422   Code   RO          326    .text               c_w.l(_printf_fp_dec.o)
    0x080015da   0x080015da   0x00000002   PAD
    0x080015dc   0x080015dc   0x00000302   Code   RO          330    .text               c_w.l(_printf_fp_hex.o)
    0x080018de   0x080018de   0x0000002c   Code   RO          335    .text               c_w.l(_printf_char.o)
    0x0800190a   0x0800190a   0x0000002c   Code   RO          337    .text               c_w.l(_printf_wchar.o)
    0x08001936   0x08001936   0x0000001c   Code   RO          340    .text               c_w.l(_chval.o)
    0x08001952   0x08001952   0x00000002   PAD
    0x08001954   0x08001954   0x00000508   Code   RO          342    .text               c_w.l(scanf_fp.o)
    0x08001e5c   0x08001e5c   0x0000002c   Code   RO          346    .text               c_w.l(scanf_char.o)
    0x08001e88   0x08001e88   0x000000a4   Code   RO          348    .text               c_w.l(_strtoul.o)
    0x08001f2c   0x08001f2c   0x0000001e   Code   RO          350    .text               c_w.l(_scanf_wcharmap.o)
    0x08001f4a   0x08001f4a   0x00000048   Code   RO          352    .text               c_w.l(backspace.o)
    0x08001f92   0x08001f92   0x00000008   Code   RO          354    .text               c_w.l(ferror.o)
    0x08001f9a   0x08001f9a   0x00000040   Code   RO          360    .text               c_w.l(_mbrtoc16.o)
    0x08001fda   0x08001fda   0x00000048   Code   RO          362    .text               c_w.l(_c16rtomb.o)
    0x08002022   0x08002022   0x0000004a   Code   RO          364    .text               c_w.l(sys_stackheap_outer.o)
    0x0800206c   0x0800206c   0x00000008   Code   RO          369    .text               c_w.l(rt_locale_intlibspace.o)
    0x08002074   0x08002074   0x00000026   Code   RO          371    .text               c_w.l(llshl.o)
    0x0800209a   0x0800209a   0x00000012   Code   RO          373    .text               c_w.l(isspace.o)
    0x080020ac   0x080020ac   0x00000080   Code   RO          375    .text               c_w.l(_printf_fp_infnan.o)
    0x0800212c   0x0800212c   0x0000037a   Code   RO          377    .text               c_w.l(_scanf.o)
    0x080024a6   0x080024a6   0x00000002   PAD
    0x080024a8   0x080024a8   0x000000e4   Code   RO          379    .text               c_w.l(bigflt0.o)
    0x0800258c   0x0800258c   0x00000048   Code   RO          409    .text               c_w.l(ungetc.o)
    0x080025d4   0x080025d4   0x00000012   Code   RO          417    .text               c_w.l(exit.o)
    0x080025e6   0x080025e6   0x00000016   Code   RO          452    .text               c_w.l(_rserrno.o)
    0x080025fc   0x080025fc   0x00000326   Code   RO          454    .text               c_w.l(scanf_hexfp.o)
    0x08002922   0x08002922   0x00000002   PAD
    0x08002924   0x08002924   0x0000013a   Code   RO          456    .text               c_w.l(scanf_infnan.o)
    0x08002a5e   0x08002a5e   0x00000002   PAD
    0x08002a60   0x08002a60   0x0000007c   Code   RO          460    .text               c_w.l(strcmpv7em.o)
    0x08002adc   0x08002adc   0x0000000c   Code   RO          552    .text               c_w.l(sys_exit.o)
    0x08002ae8   0x08002ae8   0x00000002   Code   RO          585    .text               c_w.l(use_no_semi.o)
    0x08002aea   0x08002aea   0x00000000   Code   RO          587    .text               c_w.l(indicate_semi.o)
    0x08002aea   0x08002aea   0x00000002   PAD
    0x08002aec   0x08002aec   0x00000024   Code   RO           78    .text.DisableAlarmA  rtcfunctionality.o
    0x08002b10   0x08002b10   0x0000004c   Code   RO            8    .text.EXTI1_IRQHandler  exti.o
    0x08002b5c   0x08002b5c   0x00000074   Code   RO            2    .text.EXTI_Init     exti.o
    0x08002bd0   0x08002bd0   0x00000024   Code   RO           80    .text.EnableAlarmA  rtcfunctionality.o
    0x08002bf4   0x08002bf4   0x0000010e   Code   RO           58    .text.Get_RTC_Calendar  rtc.o
    0x08002d02   0x08002d02   0x00000002   PAD
    0x08002d04   0x08002d04   0x0000004a   Code   RO          142    .text.Init_USARTx   uart.o
    0x08002d4e   0x08002d4e   0x00000002   PAD
    0x08002d50   0x08002d50   0x00000058   Code   RO           70    .text.RTC_Alarm_Enable  rtcfunctionality.o
    0x08002da8   0x08002da8   0x00000034   Code   RO           76    .text.RTC_Alarm_IRQHandler  rtcfunctionality.o
    0x08002ddc   0x08002ddc   0x00000028   Code   RO           30    .text.RTC_BAK_SetRegister  rtc.o
    0x08002e04   0x08002e04   0x000000d8   Code   RO           34    .text.RTC_Clock_Init  rtc.o
    0x08002edc   0x08002edc   0x0000002a   Code   RO           52    .text.RTC_DATE_GetDay  rtc.o
    0x08002f06   0x08002f06   0x00000002   PAD
    0x08002f08   0x08002f08   0x0000002a   Code   RO           50    .text.RTC_DATE_GetMonth  rtc.o
    0x08002f32   0x08002f32   0x00000002   PAD
    0x08002f34   0x08002f34   0x0000002a   Code   RO           54    .text.RTC_DATE_GetYear  rtc.o
    0x08002f5e   0x08002f5e   0x00000002   PAD
    0x08002f60   0x08002f60   0x00000012   Code   RO           36    .text.RTC_Disable_Write_Protection  rtc.o
    0x08002f72   0x08002f72   0x00000002   PAD
    0x08002f74   0x08002f74   0x0000000e   Code   RO           42    .text.RTC_Enable_Write_Protection  rtc.o
    0x08002f82   0x08002f82   0x00000002   PAD
    0x08002f84   0x08002f84   0x00000086   Code   RO           32    .text.RTC_Init      rtc.o
    0x0800300a   0x0800300a   0x00000002   PAD
    0x0800300c   0x0800300c   0x0000009e   Code   RO           68    .text.RTC_Set_Alarm  rtcfunctionality.o
    0x080030aa   0x080030aa   0x00000002   PAD
    0x080030ac   0x080030ac   0x000000a0   Code   RO           38    .text.RTC_Set_Calendar_Date  rtc.o
    0x0800314c   0x0800314c   0x0000009e   Code   RO           40    .text.RTC_Set_Time  rtc.o
    0x080031ea   0x080031ea   0x00000002   PAD
    0x080031ec   0x080031ec   0x0000002a   Code   RO           44    .text.RTC_TIME_GetHour  rtc.o
    0x08003216   0x08003216   0x00000002   PAD
    0x08003218   0x08003218   0x0000002a   Code   RO           46    .text.RTC_TIME_GetMinute  rtc.o
    0x08003242   0x08003242   0x00000002   PAD
    0x08003244   0x08003244   0x0000002a   Code   RO           48    .text.RTC_TIME_GetSecond  rtc.o
    0x0800326e   0x0800326e   0x00000002   PAD
    0x08003270   0x08003270   0x00000010   Code   RO           92    .text.SERVO_Init    servofunctionality.o
    0x08003280   0x08003280   0x0000004a   Code   RO           90    .text.SERVO_Pin_Init  servofunctionality.o
    0x080032ca   0x080032ca   0x00000002   PAD
    0x080032cc   0x080032cc   0x0000000e   Code   RO           98    .text.Servo_Move_Center  servofunctionality.o
    0x080032da   0x080032da   0x00000002   PAD
    0x080032dc   0x080032dc   0x0000000e   Code   RO          100    .text.Servo_Move_Right_90_Degree  servofunctionality.o
    0x080032ea   0x080032ea   0x00000002   PAD
    0x080032ec   0x080032ec   0x000001d2   Code   RO          118    .text.System_Clock_Init  sysclock.o
    0x080034be   0x080034be   0x00000002   PAD
    0x080034c0   0x080034c0   0x000000b2   Code   RO           94    .text.TIM5_CH1_Init  servofunctionality.o
    0x08003572   0x08003572   0x00000002   PAD
    0x08003574   0x08003574   0x000000ba   Code   RO          130    .text.UART1_GPIO_Init  uart.o
    0x0800362e   0x0800362e   0x00000002   PAD
    0x08003630   0x08003630   0x0000002a   Code   RO          126    .text.UART1_Init    uart.o
    0x0800365a   0x0800365a   0x00000002   PAD
    0x0800365c   0x0800365c   0x000000d2   Code   RO          132    .text.UART2_GPIO_Init  uart.o
    0x0800372e   0x0800372e   0x00000002   PAD
    0x08003730   0x08003730   0x0000002a   Code   RO          128    .text.UART2_Init    uart.o
    0x0800375a   0x0800375a   0x00000002   PAD
    0x0800375c   0x0800375c   0x00000032   Code   RO          140    .text.USART_Delay   uart.o
    0x0800378e   0x0800378e   0x00000002   PAD
    0x08003790   0x08003790   0x00000060   Code   RO          134    .text.USART_Init    uart.o
    0x080037f0   0x080037f0   0x0000001e   Code   RO          136    .text.USART_Read    uart.o
    0x0800380e   0x0800380e   0x00000002   PAD
    0x08003810   0x08003810   0x00000064   Code   RO          138    .text.USART_Write   uart.o
    0x08003874   0x08003874   0x00000030   Code   RO           10    .text.__NVIC_ClearPendingIRQ  exti.o
    0x080038a4   0x080038a4   0x00000030   Code   RO            4    .text.__NVIC_EnableIRQ  exti.o
    0x080038d4   0x080038d4   0x00000030   Code   RO           72    .text.__NVIC_EnableIRQ  rtcfunctionality.o
    0x08003904   0x08003904   0x00000042   Code   RO            6    .text.__NVIC_SetPriority  exti.o
    0x08003946   0x08003946   0x00000002   PAD
    0x08003948   0x08003948   0x00000042   Code   RO           74    .text.__NVIC_SetPriority  rtcfunctionality.o
    0x0800398a   0x0800398a   0x00000002   PAD
    0x0800398c   0x0800398c   0x0000001e   Code   RO          153    .text.fgetc         uart_printf.o
    0x080039aa   0x080039aa   0x00000002   PAD
    0x080039ac   0x080039ac   0x00000026   Code   RO          151    .text.fputc         uart_printf.o
    0x080039d2   0x080039d2   0x00000002   PAD
    0x080039d4   0x080039d4   0x00000158   Code   RO           20    .text.main          main.o
    0x08003b2c   0x08003b2c   0x0000003e   Code   RO          382    CL$$btod_d2e        c_w.l(btod.o)
    0x08003b6a   0x08003b6a   0x00000046   Code   RO          384    CL$$btod_d2e_denorm_low  c_w.l(btod.o)
    0x08003bb0   0x08003bb0   0x00000060   Code   RO          383    CL$$btod_d2e_norm_op1  c_w.l(btod.o)
    0x08003c10   0x08003c10   0x00000338   Code   RO          392    CL$$btod_div_common  c_w.l(btod.o)
    0x08003f48   0x08003f48   0x00000084   Code   RO          390    CL$$btod_e2d        c_w.l(btod.o)
    0x08003fcc   0x08003fcc   0x000000dc   Code   RO          389    CL$$btod_e2e        c_w.l(btod.o)
    0x080040a8   0x080040a8   0x0000002a   Code   RO          386    CL$$btod_ediv       c_w.l(btod.o)
    0x080040d2   0x080040d2   0x0000002a   Code   RO          388    CL$$btod_edivd      c_w.l(btod.o)
    0x080040fc   0x080040fc   0x0000002a   Code   RO          385    CL$$btod_emul       c_w.l(btod.o)
    0x08004126   0x08004126   0x0000002a   Code   RO          387    CL$$btod_emuld      c_w.l(btod.o)
    0x08004150   0x08004150   0x00000244   Code   RO          391    CL$$btod_mult_common  c_w.l(btod.o)
    0x08004394   0x08004394   0x00000030   Code   RO          440    i.__ARM_fpclassify  m_wm.l(fpclassify.o)
    0x080043c4   0x080043c4   0x00000004   PAD
    0x080043c8   0x080043c8   0x000000f8   Code   RO          442    i.__hardfp___mathlib_tofloat  m_wm.l(narrow.o)
    0x080044c0   0x080044c0   0x000000d0   Code   RO          544    i.__hardfp_ldexp    m_wm.l(ldexp.o)
    0x08004590   0x08004590   0x00000020   Code   RO          571    i.__mathlib_dbl_overflow  m_wm.l(dunder.o)
    0x080045b0   0x080045b0   0x00000020   Code   RO          573    i.__mathlib_dbl_underflow  m_wm.l(dunder.o)
    0x080045d0   0x080045d0   0x00000012   Code   RO          443    i.__mathlib_narrow  m_wm.l(narrow.o)
    0x080045e2   0x080045e2   0x00000014   Code   RO          546    i.__support_ldexp   m_wm.l(ldexp.o)
    0x080045f6   0x080045f6   0x0000000e   Code   RO          243    i._is_digit         c_w.l(__printf_wp.o)
    0x08004604   0x08004604   0x00000004   PAD
    0x08004608   0x08004608   0x0000008c   Code   RO          517    i.frexp             m_wm.l(frexp.o)
    0x08004694   0x08004694   0x0000002c   Code   RO          412    locale$$code        c_w.l(lc_ctype_c.o)
    0x080046c0   0x080046c0   0x0000002c   Code   RO          415    locale$$code        c_w.l(lc_numeric_c.o)
    0x080046ec   0x080046ec   0x00000062   Code   RO          509    x$fpl$d2f           fz_wm.l(d2f.o)
    0x0800474e   0x0800474e   0x00000002   PAD
    0x08004750   0x08004750   0x00000010   Code   RO          616    x$fpl$dcheck1       fz_wm.l(dcheck1.o)
    0x08004760   0x08004760   0x00000018   Code   RO          532    x$fpl$dcmpinf       fz_wm.l(dcmpi.o)
    0x08004778   0x08004778   0x00000078   Code   RO          511    x$fpl$deqf          fz_wm.l(deqf.o)
    0x080047f0   0x080047f0   0x00000078   Code   RO          534    x$fpl$dleqf         fz_wm.l(dleqf.o)
    0x08004868   0x08004868   0x00000154   Code   RO          536    x$fpl$dmul          fz_wm.l(dmul.o)
    0x080049bc   0x080049bc   0x0000009c   Code   RO          538    x$fpl$dnaninf       fz_wm.l(dnaninf.o)
    0x08004a58   0x08004a58   0x0000000c   Code   RO          563    x$fpl$dretinf       fz_wm.l(dretinf.o)
    0x08004a64   0x08004a64   0x0000006c   Code   RO          513    x$fpl$drleqf        fz_wm.l(drleqf.o)
    0x08004ad0   0x08004ad0   0x0000001a   Code   RO          540    x$fpl$fpinit        fz_wm.l(fpinit.o)
    0x08004aea   0x08004aea   0x0000000a   Code   RO          542    x$fpl$fretinf       fz_wm.l(fretinf.o)
    0x08004af4   0x08004af4   0x00000006   Code   RO          431    x$fpl$ieeestatus    fz_wm.l(istatus.o)
    0x08004afa   0x08004afa   0x00000004   Code   RO          292    x$fpl$printf1       fz_wm.l(printf1.o)
    0x08004afe   0x08004afe   0x00000004   Code   RO          294    x$fpl$printf2       fz_wm.l(printf2.o)
    0x08004b02   0x08004b02   0x00000064   Code   RO          628    x$fpl$retnan        fz_wm.l(retnan.o)
    0x08004b66   0x08004b66   0x0000005c   Code   RO          565    x$fpl$scalbn        fz_wm.l(scalbn.o)
    0x08004bc2   0x08004bc2   0x00000004   Code   RO          300    x$fpl$scanf1        fz_wm.l(scanf1.o)
    0x08004bc6   0x08004bc6   0x00000008   Code   RO          433    x$fpl$scanf2        fz_wm.l(scanf2.o)
    0x08004bce   0x08004bce   0x00000030   Code   RO          634    x$fpl$trapveneer    fz_wm.l(trapv.o)
    0x08004bfe   0x08004bfe   0x00000000   Code   RO          439    x$fpl$usenofp       fz_wm.l(usenofp.o)
    0x08004bfe   0x08004bfe   0x00000002   PAD
    0x08004c00   0x08004c00   0x00000008   Data   RO          202    .constdata          c_w.l(_printf_wctomb.o)
    0x08004c08   0x08004c08   0x00000028   Data   RO          231    .constdata          c_w.l(_printf_hex_int_ll_ptr.o)
    0x08004c30   0x08004c30   0x00000011   Data   RO          251    .constdata          c_w.l(__printf_flags_ss_wp.o)
    0x08004c41   0x08004c41   0x00000026   Data   RO          331    .constdata          c_w.l(_printf_fp_hex.o)
    0x08004c67   0x08004c67   0x00000001   PAD
    0x08004c68   0x08004c68   0x00000094   Data   RO          380    .constdata          c_w.l(bigflt0.o)
    0x08004cfc   0x08004cfc   0x000000d1   Data   RO           22    .rodata.str1.1      main.o
    0x08004dcd   0x08004dcd   0x0000001e   Data   RO           60    .rodata.str1.1      rtc.o
    0x08004deb   0x08004deb   0x00000001   PAD
    0x08004dec   0x08004dec   0x00000010   Data   RO          659    Region$$Table       anon$$obj.o
    0x08004dfc   0x08004dfc   0x00000008   Data   RO          427    c$$dinf             fz_wm.l(fpconst.o)
    0x08004e04   0x08004e04   0x00000008   Data   RO          430    c$$dmax             fz_wm.l(fpconst.o)
    0x08004e0c   0x08004e0c   0x00000110   Data   RO          411    locale$$data        c_w.l(lc_ctype_c.o)
    0x08004f1c   0x08004f1c   0x0000001c   Data   RO          414    locale$$data        c_w.l(lc_numeric_c.o)


    Execution Region RW_IRAM1 (Exec base: 0x20000000, Load base: 0x08004f38, Size: 0x00000710, Max: 0x00018000, ABSOLUTE)

    Exec Addr    Load Addr    Size         Type   Attr      Idx    E Section Name        Object

    0x20000000        -       0x00000060   Zero   RW          303    .bss                c_w.l(libspace.o)
    0x20000060        -       0x00000054   Zero   RW          156    .bss.__stdin        uart_printf.o
    0x200000b4        -       0x00000054   Zero   RW          155    .bss.__stdout       uart_printf.o
    0x20000108        -       0x00000004   Zero   RW           12    .bss.isAuthorized   exti.o
    0x2000010c        -       0x00000004   Zero   RW           82    .bss.isTimeoutComplete  rtcfunctionality.o
    0x20000110        -       0x00000200   Zero   RW          109    HEAP                startup_stm32l476xx.o
    0x20000310        -       0x00000400   Zero   RW          108    STACK               startup_stm32l476xx.o


==============================================================================

Image component sizes


      Code (inc. data)   RO Data    RW Data    ZI Data      Debug   Object Name

       354          0          0          0          4       5684   exti.o
       344          0        209          0          0        901   main.o
      1262          0         30          0          0       5998   rtc.o
       484          0          0          0          4       5866   rtcfunctionality.o
       296          0          0          0          0       2692   servofunctionality.o
       140         48        392          0       1536        884   startup_stm32l476xx.o
       466          0          0          0          0       2098   sysclock.o
       830          0          0          0          0       3283   uart.o
        68          0          0          0        168       1550   uart_printf.o

    ----------------------------------------------------------------------
      4300         48        648          0       1712      28956   Object Totals
         0          0         16          0          0          0   (incl. Generated)
        56          0          1          0          0          0   (incl. Padding)

    ----------------------------------------------------------------------

      Code (inc. data)   RO Data    RW Data    ZI Data      Debug   Library Member Name

         8          0          0          0          0         68   __main.o
       398          4         17          0          0         92   __printf_flags_ss_wp.o
        14          0          0          0          0         68   __printf_wp.o
         0          0          0          0          0          0   __rtentry.o
        12          0          0          0          0          0   __rtentry2.o
         6          0          0          0          0          0   __rtentry4.o
        52          8          0          0          0          0   __scatter.o
        28          0          0          0          0          0   __scatter_zi.o
        72          0          0          0          0         96   _c16rtomb.o
        28          0          0          0          0         68   _chval.o
        64          0          0          0          0         84   _mbrtoc16.o
         6          0          0          0          0          0   _printf_a.o
         6          0          0          0          0          0   _printf_c.o
        44          0          0          0          0        108   _printf_char.o
        48          6          0          0          0         96   _printf_char_common.o
        36          4          0          0          0         80   _printf_char_file.o
        40          0          0          0          0         68   _printf_charcount.o
         6          0          0          0          0          0   _printf_d.o
       120         16          0          0          0         92   _printf_dec.o
         6          0          0          0          0          0   _printf_e.o
         6          0          0          0          0          0   _printf_f.o
      1058          0          0          0          0        148   _printf_fp_dec.o
       770          8         38          0          0        100   _printf_fp_hex.o
       128         16          0          0          0         84   _printf_fp_infnan.o
         6          0          0          0          0          0   _printf_g.o
       148          4         40          0          0        160   _printf_hex_int_ll_ptr.o
         6          0          0          0          0          0   _printf_i.o
       178          0          0          0          0         88   _printf_intcommon.o
        10          0          0          0          0          0   _printf_l.o
         6          0          0          0          0          0   _printf_lc.o
        10          0          0          0          0          0   _printf_ll.o
         6          0          0          0          0          0   _printf_lld.o
         6          0          0          0          0          0   _printf_lli.o
         6          0          0          0          0          0   _printf_llo.o
         6          0          0          0          0          0   _printf_llu.o
         6          0          0          0          0          0   _printf_llx.o
       124         16          0          0          0         92   _printf_longlong_dec.o
         6          0          0          0          0          0   _printf_ls.o
         6          0          0          0          0          0   _printf_n.o
         6          0          0          0          0          0   _printf_o.o
       112          8          0          0          0        124   _printf_oct_int_ll.o
         6          0          0          0          0          0   _printf_p.o
        78          0          0          0          0        108   _printf_pad.o
         0          0          0          0          0          0   _printf_percent.o
         4          0          0          0          0          0   _printf_percent_end.o
         6          0          0          0          0          0   _printf_s.o
        82          0          0          0          0         80   _printf_str.o
        36          0          0          0          0         84   _printf_truncate.o
         6          0          0          0          0          0   _printf_u.o
        44          0          0          0          0        108   _printf_wchar.o
       194          6          8          0          0         92   _printf_wctomb.o
         6          0          0          0          0          0   _printf_x.o
        22          0          0          0          0        100   _rserrno.o
       890          6          0          0          0        100   _scanf.o
       338          0          0          0          0         96   _scanf_int.o
       348          0          0          0          0        100   _scanf_longlong.o
       282          0          0          0          0        100   _scanf_mbtowc.o
       230          0          0          0          0         96   _scanf_str.o
        30          0          0          0          0         76   _scanf_wcharmap.o
       238          0          0          0          0        100   _scanf_wctomb.o
       214          0          0          0          0         96   _scanf_wstr.o
        10          0          0          0          0         68   _sputc.o
       164          0          0          0          0         92   _strtoul.o
        26          0          0          0          0         80   atoi.o
        72          0          0          0          0         92   backspace.o
       228          4        148          0          0         96   bigflt0.o
      2152        136          0          0          0        956   btod.o
        18          0          0          0          0         80   exit.o
         8          0          0          0          0         68   ferror.o
         6          0          0          0          0        152   heapauxi.o
         0          0          0          0          0          0   indicate_semi.o
        18          0          0          0          0         76   isspace.o
        44         10        272          0          0         76   lc_ctype_c.o
        44         10         28          0          0         76   lc_numeric_c.o
         2          0          0          0          0          0   libinit.o
        34          0          0          0          0          0   libinit2.o
         2          0          0          0          0          0   libshutdown.o
         2          0          0          0          0          0   libshutdown2.o
         8          4          0          0         96         68   libspace.o
        38          0          0          0          0         68   llshl.o
       138          0          0          0          0         80   lludiv10.o
        24          4          0          0          0         84   printf.o
        16          4          0          0          0         76   rt_ctype_table.o
         8          4          0          0          0         68   rt_errno_addr_intlibspace.o
         8          4          0          0          0         68   rt_locale_intlibspace.o
         2          0          0          0          0          0   rtexit.o
        10          0          0          0          0          0   rtexit2.o
        32          6          0          0          0         84   scanf.o
        44          8          0          0          0         84   scanf_char.o
        24          8          0          0          0         68   scanf_char_file.o
      1288         16          0          0          0        168   scanf_fp.o
       806         14          0          0          0        100   scanf_hexfp.o
       314         16          0          0          0        100   scanf_infnan.o
        44          6          0          0          0         84   sprintf.o
       124          0          0          0          0         88   strcmpv7em.o
       112          0          0          0          0         88   strtol.o
        12          4          0          0          0         68   sys_exit.o
        74          0          0          0          0         80   sys_stackheap_outer.o
        72         12          0          0          0         68   ungetc.o
         2          0          0          0          0         68   use_no_semi.o
        98          4          0          0          0        140   d2f.o
        16          4          0          0          0        116   dcheck1.o
        24          0          0          0          0        116   dcmpi.o
       120          4          0          0          0        140   deqf.o
       120          4          0          0          0        140   dleqf.o
       340         12          0          0          0        152   dmul.o
       156          4          0          0          0        140   dnaninf.o
        12          0          0          0          0        116   dretinf.o
       108          0          0          0          0        128   drleqf.o
         0          0         16          0          0          0   fpconst.o
        26          0          0          0          0        116   fpinit.o
        10          0          0          0          0        116   fretinf.o
         6          0          0          0          0        116   istatus.o
         4          0          0          0          0        116   printf1.o
         4          0          0          0          0        116   printf2.o
       100          0          0          0          0        116   retnan.o
        92          0          0          0          0        116   scalbn.o
         4          0          0          0          0        116   scanf1.o
         8          0          0          0          0        132   scanf2.o
        48          0          0          0          0        116   trapv.o
         0          0          0          0          0          0   usenofp.o
        64         16          0          0          0        248   dunder.o
        48          0          0          0          0        124   fpclassify.o
       140         22          0          0          0        132   frexp.o
       228          8          0          0          0        308   ldexp.o
       266         16          0          0          0        308   narrow.o

    ----------------------------------------------------------------------
     14764        466        568          0         96      10108   Library Totals
        34          0          1          0          0          0   (incl. Padding)

    ----------------------------------------------------------------------

      Code (inc. data)   RO Data    RW Data    ZI Data      Debug   Library Name

     12688        372        551          0         96       6624   c_w.l
      1296         32         16          0          0       2364   fz_wm.l
       746         62          0          0          0       1120   m_wm.l

    ----------------------------------------------------------------------
     14764        466        568          0         96      10108   Library Totals

    ----------------------------------------------------------------------

==============================================================================


      Code (inc. data)   RO Data    RW Data    ZI Data      Debug   

     19064        514       1216          0       1808      32716   Grand Totals
     19064        514       1216          0       1808      32716   ELF Image Totals
     19064        514       1216          0          0          0   ROM Totals

==============================================================================

    Total RO  Size (Code + RO Data)                20280 (  19.80kB)
    Total RW  Size (RW Data + ZI Data)              1808 (   1.77kB)
    Total ROM Size (Code + RO Data + RW Data)      20280 (  19.80kB)

==============================================================================

